******************************************************************************
             TMS320C2000 Linker PC v6.1.0                      
******************************************************************************
>> Linked Sat Feb 02 14:47:35 2013

OUTPUT FILE NAME:   <D:/Firmware/sam3s-demo-source/trunk/ sam3s-demo-source --username kaiser.ren@gmail.com/DSP2802x/v126/DSP2802x_examples/i2c_eeprom/Example_2802xI2C_eeprom/../../../DSP2802x_examples/i2c_eeprom/Debug/Example_2802xI2C_eeprom.out>
ENTRY POINT SYMBOL: "code_start"  address: 00000000


MEMORY CONFIGURATION

         name            origin    length      used     unused   attr    fill
----------------------  --------  ---------  --------  --------  ----  --------
PAGE 0:
  BEGIN                 00000000   00000002  00000002  00000000  RWIX
  RAMM0                 00000050   000003b0  00000047  00000369  RWIX
  PRAML0                00008000   00000fff  0000067d  00000982  RWIX
  IQTABLES              003fe000   00000b50  00000000  00000b50  RWIX
  IQTABLES2             003feb50   0000008c  00000000  0000008c  RWIX
  IQTABLES3             003febdc   000000aa  00000000  000000aa  RWIX
  BOOTROM               003ff27c   00000d44  00000000  00000d44  RWIX
  RESET                 003fffc0   00000002  00000000  00000002  RWIX

PAGE 1:
  BOOT_RSVD             00000002   0000004e  00000000  0000004e  RWIX
  RAMM1                 00000400   00000400  00000300  00000100  RWIX
  DEV_EMU               00000880   00000105  00000004  00000101  RWIX
  SYS_PWR_CTL           00000985   00000003  00000003  00000000  RWIX
  FLASH_REGS            00000a80   00000060  00000008  00000058  RWIX
  CSM                   00000ae0   00000010  00000010  00000000  RWIX
  ADC_RESULT            00000b00   00000020  00000020  00000000  RWIX
  CPU_TIMER0            00000c00   00000008  00000008  00000000  RWIX
  CPU_TIMER1            00000c08   00000008  00000008  00000000  RWIX
  CPU_TIMER2            00000c10   00000008  00000008  00000000  RWIX
  PIE_CTRL              00000ce0   00000020  0000001a  00000006  RWIX
  PIE_VECT              00000d00   00000100  00000100  00000000  RWIX
  COMP1                 00006400   00000020  00000011  0000000f  RWIX
  COMP2                 00006420   00000020  00000011  0000000f  RWIX
  EPWM1                 00006800   00000040  0000003a  00000006  RWIX
  EPWM2                 00006840   00000040  0000003a  00000006  RWIX
  EPWM3                 00006880   00000040  0000003a  00000006  RWIX
  EPWM4                 000068c0   00000040  0000003a  00000006  RWIX
  ECAP1                 00006a00   00000020  00000020  00000000  RWIX
  GPIOCTRL              00006f80   00000040  00000040  00000000  RWIX
  GPIODAT               00006fc0   00000020  00000020  00000000  RWIX
  GPIOINT               00006fe0   00000020  0000000a  00000016  RWIX
  SYSTEM                00007010   00000020  0000001f  00000001  RWIX
  SPIA                  00007040   00000010  00000010  00000000  RWIX
  SCIA                  00007050   00000010  00000010  00000000  RWIX
  NMIINTRUPT            00007060   00000010  00000010  00000000  RWIX
  XINTRUPT              00007070   00000010  00000010  00000000  RWIX
  ADC                   00007100   00000080  00000050  00000030  RWIX
  I2CA                  00007900   00000040  00000022  0000001e  RWIX
  DRAML0                00008900   00000700  00000158  000005a8  RWIX
  PARTID                003d7fff   00000001  00000001  00000000  RWIX
  CSM_PWL               003f7ff8   00000008  00000008  00000000  RWIX


SECTION ALLOCATION MAP

 output                                  attributes/
section   page    origin      length       input sections
--------  ----  ----------  ----------   ----------------
codestart 
*          0    00000000    00000002     
                  00000000    00000002     DSP2802x_CodeStartBranch.obj (codestart)

.pinit     0    00000050    00000000     UNINITIALIZED

.cinit     0    00000050    00000028     
                  00000050    00000012     ad5933.obj (.cinit)
                  00000062    0000000a     rts2800_ml.lib : _lock.obj (.cinit)
                  0000006c    0000000a                    : exit.obj (.cinit)
                  00000076    00000002     --HOLE-- [fill = 0]

ramfuncs   0    00000078    0000001f     
                  00000078    0000001b     DSP2802x_SysCtrl.obj (ramfuncs)
                  00000093    00000004     DSP2802x_usDelay.obj (ramfuncs)

.text      0    00008000    0000067d     
                  00008000    0000012b     DSP2802x_SysCtrl.obj (.text)
                  0000812b    000000ff     DSP2802x_DefaultIsr.obj (.text:retain)
                  0000822a    000000d8     ad5933.obj (.text)
                  00008302    000000b5     main.obj (.text)
                  000083b7    00000077     ad5933.obj (.text:retain)
                  0000842e    00000075     DSP2802x_CpuTimers.obj (.text)
                  000084a3    0000005a     rts2800_ml.lib : fs_mpy.obj (.text)
                  000084fd    00000044                    : boot.obj (.text)
                  00008541    0000003f     com.obj (.text)
                  00008580    00000029     rts2800_ml.lib : fs_tol.obj (.text)
                  000085a9    00000028     DSP2802x_PieCtrl.obj (.text)
                  000085d1    00000025     DSP2802x_PieVect.obj (.text)
                  000085f6    0000001a     DSP2802x_Sci.obj (.text)
                  00008610    00000019     rts2800_ml.lib : args_main.obj (.text)
                  00008629    00000019                    : exit.obj (.text)
                  00008642    00000017     DSP2802x_I2C.obj (.text)
                  00008659    00000013     DSP2802x_Gpio.obj (.text)
                  0000866c    00000009     rts2800_ml.lib : _lock.obj (.text)
                  00008675    00000008     DSP2802x_CodeStartBranch.obj (.text)

.reset     0    003fffc0    00000002     DSECT
                  003fffc0    00000002     rts2800_ml.lib : boot.obj (.reset)

.stack     1    00000400    00000300     UNINITIALIZED
                  00000400    00000300     --HOLE--

DevEmuRegsFile 
*          1    00000880    00000004     UNINITIALIZED
                  00000880    00000004     DSP2802x_GlobalVariableDefs.obj (DevEmuRegsFile)

SysPwrCtrlRegsFile 
*          1    00000985    00000003     UNINITIALIZED
                  00000985    00000003     DSP2802x_GlobalVariableDefs.obj (SysPwrCtrlRegsFile)

FlashRegsFile 
*          1    00000a80    00000008     UNINITIALIZED
                  00000a80    00000008     DSP2802x_GlobalVariableDefs.obj (FlashRegsFile)

CsmRegsFile 
*          1    00000ae0    00000010     UNINITIALIZED
                  00000ae0    00000010     DSP2802x_GlobalVariableDefs.obj (CsmRegsFile)

AdcResultFile 
*          1    00000b00    00000020     UNINITIALIZED
                  00000b00    00000020     DSP2802x_GlobalVariableDefs.obj (AdcResultFile)

CpuTimer0RegsFile 
*          1    00000c00    00000008     UNINITIALIZED
                  00000c00    00000008     DSP2802x_GlobalVariableDefs.obj (CpuTimer0RegsFile)

CpuTimer1RegsFile 
*          1    00000c08    00000008     UNINITIALIZED
                  00000c08    00000008     DSP2802x_GlobalVariableDefs.obj (CpuTimer1RegsFile)

CpuTimer2RegsFile 
*          1    00000c10    00000008     UNINITIALIZED
                  00000c10    00000008     DSP2802x_GlobalVariableDefs.obj (CpuTimer2RegsFile)

PieCtrlRegsFile 
*          1    00000ce0    0000001a     UNINITIALIZED
                  00000ce0    0000001a     DSP2802x_GlobalVariableDefs.obj (PieCtrlRegsFile)

PieVectTableFile 
*          1    00000d00    00000100     UNINITIALIZED
                  00000d00    00000100     DSP2802x_GlobalVariableDefs.obj (PieVectTableFile)

EmuKeyVar 
*          1    00000d00    00000001     UNINITIALIZED
                  00000d00    00000001     DSP2802x_GlobalVariableDefs.obj (EmuKeyVar)

EmuBModeVar 
*          1    00000d01    00000001     UNINITIALIZED
                  00000d01    00000001     DSP2802x_GlobalVariableDefs.obj (EmuBModeVar)

FlashCallbackVar 
*          1    00000d02    00000002     UNINITIALIZED
                  00000d02    00000002     DSP2802x_GlobalVariableDefs.obj (FlashCallbackVar)

FlashScalingVar 
*          1    00000d04    00000002     UNINITIALIZED
                  00000d04    00000002     DSP2802x_GlobalVariableDefs.obj (FlashScalingVar)

Comp1RegsFile 
*          1    00006400    00000011     UNINITIALIZED
                  00006400    00000011     DSP2802x_GlobalVariableDefs.obj (Comp1RegsFile)

Comp2RegsFile 
*          1    00006420    00000011     UNINITIALIZED
                  00006420    00000011     DSP2802x_GlobalVariableDefs.obj (Comp2RegsFile)

EPwm1RegsFile 
*          1    00006800    0000003a     UNINITIALIZED
                  00006800    0000003a     DSP2802x_GlobalVariableDefs.obj (EPwm1RegsFile)

EPwm2RegsFile 
*          1    00006840    0000003a     UNINITIALIZED
                  00006840    0000003a     DSP2802x_GlobalVariableDefs.obj (EPwm2RegsFile)

EPwm3RegsFile 
*          1    00006880    0000003a     UNINITIALIZED
                  00006880    0000003a     DSP2802x_GlobalVariableDefs.obj (EPwm3RegsFile)

EPwm4RegsFile 
*          1    000068c0    0000003a     UNINITIALIZED
                  000068c0    0000003a     DSP2802x_GlobalVariableDefs.obj (EPwm4RegsFile)

ECap1RegsFile 
*          1    00006a00    00000020     UNINITIALIZED
                  00006a00    00000020     DSP2802x_GlobalVariableDefs.obj (ECap1RegsFile)

GpioCtrlRegsFile 
*          1    00006f80    00000040     UNINITIALIZED
                  00006f80    00000040     DSP2802x_GlobalVariableDefs.obj (GpioCtrlRegsFile)

GpioDataRegsFile 
*          1    00006fc0    00000020     UNINITIALIZED
                  00006fc0    00000020     DSP2802x_GlobalVariableDefs.obj (GpioDataRegsFile)

GpioIntRegsFile 
*          1    00006fe0    0000000a     UNINITIALIZED
                  00006fe0    0000000a     DSP2802x_GlobalVariableDefs.obj (GpioIntRegsFile)

SysCtrlRegsFile 
*          1    00007010    0000001f     UNINITIALIZED
                  00007010    0000001f     DSP2802x_GlobalVariableDefs.obj (SysCtrlRegsFile)

SpiaRegsFile 
*          1    00007040    00000010     UNINITIALIZED
                  00007040    00000010     DSP2802x_GlobalVariableDefs.obj (SpiaRegsFile)

SciaRegsFile 
*          1    00007050    00000010     UNINITIALIZED
                  00007050    00000010     DSP2802x_GlobalVariableDefs.obj (SciaRegsFile)

NmiIntruptRegsFile 
*          1    00007060    00000010     UNINITIALIZED
                  00007060    00000010     DSP2802x_GlobalVariableDefs.obj (NmiIntruptRegsFile)

XIntruptRegsFile 
*          1    00007070    00000010     UNINITIALIZED
                  00007070    00000010     DSP2802x_GlobalVariableDefs.obj (XIntruptRegsFile)

AdcRegsFile 
*          1    00007100    00000050     UNINITIALIZED
                  00007100    00000050     DSP2802x_GlobalVariableDefs.obj (AdcRegsFile)

I2caRegsFile 
*          1    00007900    00000022     UNINITIALIZED
                  00007900    00000022     DSP2802x_GlobalVariableDefs.obj (I2caRegsFile)

.econst    1    00008900    00000100     
                  00008900    00000100     DSP2802x_PieVect.obj (.econst)

.ebss      1    00008a00    00000058     UNINITIALIZED
                  00008a00    0000002c     ad5933.obj (.ebss)
                  00008a2c    00000004     rts2800_ml.lib : _lock.obj (.ebss)
                  00008a30    00000004                    : exit.obj (.ebss)
                  00008a34    0000000c     --HOLE--
                  00008a40    00000018     DSP2802x_CpuTimers.obj (.ebss)

PartIdRegsFile 
*          1    003d7fff    00000001     UNINITIALIZED
                  003d7fff    00000001     DSP2802x_GlobalVariableDefs.obj (PartIdRegsFile)

CsmPwlFile 
*          1    003f7ff8    00000008     UNINITIALIZED
                  003f7ff8    00000008     DSP2802x_GlobalVariableDefs.obj (CsmPwlFile)


GLOBAL SYMBOLS: SORTED ALPHABETICALLY BY Name 

address    name
--------   ----
00008000   .text
00008629   C$$EXIT
000084a3   FS$$MPY
00008580   FS$$TOL
0000818a   _ADCINT1_ISR
0000818f   _ADCINT2_ISR
000081f8   _ADCINT3_ISR
000081fd   _ADCINT4_ISR
00008202   _ADCINT5_ISR
00008207   _ADCINT6_ISR
0000820c   _ADCINT7_ISR
00008211   _ADCINT8_ISR
0000819e   _ADCINT9_ISR
00007100   _AdcRegs
00000b00   _AdcResult
00006400   _Comp1Regs
00006420   _Comp2Regs
0000846f   _ConfigCpuTimer
00008a50   _CpuTimer0
00000c00   _CpuTimer0Regs
00008a40   _CpuTimer1
00000c08   _CpuTimer1Regs
00008a48   _CpuTimer2
00000c10   _CpuTimer2Regs
003f7ff8   _CsmPwl
00000ae0   _CsmRegs
000080ae   _CsmUnlock
00008a02   _CurrentMsgPtr
00008135   _DATALOG_ISR
00000093   _DSP28x_usDelay
00000880   _DevEmuRegs
00008024   _DisableDog
000081d5   _ECAP1_INT_ISR
00006a00   _ECap1Regs
0000821b   _EMPTY_ISR
0000813f   _EMUINT_ISR
000081c1   _EPWM1_INT_ISR
000081ad   _EPWM1_TZINT_ISR
000081c6   _EPWM2_INT_ISR
000081b2   _EPWM2_TZINT_ISR
000081cb   _EPWM3_INT_ISR
000081b7   _EPWM3_TZINT_ISR
000081d0   _EPWM4_INT_ISR
000081bc   _EPWM4_TZINT_ISR
00006800   _EPwm1Regs
00006840   _EPwm2Regs
00006880   _EPwm3Regs
000068c0   _EPwm4Regs
00000d01   _EmuBMode
00000d00   _EmuKey
000085c8   _EnableInterrupts
00008115   _ExtOscSel
00008a00   _FailCount
00000a80   _FlashRegs
00000d04   _Flash_CPUScaleFactor
00000d02   _Flash_CallbackPtr
00006f80   _GpioCtrlRegs
00006fc0   _GpioDataRegs
00006fe0   _GpioIntRegs
00008291   _I2CA_Init
000082d0   _I2CA_ReadData
000082a4   _I2CA_WriteData
000081e4   _I2CINT1A_ISR
000081e9   _I2CINT2A_ISR
00008a18   _I2cMsgIn1
00008a04   _I2cMsgOut1
00007900   _I2caRegs
00008149   _ILLEGAL_ISR
0000812b   _INT13_ISR
00008130   _INT14_ISR
0000842e   _InitCpuTimers
00000078   _InitFlash
00008659   _InitGpio
00008642   _InitI2C
00008643   _InitI2CGpio
0000807c   _InitPeripheralClocks
000085a9   _InitPieCtrl
000085d1   _InitPieVectTable
0000802c   _InitPll
000085f6   _InitSci
000085f7   _InitSciGpio
000085fa   _InitSciaGpio
00008000   _InitSysCtrl
000080df   _IntOsc1Sel
000080ef   _IntOsc2Sel
00008144   _NMI_ISR
00007060   _NmiIntruptRegs
00008220   _PIE_RESERVED
003d7fff   _PartIdRegs
00008a01   _PassCount
00000ce0   _PieCtrlRegs
00000d00   _PieVectTable
00008900   _PieVectTableInit
0000813a   _RTOSINT_ISR
000081ee   _SCIRXINTA_ISR
000081f3   _SCITXINTA_ISR
000081da   _SPIRXINTA_ISR
000081df   _SPITXINTA_ISR
00007050   _SciaRegs
0000801a   _ServiceDog
00007040   _SpiaRegs
00007010   _SysCtrlRegs
00000985   _SysPwrCtrlRegs
000081a3   _TINT0_ISR
0000817b   _USER10_ISR
00008180   _USER11_ISR
00008185   _USER12_ISR
0000814e   _USER1_ISR
00008153   _USER2_ISR
00008158   _USER3_ISR
0000815d   _USER4_ISR
00008162   _USER5_ISR
00008167   _USER6_ISR
0000816c   _USER7_ISR
00008171   _USER8_ISR
00008176   _USER9_ISR
000081a8   _WAKEINT_ISR
00008194   _XINT1_ISR
00008199   _XINT2_ISR
00008216   _XINT3_ISR
00007070   _XIntruptRegs
00008101   _XtalOscSel
00000700   __STACK_END
00000300   __STACK_SIZE
00000001   __TI_args_main
ffffffff   ___binit__
ffffffff   ___c_args__
00000050   ___cinit__
0000867d   ___etext__
ffffffff   ___pinit__
00008000   ___text__
00008610   __args_main
00008a30   __cleanup_ptr
00008a32   __dtors_ptr
00008a2e   __lock
00008674   __nop
00008670   __register_lock
0000866c   __register_unlock
00000400   __stack
00008a2c   __unlock
00008629   _abort
0000822a   _ad5933_init
0000826c   _ad5933_mode
0000827c   _ad5993_status
000083ab   _button_init
000084fd   _c_int00
0000862b   _exit
000083b7   _i2c_int1a_isr
0000835d   _led_init
0000838f   _led_off
00008373   _led_on
00008302   _main
00008225   _rsvd_ISR
00008549   _scia_echoback_init
00008541   _scia_fifo_init
0000856b   _scia_msg
0000855f   _scia_xmit
ffffffff   binit
00000050   cinit
00000000   code_start
0000867d   etext
ffffffff   pinit


GLOBAL SYMBOLS: SORTED BY Symbol Address 

address    name
--------   ----
00000000   code_start
00000001   __TI_args_main
00000050   ___cinit__
00000050   cinit
00000078   _InitFlash
00000093   _DSP28x_usDelay
00000300   __STACK_SIZE
00000400   __stack
00000700   __STACK_END
00000880   _DevEmuRegs
00000985   _SysPwrCtrlRegs
00000a80   _FlashRegs
00000ae0   _CsmRegs
00000b00   _AdcResult
00000c00   _CpuTimer0Regs
00000c08   _CpuTimer1Regs
00000c10   _CpuTimer2Regs
00000ce0   _PieCtrlRegs
00000d00   _EmuKey
00000d00   _PieVectTable
00000d01   _EmuBMode
00000d02   _Flash_CallbackPtr
00000d04   _Flash_CPUScaleFactor
00006400   _Comp1Regs
00006420   _Comp2Regs
00006800   _EPwm1Regs
00006840   _EPwm2Regs
00006880   _EPwm3Regs
000068c0   _EPwm4Regs
00006a00   _ECap1Regs
00006f80   _GpioCtrlRegs
00006fc0   _GpioDataRegs
00006fe0   _GpioIntRegs
00007010   _SysCtrlRegs
00007040   _SpiaRegs
00007050   _SciaRegs
00007060   _NmiIntruptRegs
00007070   _XIntruptRegs
00007100   _AdcRegs
00007900   _I2caRegs
00008000   .text
00008000   _InitSysCtrl
00008000   ___text__
0000801a   _ServiceDog
00008024   _DisableDog
0000802c   _InitPll
0000807c   _InitPeripheralClocks
000080ae   _CsmUnlock
000080df   _IntOsc1Sel
000080ef   _IntOsc2Sel
00008101   _XtalOscSel
00008115   _ExtOscSel
0000812b   _INT13_ISR
00008130   _INT14_ISR
00008135   _DATALOG_ISR
0000813a   _RTOSINT_ISR
0000813f   _EMUINT_ISR
00008144   _NMI_ISR
00008149   _ILLEGAL_ISR
0000814e   _USER1_ISR
00008153   _USER2_ISR
00008158   _USER3_ISR
0000815d   _USER4_ISR
00008162   _USER5_ISR
00008167   _USER6_ISR
0000816c   _USER7_ISR
00008171   _USER8_ISR
00008176   _USER9_ISR
0000817b   _USER10_ISR
00008180   _USER11_ISR
00008185   _USER12_ISR
0000818a   _ADCINT1_ISR
0000818f   _ADCINT2_ISR
00008194   _XINT1_ISR
00008199   _XINT2_ISR
0000819e   _ADCINT9_ISR
000081a3   _TINT0_ISR
000081a8   _WAKEINT_ISR
000081ad   _EPWM1_TZINT_ISR
000081b2   _EPWM2_TZINT_ISR
000081b7   _EPWM3_TZINT_ISR
000081bc   _EPWM4_TZINT_ISR
000081c1   _EPWM1_INT_ISR
000081c6   _EPWM2_INT_ISR
000081cb   _EPWM3_INT_ISR
000081d0   _EPWM4_INT_ISR
000081d5   _ECAP1_INT_ISR
000081da   _SPIRXINTA_ISR
000081df   _SPITXINTA_ISR
000081e4   _I2CINT1A_ISR
000081e9   _I2CINT2A_ISR
000081ee   _SCIRXINTA_ISR
000081f3   _SCITXINTA_ISR
000081f8   _ADCINT3_ISR
000081fd   _ADCINT4_ISR
00008202   _ADCINT5_ISR
00008207   _ADCINT6_ISR
0000820c   _ADCINT7_ISR
00008211   _ADCINT8_ISR
00008216   _XINT3_ISR
0000821b   _EMPTY_ISR
00008220   _PIE_RESERVED
00008225   _rsvd_ISR
0000822a   _ad5933_init
0000826c   _ad5933_mode
0000827c   _ad5993_status
00008291   _I2CA_Init
000082a4   _I2CA_WriteData
000082d0   _I2CA_ReadData
00008302   _main
0000835d   _led_init
00008373   _led_on
0000838f   _led_off
000083ab   _button_init
000083b7   _i2c_int1a_isr
0000842e   _InitCpuTimers
0000846f   _ConfigCpuTimer
000084a3   FS$$MPY
000084fd   _c_int00
00008541   _scia_fifo_init
00008549   _scia_echoback_init
0000855f   _scia_xmit
0000856b   _scia_msg
00008580   FS$$TOL
000085a9   _InitPieCtrl
000085c8   _EnableInterrupts
000085d1   _InitPieVectTable
000085f6   _InitSci
000085f7   _InitSciGpio
000085fa   _InitSciaGpio
00008610   __args_main
00008629   C$$EXIT
00008629   _abort
0000862b   _exit
00008642   _InitI2C
00008643   _InitI2CGpio
00008659   _InitGpio
0000866c   __register_unlock
00008670   __register_lock
00008674   __nop
0000867d   ___etext__
0000867d   etext
00008900   _PieVectTableInit
00008a00   _FailCount
00008a01   _PassCount
00008a02   _CurrentMsgPtr
00008a04   _I2cMsgOut1
00008a18   _I2cMsgIn1
00008a2c   __unlock
00008a2e   __lock
00008a30   __cleanup_ptr
00008a32   __dtors_ptr
00008a40   _CpuTimer1
00008a48   _CpuTimer2
00008a50   _CpuTimer0
003d7fff   _PartIdRegs
003f7ff8   _CsmPwl
ffffffff   ___binit__
ffffffff   ___c_args__
ffffffff   ___pinit__
ffffffff   binit
ffffffff   pinit

[162 symbols]
