******************************************************************************
             TMS320C2000 Linker PC v6.1.0                      
******************************************************************************
>> Linked Mon Feb 25 14:43:28 2013

OUTPUT FILE NAME:   <D:/Firmware/sam3s-demo-source/trunk/ sam3s-demo-source --username kaiser.ren@gmail.com/DSP2802x/v126/DSP2802x_examples/i2c_eeprom/Example_2802xI2C_eeprom/../../../DSP2802x_examples/i2c_eeprom/Debug/Example_2802xI2C_eeprom.out>
ENTRY POINT SYMBOL: "code_start"  address: 00000000


MEMORY CONFIGURATION

         name            origin    length      used     unused   attr    fill
----------------------  --------  ---------  --------  --------  ----  --------
PAGE 0:
  BEGIN                 00000000   00000002  00000002  00000000  RWIX
  RAMM0                 00000050   000003b0  000000b7  000002f9  RWIX
  PRAML0                00008000   00000fff  00000060  00000f9f  RWIX
  IQTABLES              003fe000   00000b50  00000b50  00000000  RWIX
  IQTABLES2             003feb50   0000008c  00000000  0000008c  RWIX
  IQTABLES3             003febdc   000000aa  00000000  000000aa  RWIX
  BOOTROM               003ff27c   00000d44  00000000  00000d44  RWIX
  RESET                 003fffc0   00000002  00000000  00000002  RWIX

PAGE 1:
  BOOT_RSVD             00000002   0000004e  00000000  0000004e  RWIX
  RAMM1                 00000400   00000400  00000300  00000100  RWIX
  DEV_EMU               00000880   00000105  00000004  00000101  RWIX
  SYS_PWR_CTL           00000985   00000003  00000003  00000000  RWIX
  FLASH_REGS            00000a80   00000060  00000008  00000058  RWIX
  CSM                   00000ae0   00000010  00000010  00000000  RWIX
  ADC_RESULT            00000b00   00000020  00000020  00000000  RWIX
  CPU_TIMER0            00000c00   00000008  00000008  00000000  RWIX
  CPU_TIMER1            00000c08   00000008  00000008  00000000  RWIX
  CPU_TIMER2            00000c10   00000008  00000008  00000000  RWIX
  PIE_CTRL              00000ce0   00000020  0000001a  00000006  RWIX
  PIE_VECT              00000d00   00000100  00000100  00000000  RWIX
  COMP1                 00006400   00000020  00000011  0000000f  RWIX
  COMP2                 00006420   00000020  00000011  0000000f  RWIX
  EPWM1                 00006800   00000040  0000003a  00000006  RWIX
  EPWM2                 00006840   00000040  0000003a  00000006  RWIX
  EPWM3                 00006880   00000040  0000003a  00000006  RWIX
  EPWM4                 000068c0   00000040  0000003a  00000006  RWIX
  ECAP1                 00006a00   00000020  00000020  00000000  RWIX
  GPIOCTRL              00006f80   00000040  00000040  00000000  RWIX
  GPIODAT               00006fc0   00000020  00000020  00000000  RWIX
  GPIOINT               00006fe0   00000020  0000000a  00000016  RWIX
  SYSTEM                00007010   00000020  0000001f  00000001  RWIX
  SPIA                  00007040   00000010  00000010  00000000  RWIX
  SCIA                  00007050   00000010  00000010  00000000  RWIX
  NMIINTRUPT            00007060   00000010  00000010  00000000  RWIX
  XINTRUPT              00007070   00000010  00000010  00000000  RWIX
  ADC                   00007100   00000080  00000050  00000030  RWIX
  I2CA                  00007900   00000040  00000022  0000001e  RWIX
  DRAML0                00008900   00000700  00000460  000002a0  RWIX
  PARTID                003d7fff   00000001  00000001  00000000  RWIX
  CSM_PWL               003f7ff8   00000008  00000008  00000000  RWIX


SECTION ALLOCATION MAP

 output                                  attributes/
section   page    origin      length       input sections
--------  ----  ----------  ----------   ----------------
codestart 
*          0    00000000    00000002     
                  00000000    00000002     DSP2802x_CodeStartBranch.obj (codestart)

.text      0    00000000    0000158b     FAILED TO ALLOCATE
.pinit     0    00000050    00000000     UNINITIALIZED

.econst    1    00000000    00000319     FAILED TO ALLOCATE
ramfuncs   0    00000050    0000001f     
                  00000050    0000001b     DSP2802x_SysCtrl.obj (ramfuncs)
                  0000006b    00000004     DSP2802x_usDelay.obj (ramfuncs)

.cinit     0    0000006f    0000001a     
                  0000006f    0000000a     rts2800_ml.lib : _lock.obj (.cinit)
                  00000079    0000000a                    : exit.obj (.cinit)
                  00000083    00000004     ad5933.obj (.cinit)
                  00000087    00000002     --HOLE-- [fill = 0]

csm_rsvd   0    00000089    00000076     
                  00000089    00000076     DSP2802x_CSMPasswords.obj (csm_rsvd)

csmpasswds 
*          0    000000ff    00000008     
                  000000ff    00000008     DSP2802x_CSMPasswords.obj (csmpasswds)

IQmath     0    00008000    00000060     
                  00008000    00000060     IQmath.lib : IQ24mag.obj (IQmath)

IQmathTables 
*          0    003fe000    00000b50     NOLOAD SECTION
                  003fe000    00000b50     IQmath.lib : IQmathTables.obj (IQmathTables)

.reset     0    003fffc0    00000002     DSECT
                  003fffc0    00000002     rts2800_ml.lib : boot.obj (.reset)

.stack     1    00000400    00000300     UNINITIALIZED
                  00000400    00000300     --HOLE--

DevEmuRegsFile 
*          1    00000880    00000004     UNINITIALIZED
                  00000880    00000004     DSP2802x_GlobalVariableDefs.obj (DevEmuRegsFile)

SysPwrCtrlRegsFile 
*          1    00000985    00000003     UNINITIALIZED
                  00000985    00000003     DSP2802x_GlobalVariableDefs.obj (SysPwrCtrlRegsFile)

FlashRegsFile 
*          1    00000a80    00000008     UNINITIALIZED
                  00000a80    00000008     DSP2802x_GlobalVariableDefs.obj (FlashRegsFile)

CsmRegsFile 
*          1    00000ae0    00000010     UNINITIALIZED
                  00000ae0    00000010     DSP2802x_GlobalVariableDefs.obj (CsmRegsFile)

AdcResultFile 
*          1    00000b00    00000020     UNINITIALIZED
                  00000b00    00000020     DSP2802x_GlobalVariableDefs.obj (AdcResultFile)

CpuTimer0RegsFile 
*          1    00000c00    00000008     UNINITIALIZED
                  00000c00    00000008     DSP2802x_GlobalVariableDefs.obj (CpuTimer0RegsFile)

CpuTimer1RegsFile 
*          1    00000c08    00000008     UNINITIALIZED
                  00000c08    00000008     DSP2802x_GlobalVariableDefs.obj (CpuTimer1RegsFile)

CpuTimer2RegsFile 
*          1    00000c10    00000008     UNINITIALIZED
                  00000c10    00000008     DSP2802x_GlobalVariableDefs.obj (CpuTimer2RegsFile)

PieCtrlRegsFile 
*          1    00000ce0    0000001a     UNINITIALIZED
                  00000ce0    0000001a     DSP2802x_GlobalVariableDefs.obj (PieCtrlRegsFile)

PieVectTableFile 
*          1    00000d00    00000100     UNINITIALIZED
                  00000d00    00000100     DSP2802x_GlobalVariableDefs.obj (PieVectTableFile)

EmuKeyVar 
*          1    00000d00    00000001     UNINITIALIZED
                  00000d00    00000001     DSP2802x_GlobalVariableDefs.obj (EmuKeyVar)

EmuBModeVar 
*          1    00000d01    00000001     UNINITIALIZED
                  00000d01    00000001     DSP2802x_GlobalVariableDefs.obj (EmuBModeVar)

FlashCallbackVar 
*          1    00000d02    00000002     UNINITIALIZED
                  00000d02    00000002     DSP2802x_GlobalVariableDefs.obj (FlashCallbackVar)

FlashScalingVar 
*          1    00000d04    00000002     UNINITIALIZED
                  00000d04    00000002     DSP2802x_GlobalVariableDefs.obj (FlashScalingVar)

Comp1RegsFile 
*          1    00006400    00000011     UNINITIALIZED
                  00006400    00000011     DSP2802x_GlobalVariableDefs.obj (Comp1RegsFile)

Comp2RegsFile 
*          1    00006420    00000011     UNINITIALIZED
                  00006420    00000011     DSP2802x_GlobalVariableDefs.obj (Comp2RegsFile)

EPwm1RegsFile 
*          1    00006800    0000003a     UNINITIALIZED
                  00006800    0000003a     DSP2802x_GlobalVariableDefs.obj (EPwm1RegsFile)

EPwm2RegsFile 
*          1    00006840    0000003a     UNINITIALIZED
                  00006840    0000003a     DSP2802x_GlobalVariableDefs.obj (EPwm2RegsFile)

EPwm3RegsFile 
*          1    00006880    0000003a     UNINITIALIZED
                  00006880    0000003a     DSP2802x_GlobalVariableDefs.obj (EPwm3RegsFile)

EPwm4RegsFile 
*          1    000068c0    0000003a     UNINITIALIZED
                  000068c0    0000003a     DSP2802x_GlobalVariableDefs.obj (EPwm4RegsFile)

ECap1RegsFile 
*          1    00006a00    00000020     UNINITIALIZED
                  00006a00    00000020     DSP2802x_GlobalVariableDefs.obj (ECap1RegsFile)

GpioCtrlRegsFile 
*          1    00006f80    00000040     UNINITIALIZED
                  00006f80    00000040     DSP2802x_GlobalVariableDefs.obj (GpioCtrlRegsFile)

GpioDataRegsFile 
*          1    00006fc0    00000020     UNINITIALIZED
                  00006fc0    00000020     DSP2802x_GlobalVariableDefs.obj (GpioDataRegsFile)

GpioIntRegsFile 
*          1    00006fe0    0000000a     UNINITIALIZED
                  00006fe0    0000000a     DSP2802x_GlobalVariableDefs.obj (GpioIntRegsFile)

SysCtrlRegsFile 
*          1    00007010    0000001f     UNINITIALIZED
                  00007010    0000001f     DSP2802x_GlobalVariableDefs.obj (SysCtrlRegsFile)

SpiaRegsFile 
*          1    00007040    00000010     UNINITIALIZED
                  00007040    00000010     DSP2802x_GlobalVariableDefs.obj (SpiaRegsFile)

SciaRegsFile 
*          1    00007050    00000010     UNINITIALIZED
                  00007050    00000010     DSP2802x_GlobalVariableDefs.obj (SciaRegsFile)

NmiIntruptRegsFile 
*          1    00007060    00000010     UNINITIALIZED
                  00007060    00000010     DSP2802x_GlobalVariableDefs.obj (NmiIntruptRegsFile)

XIntruptRegsFile 
*          1    00007070    00000010     UNINITIALIZED
                  00007070    00000010     DSP2802x_GlobalVariableDefs.obj (XIntruptRegsFile)

AdcRegsFile 
*          1    00007100    00000050     UNINITIALIZED
                  00007100    00000050     DSP2802x_GlobalVariableDefs.obj (AdcRegsFile)

I2caRegsFile 
*          1    00007900    00000022     UNINITIALIZED
                  00007900    00000022     DSP2802x_GlobalVariableDefs.obj (I2caRegsFile)

.ebss      1    00008900    00000460     UNINITIALIZED
                  00008900    0000043e     ad5933.obj (.ebss)
                  00008d3e    00000002     --HOLE--
                  00008d40    00000018     DSP2802x_CpuTimers.obj (.ebss)
                  00008d58    00000004     rts2800_ml.lib : _lock.obj (.ebss)
                  00008d5c    00000004                    : exit.obj (.ebss)

PartIdRegsFile 
*          1    003d7fff    00000001     UNINITIALIZED
                  003d7fff    00000001     DSP2802x_GlobalVariableDefs.obj (PartIdRegsFile)

CsmPwlFile 
*          1    003f7ff8    00000008     UNINITIALIZED
                  003f7ff8    00000008     DSP2802x_GlobalVariableDefs.obj (CsmPwlFile)


GLOBAL SYMBOLS: SORTED ALPHABETICALLY BY Name 

address    name
--------   ----
00000000   .text
000014ca   C$$EXIT
00000e83   FD$$ADD
000012b5   FD$$CMP
00000f1f   FD$$DIV
00000faa   FD$$MPY
00001569   FD$$NEG
00001548   FD$$SUB
000013c6   FD$$TOI
00001408   FD$$TOL
00001032   FS$$ADD
0000118b   FS$$MPY
0000102d   FS$$SUB
00001445   FS$$TOFD
0000137f   FS$$TOI
00001309   FS$$TOL
000013a4   I$$DIV
000013b5   I$$MOD
000012df   L$$DIV
000012ee   L$$MOD
00001461   L$$TOFD
00001497   L$$TOFS
00001427   LL$$CMP
00000ab0   LL$$DIV
00000aec   LL$$MOD
0000150f   LL$$MPY
000012fc   UL$$DIV
00001303   UL$$MOD
00001439   ULL$$CMP
00000b26   ULL$$DIV
00000b55   ULL$$MOD
00000d1c   _ADCINT1_ISR
00000d21   _ADCINT2_ISR
00000d8a   _ADCINT3_ISR
00000d8f   _ADCINT4_ISR
00000d94   _ADCINT5_ISR
00000d99   _ADCINT6_ISR
00000d9e   _ADCINT7_ISR
00000da3   _ADCINT8_ISR
00000d30   _ADCINT9_ISR
00007100   _AdcRegs
00000b00   _AdcResult
00006400   _Comp1Regs
00006420   _Comp2Regs
000010e6   _ConfigCpuTimer
00008d50   _CpuTimer0
00000c00   _CpuTimer0Regs
00008d40   _CpuTimer1
00000c08   _CpuTimer1Regs
00008d48   _CpuTimer2
00000c10   _CpuTimer2Regs
003f7ff8   _CsmPwl
00000ae0   _CsmRegs
0000091e   _CsmUnlock
00000cc7   _DATALOG_ISR
0000006b   _DSP28x_usDelay
00000880   _DevEmuRegs
00000894   _DisableDog
00000d67   _ECAP1_INT_ISR
00006a00   _ECap1Regs
00000dad   _EMPTY_ISR
00000cd1   _EMUINT_ISR
00000d53   _EPWM1_INT_ISR
00000d3f   _EPWM1_TZINT_ISR
00000d58   _EPWM2_INT_ISR
00000d44   _EPWM2_TZINT_ISR
00000d5d   _EPWM3_INT_ISR
00000d49   _EPWM3_TZINT_ISR
00000d62   _EPWM4_INT_ISR
00000d4e   _EPWM4_TZINT_ISR
00006800   _EPwm1Regs
00006840   _EPwm2Regs
00006880   _EPwm3Regs
000068c0   _EPwm4Regs
00000d01   _EmuBMode
00000d00   _EmuKey
00001351   _EnableInterrupts
00000985   _ExtOscSel
00000a80   _FlashRegs
00000d04   _Flash_CPUScaleFactor
00000d02   _Flash_CallbackPtr
00000c2f   _FloatToString
00006f80   _GpioCtrlRegs
00006fc0   _GpioDataRegs
00006fe0   _GpioIntRegs
00000d76   _I2CINT1A_ISR
00000d7b   _I2CINT2A_ISR
0000111a   _I2C_Init
00001166   _I2C_Read
0000112b   _I2C_Write
00007900   _I2caRegs
00000cdb   _ILLEGAL_ISR
00000cbd   _INT13_ISR
00000cc2   _INT14_ISR
003fead8   _IQ10mpyRndSatTable
003feacc   _IQ11mpyRndSatTable
003feac0   _IQ12mpyRndSatTable
003feab4   _IQ13mpyRndSatTable
003feaa8   _IQ14mpyRndSatTable
003fea9c   _IQ15mpyRndSatTable
003fea90   _IQ16mpyRndSatTable
003fea84   _IQ17mpyRndSatTable
003fea78   _IQ18mpyRndSatTable
003fea6c   _IQ19mpyRndSatTable
003feb44   _IQ1mpyRndSatTable
003fea60   _IQ20mpyRndSatTable
003fea54   _IQ21mpyRndSatTable
003fea48   _IQ22mpyRndSatTable
003fea3c   _IQ23mpyRndSatTable
003fea30   _IQ24mpyRndSatTable
003fea24   _IQ25mpyRndSatTable
003fea18   _IQ26mpyRndSatTable
003fea0c   _IQ27mpyRndSatTable
003fea00   _IQ28mpyRndSatTable
003fe9f4   _IQ29mpyRndSatTable
003feb38   _IQ2mpyRndSatTable
003fe9e8   _IQ30mpyRndSatTable
003feb2c   _IQ3mpyRndSatTable
003feb20   _IQ4mpyRndSatTable
003feb14   _IQ5mpyRndSatTable
003feb08   _IQ6mpyRndSatTable
003feafc   _IQ7mpyRndSatTable
003feaf0   _IQ8mpyRndSatTable
003feae4   _IQ9mpyRndSatTable
003fe824   _IQatan2HalfPITable
003fe862   _IQatan2Table
003fe9e8   _IQatan2TableEnd
003fe100   _IQcosTable
003fe502   _IQcosTableEnd
003fe502   _IQdivRoundSatTable
003fe510   _IQdivTable
003fe712   _IQdivTableEnd
003fe712   _IQisqrtRoundSatTable
003fe722   _IQisqrtTable
003fe824   _IQisqrtTableEnd
003fe9e8   _IQmpyRndSatTable
003feb50   _IQmpyRndSatTableEnd
003fe000   _IQsinTable
003fe400   _IQsinTableEnd
003fe712   _IQsqrtRoundSatTable
003fe722   _IQsqrtTable
003fe824   _IQsqrtTableEnd
000010a5   _InitCpuTimers
00000050   _InitFlash
00001523   _InitGpio
000014e3   _InitI2C
000014e4   _InitI2CGpio
000008ec   _InitPeripheralClocks
00001332   _InitPieCtrl
0000135a   _InitPieVectTable
0000089c   _InitPll
0000147d   _InitSci
0000147e   _InitSciGpio
00001481   _InitSciaGpio
00000870   _InitSysCtrl
0000094f   _IntOsc1Sel
0000095f   _IntOsc2Sel
000014fa   _MemCopy
00000cd6   _NMI_ISR
00007060   _NmiIntruptRegs
00000db2   _PIE_RESERVED
003d7fff   _PartIdRegs
00000ce0   _PieCtrlRegs
00000d00   _PieVectTable
00000102   _PieVectTableInit
00000ccc   _RTOSINT_ISR
00000d80   _SCIRXINTA_ISR
00000d85   _SCITXINTA_ISR
00000d6c   _SPIRXINTA_ISR
00000d71   _SPITXINTA_ISR
00007050   _SciaRegs
0000088a   _ServiceDog
00007040   _SpiaRegs
00007010   _SysCtrlRegs
00000985   _SysPwrCtrlRegs
00000d35   _TINT0_ISR
00000d0d   _USER10_ISR
00000d12   _USER11_ISR
00000d17   _USER12_ISR
00000ce0   _USER1_ISR
00000ce5   _USER2_ISR
00000cea   _USER3_ISR
00000cef   _USER4_ISR
00000cf4   _USER5_ISR
00000cf9   _USER6_ISR
00000cfe   _USER7_ISR
00000d03   _USER8_ISR
00000d08   _USER9_ISR
00000d3a   _WAKEINT_ISR
00000d26   _XINT1_ISR
00000d2b   _XINT2_ISR
00000da8   _XINT3_ISR
00007070   _XIntruptRegs
00000971   _XtalOscSel
00008000   __IQ24mag
00000700   __STACK_END
00000300   __STACK_SIZE
00000001   __TI_args_main
ffffffff   ___binit__
ffffffff   ___c_args__
0000006f   ___cinit__
0000158b   ___etext__
000013e7   ___memcpy_ff
ffffffff   ___pinit__
00000000   ___text__
000014b1   __args_main
00008d5c   __cleanup_ptr
00000000   __ctypes_
00008d5e   __dtors_ptr
00008d5a   __lock
00001568   __nop
0000077e   __printfi
00001564   __register_lock
00001560   __register_unlock
00000400   __stack
00008d58   __unlock
000014ca   _abort
0000099b   _ad5933_init
00000a05   _ad5933_mode
000009f2   _ad5933_print
00000a14   _ad5933_sweep
00008900   _ad5933_temp
00000a87   _ad5993_GetTemperature
00000a0d   _ad5993_status
00001229   _atoi
00000e77   _button_init
000011e5   _c_int00
000014cc   _exit
00000e29   _led_init
00000e5b   _led_off
00000e3f   _led_on
00001289   _ltoa
00008940   _magnitude
00000dbc   _main
00001536   _memccpy
00001583   _memset
0000158a   _modular_operate
00000db7   _rsvd_ISR
00000c09   _scia_Byte2Hex
00000c2a   _scia_PrintLF
00000bbf   _scia_echoback_init
00000bb7   _scia_fifo_init
00000bdf   _scia_msg
00000bf4   _scia_read
00000bd3   _scia_xmit
0000125a   _sprintf
00001572   _strcpy
00001556   _strlen
ffffffff   binit
0000006f   cinit
00000000   code_start
0000158b   etext
ffffffff   pinit


GLOBAL SYMBOLS: SORTED BY Symbol Address 

address    name
--------   ----
00000000   .text
00000000   ___text__
00000000   __ctypes_
00000000   code_start
00000001   __TI_args_main
00000050   _InitFlash
0000006b   _DSP28x_usDelay
0000006f   ___cinit__
0000006f   cinit
00000102   _PieVectTableInit
00000300   __STACK_SIZE
00000400   __stack
00000700   __STACK_END
0000077e   __printfi
00000870   _InitSysCtrl
00000880   _DevEmuRegs
0000088a   _ServiceDog
00000894   _DisableDog
0000089c   _InitPll
000008ec   _InitPeripheralClocks
0000091e   _CsmUnlock
0000094f   _IntOsc1Sel
0000095f   _IntOsc2Sel
00000971   _XtalOscSel
00000985   _ExtOscSel
00000985   _SysPwrCtrlRegs
0000099b   _ad5933_init
000009f2   _ad5933_print
00000a05   _ad5933_mode
00000a0d   _ad5993_status
00000a14   _ad5933_sweep
00000a80   _FlashRegs
00000a87   _ad5993_GetTemperature
00000ab0   LL$$DIV
00000ae0   _CsmRegs
00000aec   LL$$MOD
00000b00   _AdcResult
00000b26   ULL$$DIV
00000b55   ULL$$MOD
00000bb7   _scia_fifo_init
00000bbf   _scia_echoback_init
00000bd3   _scia_xmit
00000bdf   _scia_msg
00000bf4   _scia_read
00000c00   _CpuTimer0Regs
00000c08   _CpuTimer1Regs
00000c09   _scia_Byte2Hex
00000c10   _CpuTimer2Regs
00000c2a   _scia_PrintLF
00000c2f   _FloatToString
00000cbd   _INT13_ISR
00000cc2   _INT14_ISR
00000cc7   _DATALOG_ISR
00000ccc   _RTOSINT_ISR
00000cd1   _EMUINT_ISR
00000cd6   _NMI_ISR
00000cdb   _ILLEGAL_ISR
00000ce0   _PieCtrlRegs
00000ce0   _USER1_ISR
00000ce5   _USER2_ISR
00000cea   _USER3_ISR
00000cef   _USER4_ISR
00000cf4   _USER5_ISR
00000cf9   _USER6_ISR
00000cfe   _USER7_ISR
00000d00   _EmuKey
00000d00   _PieVectTable
00000d01   _EmuBMode
00000d02   _Flash_CallbackPtr
00000d03   _USER8_ISR
00000d04   _Flash_CPUScaleFactor
00000d08   _USER9_ISR
00000d0d   _USER10_ISR
00000d12   _USER11_ISR
00000d17   _USER12_ISR
00000d1c   _ADCINT1_ISR
00000d21   _ADCINT2_ISR
00000d26   _XINT1_ISR
00000d2b   _XINT2_ISR
00000d30   _ADCINT9_ISR
00000d35   _TINT0_ISR
00000d3a   _WAKEINT_ISR
00000d3f   _EPWM1_TZINT_ISR
00000d44   _EPWM2_TZINT_ISR
00000d49   _EPWM3_TZINT_ISR
00000d4e   _EPWM4_TZINT_ISR
00000d53   _EPWM1_INT_ISR
00000d58   _EPWM2_INT_ISR
00000d5d   _EPWM3_INT_ISR
00000d62   _EPWM4_INT_ISR
00000d67   _ECAP1_INT_ISR
00000d6c   _SPIRXINTA_ISR
00000d71   _SPITXINTA_ISR
00000d76   _I2CINT1A_ISR
00000d7b   _I2CINT2A_ISR
00000d80   _SCIRXINTA_ISR
00000d85   _SCITXINTA_ISR
00000d8a   _ADCINT3_ISR
00000d8f   _ADCINT4_ISR
00000d94   _ADCINT5_ISR
00000d99   _ADCINT6_ISR
00000d9e   _ADCINT7_ISR
00000da3   _ADCINT8_ISR
00000da8   _XINT3_ISR
00000dad   _EMPTY_ISR
00000db2   _PIE_RESERVED
00000db7   _rsvd_ISR
00000dbc   _main
00000e29   _led_init
00000e3f   _led_on
00000e5b   _led_off
00000e77   _button_init
00000e83   FD$$ADD
00000f1f   FD$$DIV
00000faa   FD$$MPY
0000102d   FS$$SUB
00001032   FS$$ADD
000010a5   _InitCpuTimers
000010e6   _ConfigCpuTimer
0000111a   _I2C_Init
0000112b   _I2C_Write
00001166   _I2C_Read
0000118b   FS$$MPY
000011e5   _c_int00
00001229   _atoi
0000125a   _sprintf
00001289   _ltoa
000012b5   FD$$CMP
000012df   L$$DIV
000012ee   L$$MOD
000012fc   UL$$DIV
00001303   UL$$MOD
00001309   FS$$TOL
00001332   _InitPieCtrl
00001351   _EnableInterrupts
0000135a   _InitPieVectTable
0000137f   FS$$TOI
000013a4   I$$DIV
000013b5   I$$MOD
000013c6   FD$$TOI
000013e7   ___memcpy_ff
00001408   FD$$TOL
00001427   LL$$CMP
00001439   ULL$$CMP
00001445   FS$$TOFD
00001461   L$$TOFD
0000147d   _InitSci
0000147e   _InitSciGpio
00001481   _InitSciaGpio
00001497   L$$TOFS
000014b1   __args_main
000014ca   C$$EXIT
000014ca   _abort
000014cc   _exit
000014e3   _InitI2C
000014e4   _InitI2CGpio
000014fa   _MemCopy
0000150f   LL$$MPY
00001523   _InitGpio
00001536   _memccpy
00001548   FD$$SUB
00001556   _strlen
00001560   __register_unlock
00001564   __register_lock
00001568   __nop
00001569   FD$$NEG
00001572   _strcpy
00001583   _memset
0000158a   _modular_operate
0000158b   ___etext__
0000158b   etext
00006400   _Comp1Regs
00006420   _Comp2Regs
00006800   _EPwm1Regs
00006840   _EPwm2Regs
00006880   _EPwm3Regs
000068c0   _EPwm4Regs
00006a00   _ECap1Regs
00006f80   _GpioCtrlRegs
00006fc0   _GpioDataRegs
00006fe0   _GpioIntRegs
00007010   _SysCtrlRegs
00007040   _SpiaRegs
00007050   _SciaRegs
00007060   _NmiIntruptRegs
00007070   _XIntruptRegs
00007100   _AdcRegs
00007900   _I2caRegs
00008000   __IQ24mag
00008900   _ad5933_temp
00008940   _magnitude
00008d40   _CpuTimer1
00008d48   _CpuTimer2
00008d50   _CpuTimer0
00008d58   __unlock
00008d5a   __lock
00008d5c   __cleanup_ptr
00008d5e   __dtors_ptr
003d7fff   _PartIdRegs
003f7ff8   _CsmPwl
003fe000   _IQsinTable
003fe100   _IQcosTable
003fe400   _IQsinTableEnd
003fe502   _IQcosTableEnd
003fe502   _IQdivRoundSatTable
003fe510   _IQdivTable
003fe712   _IQdivTableEnd
003fe712   _IQisqrtRoundSatTable
003fe712   _IQsqrtRoundSatTable
003fe722   _IQisqrtTable
003fe722   _IQsqrtTable
003fe824   _IQatan2HalfPITable
003fe824   _IQisqrtTableEnd
003fe824   _IQsqrtTableEnd
003fe862   _IQatan2Table
003fe9e8   _IQ30mpyRndSatTable
003fe9e8   _IQatan2TableEnd
003fe9e8   _IQmpyRndSatTable
003fe9f4   _IQ29mpyRndSatTable
003fea00   _IQ28mpyRndSatTable
003fea0c   _IQ27mpyRndSatTable
003fea18   _IQ26mpyRndSatTable
003fea24   _IQ25mpyRndSatTable
003fea30   _IQ24mpyRndSatTable
003fea3c   _IQ23mpyRndSatTable
003fea48   _IQ22mpyRndSatTable
003fea54   _IQ21mpyRndSatTable
003fea60   _IQ20mpyRndSatTable
003fea6c   _IQ19mpyRndSatTable
003fea78   _IQ18mpyRndSatTable
003fea84   _IQ17mpyRndSatTable
003fea90   _IQ16mpyRndSatTable
003fea9c   _IQ15mpyRndSatTable
003feaa8   _IQ14mpyRndSatTable
003feab4   _IQ13mpyRndSatTable
003feac0   _IQ12mpyRndSatTable
003feacc   _IQ11mpyRndSatTable
003fead8   _IQ10mpyRndSatTable
003feae4   _IQ9mpyRndSatTable
003feaf0   _IQ8mpyRndSatTable
003feafc   _IQ7mpyRndSatTable
003feb08   _IQ6mpyRndSatTable
003feb14   _IQ5mpyRndSatTable
003feb20   _IQ4mpyRndSatTable
003feb2c   _IQ3mpyRndSatTable
003feb38   _IQ2mpyRndSatTable
003feb44   _IQ1mpyRndSatTable
003feb50   _IQmpyRndSatTableEnd
ffffffff   ___binit__
ffffffff   ___c_args__
ffffffff   ___pinit__
ffffffff   binit
ffffffff   pinit

[253 symbols]
