###############################################################################
#                                                                             #
# IAR ELF Linker V5.41.0.51741/W32 for ARM              31/Oct/2012  11:06:04 #
# Copyright (C) 2007-2009 IAR Systems AB.                                     #
#                                                                             #
#    Output file  =  D:\Firmware\ sam3s-demo-source --username                #
#                    kaiser.ren@gmail.com\demo\ewp\output\debug\bin\demo.out  #
#    Map file     =  D:\Firmware\ sam3s-demo-source --username                #
#                    kaiser.ren@gmail.com\demo\ewp\output\debug\obj\demo.map  #
#    Command line =  "D:\Firmware\ sam3s-demo-source --username               #
#                    kaiser.ren@gmail.com\demo\ewp\output\debug\obj\EccNandFl #
#                    ash.o" "D:\Firmware\ sam3s-demo-source --username        #
#                    kaiser.ren@gmail.com\demo\ewp\output\debug\obj\MEDNandFl #
#                    ash.o" "D:\Firmware\ sam3s-demo-source --username        #
#                    kaiser.ren@gmail.com\demo\ewp\output\debug\obj\MSDDState #
#                    Machine.o" "D:\Firmware\ sam3s-demo-source --username    #
#                    kaiser.ren@gmail.com\demo\ewp\output\debug\obj\MSDDriver #
#                    .o" "D:\Firmware\ sam3s-demo-source --username           #
#                    kaiser.ren@gmail.com\demo\ewp\output\debug\obj\MSDDriver #
#                    Descriptors.o" "D:\Firmware\ sam3s-demo-source           #
#                    --username kaiser.ren@gmail.com\demo\ewp\output\debug\ob #
#                    j\MSDIOFifo.o" "D:\Firmware\ sam3s-demo-source           #
#                    --username kaiser.ren@gmail.com\demo\ewp\output\debug\ob #
#                    j\MSDLun.o" "D:\Firmware\ sam3s-demo-source --username   #
#                    kaiser.ren@gmail.com\demo\ewp\output\debug\obj\ManagedNa #
#                    ndFlash.o" "D:\Firmware\ sam3s-demo-source --username    #
#                    kaiser.ren@gmail.com\demo\ewp\output\debug\obj\MappedNan #
#                    dFlash.o" "D:\Firmware\ sam3s-demo-source --username     #
#                    kaiser.ren@gmail.com\demo\ewp\output\debug\obj\Media.o"  #
#                    "D:\Firmware\ sam3s-demo-source --username               #
#                    kaiser.ren@gmail.com\demo\ewp\output\debug\obj\NandFlash #
#                    Model.o" "D:\Firmware\ sam3s-demo-source --username      #
#                    kaiser.ren@gmail.com\demo\ewp\output\debug\obj\NandFlash #
#                    ModelList.o" "D:\Firmware\ sam3s-demo-source --username  #
#                    kaiser.ren@gmail.com\demo\ewp\output\debug\obj\NandSpare #
#                    Scheme.o" "D:\Firmware\ sam3s-demo-source --username     #
#                    kaiser.ren@gmail.com\demo\ewp\output\debug\obj\RawNandFl #
#                    ash.o" "D:\Firmware\ sam3s-demo-source --username        #
#                    kaiser.ren@gmail.com\demo\ewp\output\debug\obj\SBCMethod #
#                    s.o" "D:\Firmware\ sam3s-demo-source --username          #
#                    kaiser.ren@gmail.com\demo\ewp\output\debug\obj\Translate #
#                    dNandFlash.o" "D:\Firmware\ sam3s-demo-source            #
#                    --username kaiser.ren@gmail.com\demo\ewp\output\debug\ob #
#                    j\USBConfigurationDescriptor.o" "D:\Firmware\            #
#                    sam3s-demo-source --username                             #
#                    kaiser.ren@gmail.com\demo\ewp\output\debug\obj\USBDCallb #
#                    acks_Initialized.o" "D:\Firmware\ sam3s-demo-source      #
#                    --username kaiser.ren@gmail.com\demo\ewp\output\debug\ob #
#                    j\USBDCallbacks_Reset.o" "D:\Firmware\                   #
#                    sam3s-demo-source --username                             #
#                    kaiser.ren@gmail.com\demo\ewp\output\debug\obj\USBDCallb #
#                    acks_Resumed.o" "D:\Firmware\ sam3s-demo-source          #
#                    --username kaiser.ren@gmail.com\demo\ewp\output\debug\ob #
#                    j\USBDCallbacks_Suspended.o" "D:\Firmware\               #
#                    sam3s-demo-source --username                             #
#                    kaiser.ren@gmail.com\demo\ewp\output\debug\obj\USBDDrive #
#                    r.o" "D:\Firmware\ sam3s-demo-source --username          #
#                    kaiser.ren@gmail.com\demo\ewp\output\debug\obj\USBDDrive #
#                    rCb_IfSettingChanged.o" "D:\Firmware\ sam3s-demo-source  #
#                    --username kaiser.ren@gmail.com\demo\ewp\output\debug\ob #
#                    j\USBD_UDP.o" "D:\Firmware\ sam3s-demo-source            #
#                    --username kaiser.ren@gmail.com\demo\ewp\output\debug\ob #
#                    j\USBEndpointDescriptor.o" "D:\Firmware\                 #
#                    sam3s-demo-source --username                             #
#                    kaiser.ren@gmail.com\demo\ewp\output\debug\obj\USBFeatur #
#                    eRequest.o" "D:\Firmware\ sam3s-demo-source --username   #
#                    kaiser.ren@gmail.com\demo\ewp\output\debug\obj\USBGeneri #
#                    cDescriptor.o" "D:\Firmware\ sam3s-demo-source           #
#                    --username kaiser.ren@gmail.com\demo\ewp\output\debug\ob #
#                    j\USBGenericRequest.o" "D:\Firmware\ sam3s-demo-source   #
#                    --username kaiser.ren@gmail.com\demo\ewp\output\debug\ob #
#                    j\USBGetDescriptorRequest.o" "D:\Firmware\               #
#                    sam3s-demo-source --username                             #
#                    kaiser.ren@gmail.com\demo\ewp\output\debug\obj\USBInterf #
#                    aceRequest.o" "D:\Firmware\ sam3s-demo-source            #
#                    --username kaiser.ren@gmail.com\demo\ewp\output\debug\ob #
#                    j\USBSetAddressRequest.o" "D:\Firmware\                  #
#                    sam3s-demo-source --username                             #
#                    kaiser.ren@gmail.com\demo\ewp\output\debug\obj\USBSetCon #
#                    figurationRequest.o" "D:\Firmware\ sam3s-demo-source     #
#                    --username kaiser.ren@gmail.com\demo\ewp\output\debug\ob #
#                    j\adc.o" "D:\Firmware\ sam3s-demo-source --username      #
#                    kaiser.ren@gmail.com\demo\ewp\output\debug\obj\ads7843.o #
#                    " "D:\Firmware\ sam3s-demo-source --username             #
#                    kaiser.ren@gmail.com\demo\ewp\output\debug\obj\backend_I #
#                    LI9325.o" "D:\Firmware\ sam3s-demo-source --username     #
#                    kaiser.ren@gmail.com\demo\ewp\output\debug\obj\bmp_confi #
#                    g_backlight.o" "D:\Firmware\ sam3s-demo-source           #
#                    --username kaiser.ren@gmail.com\demo\ewp\output\debug\ob #
#                    j\bmp_logo_atmel.o" "D:\Firmware\ sam3s-demo-source      #
#                    --username kaiser.ren@gmail.com\demo\ewp\output\debug\ob #
#                    j\board_cstartup_iar.o" "D:\Firmware\ sam3s-demo-source  #
#                    --username kaiser.ren@gmail.com\demo\ewp\output\debug\ob #
#                    j\board_dependencies.o" "D:\Firmware\ sam3s-demo-source  #
#                    --username kaiser.ren@gmail.com\demo\ewp\output\debug\ob #
#                    j\board_lowlevel_demo.o" "D:\Firmware\                   #
#                    sam3s-demo-source --username                             #
#                    kaiser.ren@gmail.com\demo\ewp\output\debug\obj\board_mem #
#                    ories_demo.o" "D:\Firmware\ sam3s-demo-source            #
#                    --username kaiser.ren@gmail.com\demo\ewp\output\debug\ob #
#                    j\ccsbcs.o" "D:\Firmware\ sam3s-demo-source --username   #
#                    kaiser.ren@gmail.com\demo\ewp\output\debug\obj\core_cm3. #
#                    o" "D:\Firmware\ sam3s-demo-source --username            #
#                    kaiser.ren@gmail.com\demo\ewp\output\debug\obj\crccu.o"  #
#                    "D:\Firmware\ sam3s-demo-source --username               #
#                    kaiser.ren@gmail.com\demo\ewp\output\debug\obj\demo_para #
#                    meters.o" "D:\Firmware\ sam3s-demo-source --username     #
#                    kaiser.ren@gmail.com\demo\ewp\output\debug\obj\diskio.o" #
#                     "D:\Firmware\ sam3s-demo-source --username              #
#                    kaiser.ren@gmail.com\demo\ewp\output\debug\obj\disp_back #
#                    end.o" "D:\Firmware\ sam3s-demo-source --username        #
#                    kaiser.ren@gmail.com\demo\ewp\output\debug\obj\efc.o"    #
#                    "D:\Firmware\ sam3s-demo-source --username               #
#                    kaiser.ren@gmail.com\demo\ewp\output\debug\obj\exception #
#                    s.o" "D:\Firmware\ sam3s-demo-source --username          #
#                    kaiser.ren@gmail.com\demo\ewp\output\debug\obj\ff.o"     #
#                    "D:\Firmware\ sam3s-demo-source --username               #
#                    kaiser.ren@gmail.com\demo\ewp\output\debug\obj\flashd.o" #
#                     "D:\Firmware\ sam3s-demo-source --username              #
#                    kaiser.ren@gmail.com\demo\ewp\output\debug\obj\frontend_ #
#                    ADS7843.o" "D:\Firmware\ sam3s-demo-source --username    #
#                    kaiser.ren@gmail.com\demo\ewp\output\debug\obj\frontend_ #
#                    potentiometer.o" "D:\Firmware\ sam3s-demo-source         #
#                    --username kaiser.ren@gmail.com\demo\ewp\output\debug\ob #
#                    j\frontend_pushbuttons.o" "D:\Firmware\                  #
#                    sam3s-demo-source --username                             #
#                    kaiser.ren@gmail.com\demo\ewp\output\debug\obj\frontend_ #
#                    qtouch.o" "D:\Firmware\ sam3s-demo-source --username     #
#                    kaiser.ren@gmail.com\demo\ewp\output\debug\obj\ftldrv.o" #
#                     "D:\Firmware\ sam3s-demo-source --username              #
#                    kaiser.ren@gmail.com\demo\ewp\output\debug\obj\hamming.o #
#                    " "D:\Firmware\ sam3s-demo-source --username             #
#                    kaiser.ren@gmail.com\demo\ewp\output\debug\obj\heap_1.o" #
#                     "D:\Firmware\ sam3s-demo-source --username              #
#                    kaiser.ren@gmail.com\demo\ewp\output\debug\obj\led.o"    #
#                    "D:\Firmware\ sam3s-demo-source --username               #
#                    kaiser.ren@gmail.com\demo\ewp\output\debug\obj\lena128x1 #
#                    28x24.o" "D:\Firmware\ sam3s-demo-source --username      #
#                    kaiser.ren@gmail.com\demo\ewp\output\debug\obj\lena128x1 #
#                    28x24clr.o" "D:\Firmware\ sam3s-demo-source --username   #
#                    kaiser.ren@gmail.com\demo\ewp\output\debug\obj\lena128x1 #
#                    28x8.o" "D:\Firmware\ sam3s-demo-source --username       #
#                    kaiser.ren@gmail.com\demo\ewp\output\debug\obj\lena256x2 #
#                    56x8.o" "D:\Firmware\ sam3s-demo-source --username       #
#                    kaiser.ren@gmail.com\demo\ewp\output\debug\obj\list.o"   #
#                    "D:\Firmware\ sam3s-demo-source --username               #
#                    kaiser.ren@gmail.com\demo\ewp\output\debug\obj\main.o"   #
#                    "D:\Firmware\ sam3s-demo-source --username               #
#                    kaiser.ren@gmail.com\demo\ewp\output\debug\obj\math.o"   #
#                    "D:\Firmware\ sam3s-demo-source --username               #
#                    kaiser.ren@gmail.com\demo\ewp\output\debug\obj\pio.o"    #
#                    "D:\Firmware\ sam3s-demo-source --username               #
#                    kaiser.ren@gmail.com\demo\ewp\output\debug\obj\pio_it.o" #
#                     "D:\Firmware\ sam3s-demo-source --username              #
#                    kaiser.ren@gmail.com\demo\ewp\output\debug\obj\pmc.o"    #
#                    "D:\Firmware\ sam3s-demo-source --username               #
#                    kaiser.ren@gmail.com\demo\ewp\output\debug\obj\port.o"   #
#                    "D:\Firmware\ sam3s-demo-source --username               #
#                    kaiser.ren@gmail.com\demo\ewp\output\debug\obj\portasm.o #
#                    " "D:\Firmware\ sam3s-demo-source --username             #
#                    kaiser.ren@gmail.com\demo\ewp\output\debug\obj\pwmc.o"   #
#                    "D:\Firmware\ sam3s-demo-source --username               #
#                    kaiser.ren@gmail.com\demo\ewp\output\debug\obj\qtouch.o" #
#                     "D:\Firmware\ sam3s-demo-source --username              #
#                    kaiser.ren@gmail.com\demo\ewp\output\debug\obj\queue.o"  #
#                    "D:\Firmware\ sam3s-demo-source --username               #
#                    kaiser.ren@gmail.com\demo\ewp\output\debug\obj\rand.o"   #
#                    "D:\Firmware\ sam3s-demo-source --username               #
#                    kaiser.ren@gmail.com\demo\ewp\output\debug\obj\rtc.o"    #
#                    "D:\Firmware\ sam3s-demo-source --username               #
#                    kaiser.ren@gmail.com\demo\ewp\output\debug\obj\rtmedia.o #
#                    " "D:\Firmware\ sam3s-demo-source --username             #
#                    kaiser.ren@gmail.com\demo\ewp\output\debug\obj\rtt.o"    #
#                    "D:\Firmware\ sam3s-demo-source --username               #
#                    kaiser.ren@gmail.com\demo\ewp\output\debug\obj\sam_gui_b #
#                    itmap_raw.o" "D:\Firmware\ sam3s-demo-source --username  #
#                    kaiser.ren@gmail.com\demo\ewp\output\debug\obj\sam_gui_c #
#                    olor.o" "D:\Firmware\ sam3s-demo-source --username       #
#                    kaiser.ren@gmail.com\demo\ewp\output\debug\obj\sam_gui_c #
#                    olors.o" "D:\Firmware\ sam3s-demo-source --username      #
#                    kaiser.ren@gmail.com\demo\ewp\output\debug\obj\sam_gui_e #
#                    mbos.o" "D:\Firmware\ sam3s-demo-source --username       #
#                    kaiser.ren@gmail.com\demo\ewp\output\debug\obj\sam_gui_f #
#                    ont.o" "D:\Firmware\ sam3s-demo-source --username        #
#                    kaiser.ren@gmail.com\demo\ewp\output\debug\obj\sam_gui_f #
#                    ont10x14.o" "D:\Firmware\ sam3s-demo-source --username   #
#                    kaiser.ren@gmail.com\demo\ewp\output\debug\obj\sam_gui_f #
#                    reertos.o" "D:\Firmware\ sam3s-demo-source --username    #
#                    kaiser.ren@gmail.com\demo\ewp\output\debug\obj\sam_gui_n #
#                    uttx.o" "D:\Firmware\ sam3s-demo-source --username       #
#                    kaiser.ren@gmail.com\demo\ewp\output\debug\obj\sam_gui_p #
#                    oint.o" "D:\Firmware\ sam3s-demo-source --username       #
#                    kaiser.ren@gmail.com\demo\ewp\output\debug\obj\sam_gui_s #
#                    ize.o" "D:\Firmware\ sam3s-demo-source --username        #
#                    kaiser.ren@gmail.com\demo\ewp\output\debug\obj\scr_TSDCa #
#                    libration.o" "D:\Firmware\ sam3s-demo-source --username  #
#                    kaiser.ren@gmail.com\demo\ewp\output\debug\obj\scr_audio #
#                    .o" "D:\Firmware\ sam3s-demo-source --username           #
#                    kaiser.ren@gmail.com\demo\ewp\output\debug\obj\scr_disp_ #
#                    demo.o" "D:\Firmware\ sam3s-demo-source --username       #
#                    kaiser.ren@gmail.com\demo\ewp\output\debug\obj\scr_infos #
#                    .o" "D:\Firmware\ sam3s-demo-source --username           #
#                    kaiser.ren@gmail.com\demo\ewp\output\debug\obj\scr_intro #
#                    .o" "D:\Firmware\ sam3s-demo-source --username           #
#                    kaiser.ren@gmail.com\demo\ewp\output\debug\obj\scr_lp_mo #
#                    des.o" "D:\Firmware\ sam3s-demo-source --username        #
#                    kaiser.ren@gmail.com\demo\ewp\output\debug\obj\scr_lp_mo #
#                    des_backup.o" "D:\Firmware\ sam3s-demo-source            #
#                    --username kaiser.ren@gmail.com\demo\ewp\output\debug\ob #
#                    j\scr_lp_modes_sleep.o" "D:\Firmware\ sam3s-demo-source  #
#                    --username kaiser.ren@gmail.com\demo\ewp\output\debug\ob #
#                    j\scr_lp_modes_wait.o" "D:\Firmware\ sam3s-demo-source   #
#                    --username kaiser.ren@gmail.com\demo\ewp\output\debug\ob #
#                    j\scr_main.o" "D:\Firmware\ sam3s-demo-source            #
#                    --username kaiser.ren@gmail.com\demo\ewp\output\debug\ob #
#                    j\scr_ppt.o" "D:\Firmware\ sam3s-demo-source --username  #
#                    kaiser.ren@gmail.com\demo\ewp\output\debug\obj\scr_qtouc #
#                    h.o" "D:\Firmware\ sam3s-demo-source --username          #
#                    kaiser.ren@gmail.com\demo\ewp\output\debug\obj\scr_setti #
#                    ngs.o" "D:\Firmware\ sam3s-demo-source --username        #
#                    kaiser.ren@gmail.com\demo\ewp\output\debug\obj\scr_setti #
#                    ngs_backlight.o" "D:\Firmware\ sam3s-demo-source         #
#                    --username kaiser.ren@gmail.com\demo\ewp\output\debug\ob #
#                    j\scr_settings_date.o" "D:\Firmware\ sam3s-demo-source   #
#                    --username kaiser.ren@gmail.com\demo\ewp\output\debug\ob #
#                    j\scr_settings_time.o" "D:\Firmware\ sam3s-demo-source   #
#                    --username kaiser.ren@gmail.com\demo\ewp\output\debug\ob #
#                    j\spi.o" "D:\Firmware\ sam3s-demo-source --username      #
#                    kaiser.ren@gmail.com\demo\ewp\output\debug\obj\tasks.o"  #
#                    "D:\Firmware\ sam3s-demo-source --username               #
#                    kaiser.ren@gmail.com\demo\ewp\output\debug\obj\tc.o"     #
#                    "D:\Firmware\ sam3s-demo-source --username               #
#                    kaiser.ren@gmail.com\demo\ewp\output\debug\obj\uart_cons #
#                    ole.o" "D:\Firmware\ sam3s-demo-source --username        #
#                    kaiser.ren@gmail.com\demo\ewp\output\debug\obj\usbmsd.o" #
#                     "D:\Firmware\ sam3s-demo-source --username              #
#                    kaiser.ren@gmail.com\demo\ewp\output\debug\obj\wdt.o"    #
#                    "D:\Firmware\ sam3s-demo-source --username               #
#                    kaiser.ren@gmail.com\demo\ewp\output\debug\obj\wgt_core. #
#                    o" "D:\Firmware\ sam3s-demo-source --username            #
#                    kaiser.ren@gmail.com\demo\ewp\output\debug\obj\wgt_core_ #
#                    behaviour.o" "D:\Firmware\ sam3s-demo-source --username  #
#                    kaiser.ren@gmail.com\demo\ewp\output\debug\obj\wgt_core_ #
#                    behaviour_default.o" "D:\Firmware\ sam3s-demo-source     #
#                    --username kaiser.ren@gmail.com\demo\ewp\output\debug\ob #
#                    j\wgt_core_frontend.o" "D:\Firmware\ sam3s-demo-source   #
#                    --username kaiser.ren@gmail.com\demo\ewp\output\debug\ob #
#                    j\wgt_core_message.o" "D:\Firmware\ sam3s-demo-source    #
#                    --username kaiser.ren@gmail.com\demo\ewp\output\debug\ob #
#                    j\wgt_core_pointer.o" "D:\Firmware\ sam3s-demo-source    #
#                    --username kaiser.ren@gmail.com\demo\ewp\output\debug\ob #
#                    j\wgt_core_screen.o" "D:\Firmware\ sam3s-demo-source     #
#                    --username kaiser.ren@gmail.com\demo\ewp\output\debug\ob #
#                    j\wgt_core_timer.o" "D:\Firmware\ sam3s-demo-source      #
#                    --username kaiser.ren@gmail.com\demo\ewp\output\debug\ob #
#                    j\wgt_core_widget.o" "D:\Firmware\ sam3s-demo-source     #
#                    --username kaiser.ren@gmail.com\libraries\drivers\qtouch #
#                    \libQTouchIarCfg3SRevB.a" -o "D:\Firmware\               #
#                    sam3s-demo-source --username                             #
#                    kaiser.ren@gmail.com\demo\ewp\output\debug\bin\demo.out" #
#                     --redirect _Printf=_PrintfLarge --redirect              #
#                    _Scanf=_ScanfSmall --map "D:\Firmware\                   #
#                    sam3s-demo-source --username                             #
#                    kaiser.ren@gmail.com\demo\ewp\output\debug\obj\demo.map" #
#                     --log veneers --log_file "D:\Firmware\                  #
#                    sam3s-demo-source --username                             #
#                    kaiser.ren@gmail.com\demo\ewp\output\debug\obj\demo.log" #
#                     --config "D:\Firmware\ sam3s-demo-source --username     #
#                    kaiser.ren@gmail.com\demo\ewp\..\..\demo\ewp\mapping\fla #
#                    sh.icf" --entry __iar_program_start                      #
#                                                                             #
#                                                                             #
###############################################################################

*******************************************************************************
*** RUNTIME MODEL ATTRIBUTES
***

__endian      = little
__thumb_aware = enabled


*******************************************************************************
*** PLACEMENT SUMMARY
***

"A1":  place at 0x00400000 { ro section .vectors };
"P1":  place in [from 0x00400000 to 0x0043fdff] { ro };
"P3":  place in [from 0x20000000 to 0x2000bfff] {
          rw, block CSTACK, block HEAP };

  Section            Kind        Address     Size  Object
  -------            ----        -------     ----  ------
"A1":                                        0xd0
  .vectors                    0x00400000     0xd0  <Block>
    .vectors         const    0x00400000     0xd0  board_cstartup_iar.o [1]
                            - 0x004000d0     0xd0

"P1":                                     0x141fe
  .rodata            const    0x004000d0   0x2978  bmp_logo_atmel.o [1]
  ATML_DEMO          ro code  0x00402a48   0x1b30  ff.o [1]
  .text              ro code  0x00404578    0xe96  xprintflarge.o [3]
  ATML_DEMO          ro code  0x00405410    0xd48  USBD_UDP.o [1]
  ATML_DEMO          ro code  0x00406158    0xc70  backend_ILI9325.o [1]
  ATML_DEMO          ro code  0x00406dc8    0xba6  SBCMethods.o [1]
  .rodata            const    0x00407970    0x780  sam_gui_font10x14.o [1]
  ATML_DEMO          ro code  0x004080f0    0x758  tasks.o [1]
  ATML_DEMO          ro code  0x00408848    0x664  scr_main.o [1]
  ATML_DEMO          ro code  0x00408eac    0x5c6  ManagedNandFlash.o [1]
  ATML_DEMO          ro code  0x00409474    0x594  RawNandFlash.o [1]
  ATML_DEMO          ro code  0x00409a08    0x484  scr_settings_date.o [1]
  ATML_DEMO          ro code  0x00409e8c    0x478  scr_settings_time.o [1]
  ATML_DEMO          ro code  0x0040a304    0x454  USBDDriver.o [1]
  .text              ro code  0x0040a758    0x448  touch_process.o [4]
  ATML_DEMO          ro code  0x0040aba0    0x432  MappedNandFlash.o [1]
  ATML_DEMO          ro code  0x0040afd4    0x402  queue.o [1]
  .text              ro code  0x0040b3d8    0x3ec  touch_burst_qt_base.o [4]
  ATML_DEMO          ro code  0x0040b7c4    0x3cc  MEDNandFlash.o [1]
  ATML_DEMO          ro code  0x0040bb90    0x3cc  TranslatedNandFlash.o [1]
  .rodata            const    0x0040bf5c    0x3c0  ccsbcs.o [1]
  ATML_DEMO          ro code  0x0040c31c    0x3a4  scr_qtouch.o [1]
  ATML_DEMO          ro code  0x0040c6c0    0x398  MSDDStateMachine.o [1]
  ATML_DEMO          ro code  0x0040ca58    0x394  scr_disp_demo.o [1]
  .text              ro code  0x0040cdec    0x380  touch_rs_qt.o [4]
  ATML_DEMO          ro code  0x0040d16c    0x35c  scr_TSDCalibration.o [1]
  ATML_DEMO          ro code  0x0040d4c8    0x2c8  scr_lp_modes_wait.o [1]
  .rodata            const    0x0040d790    0x2b8  NandFlashModelList.o [1]
  ATML_DEMO          ro code  0x0040da48    0x272  hamming.o [1]
  ATML_DEMO          ro code  0x0040dcbc    0x252  MSDLun.o [1]
  ATML_DEMO          ro code  0x0040df10    0x248  main.o [1]
  .text              ro code  0x0040e158    0x246  DblDiv.o [5]
  ATML_DEMO          ro code  0x0040e3a0    0x214  frontend_ADS7843.o [1]
  ATML_DEMO          ro code  0x0040e5b4    0x214  ftldrv.o [1]
  ATML_DEMO          ro code  0x0040e7c8    0x204  pio_it.o [1]
  ATML_DEMO          ro code  0x0040e9cc    0x1fc  pio.o [1]
  ATML_DEMO          ro code  0x0040ebc8    0x1f8  qtouch.o [1]
  .text              ro code  0x0040edc0    0x1f0  touch_burst_qt.o [4]
  .text              ro code  0x0040efb0    0x1dc  touch_api.o [4]
  .rodata            const    0x0040f18c    0x1c4  ftldrv.o [1]
  ATML_DEMO          ro code  0x0040f350    0x1b4  wgt_core_screen.o [1]
  ATML_DEMO          ro code  0x0040f504    0x1ac  scr_lp_modes.o [1]
  ATML_DEMO          ro code  0x0040f6b0    0x1ac  scr_lp_modes_sleep.o [1]
  ATML_DEMO          ro code  0x0040f85c    0x1a8  scr_settings.o [1]
  .text              ro code  0x0040fa04    0x1a2  DblMul.o [5]
  ATML_DEMO          ro code  0x0040fba6    0x18e  NandFlashModel.o [1]
  ATML_DEMO          ro code  0x0040fd34    0x180  frontend_potentiometer.o [1]
  ATML_DEMO          ro code  0x0040feb4    0x180  scr_settings_backlight.o [1]
  .text              ro code  0x00410034    0x17e  DblSub.o [5]
  .rodata            const    0x004101b4    0x17c  scr_qtouch.o [1]
  ATML_DEMO          ro code  0x00410330    0x17c  MSDDriver.o [1]
  ATML_DEMO          ro code  0x004104ac    0x16a  EccNandFlash.o [1]
  ATML_DEMO          ro code  0x00410618    0x164  wgt_core.o [1]
  .rodata            const    0x0041077c    0x138  demo_parameters.o [1]
  .text              ro code  0x004108b4    0x12e  I64DivMod.o [5]
  ATML_DEMO          ro code  0x004109e4    0x128  diskio.o [1]
  ATML_DEMO          ro code  0x00410b0c    0x118  scr_lp_modes_backup.o [1]
  .rodata            const    0x00410c24    0x108  backend_ILI9325.o [1]
  .rodata            const    0x00410d2c    0x100  ccsbcs.o [1]
  ATML_DEMO          ro code  0x00410e2c    0x100  scr_ppt.o [1]
  ATML_DEMO          ro code  0x00410f2c     0xfc  ads7843.o [1]
  .rodata            const    0x00411028     0xf8  main.o [1]
  ATML_DEMO          ro code  0x00411120     0xf0  wgt_core_widget.o [1]
  ATML_DEMO          ro code  0x00411210     0xe8  scr_infos.o [1]
  .text              ro code  0x004112f8     0xe6  DblAdd.o [5]
  ATML_DEMO          ro code  0x004113e0     0xe6  board_lowlevel_demo.o [1]
  ATML_DEMO          ro code  0x004114c8     0xe4  demo_parameters.o [1]
  ATML_DEMO          ro code  0x004115ac     0xe4  flashd.o [1]
  ATML_DEMO          ro code  0x00411690     0xe4  scr_audio.o [1]
  .rodata            const    0x00411774     0xdc  scr_main.o [1]
  .rodata            const    0x00411850     0xd4  scr_lp_modes_sleep.o [1]
  ATML_DEMO          ro code  0x00411924     0xd2  rtmedia.o [1]
  .rodata            const    0x004119f8     0xcc  scr_lp_modes_wait.o [1]
  ATML_DEMO          ro code  0x00411ac4     0xc8  adc.o [1]
  .text              ro code  0x00411b8c     0xc6  xdnorm.o [3]
  .rodata            const    0x00411c54     0xc4  scr_lp_modes_backup.o [1]
  ATML_DEMO          ro code  0x00411d18     0xc4  scr_intro.o [1]
  .text              ro code  0x00411ddc     0xbc  xxmemxmalloc.o [3]
  ATML_DEMO          ro code  0x00411e98     0xb4  uart_console.o [1]
  .rodata            const    0x00411f4c     0xb0  scr_settings.o [1]
  ATML_DEMO          ro code  0x00411ffc     0xb0  wgt_core_behaviour_default.o [1]
  ATML_DEMO          ro code  0x004120ac     0xa8  usbmsd.o [1]
  ATML_DEMO          ro code  0x00412154     0xa4  pmc.o [1]
  ATML_DEMO          ro code  0x004121f8     0x9c  port.o [1]
  .rodata            const    0x00412294     0x98  scr_TSDCalibration.o [1]
  .text              ro code  0x0041232c     0x96  packbits_init2.o [5]
  .rodata            const    0x004123c4     0x94  ff.o [1]
  ATML_DEMO          ro code  0x00412458     0x94  list.o [1]
  ATML_DEMO          ro code  0x004124ec     0x90  NandSpareScheme.o [1]
  ATML_DEMO          ro code  0x0041257c     0x8c  USBConfigurationDescriptor.o [1]
  .text              ro code  0x00412608     0x88  xxmemxfree.o [3]
  .text              ro code  0x00412690     0x88  xsyslock.o [3]
  ATML_DEMO          ro code  0x00412718     0x88  efc.o [1]
  CODE               ro code  0x004127a0     0x88  portasm.o [1]
  .rodata            const    0x00412828     0x84  NandSpareScheme.o [1]
  .rodata            const    0x004128ac     0x84  NandSpareScheme.o [1]
  .rodata            const    0x00412930     0x84  NandSpareScheme.o [1]
  .rodata            const    0x004129b4     0x84  scr_lp_modes.o [1]
  .rodata            const    0x00412a38     0x80  pio_it.o [1]
  .rodata            const    0x00412ab8     0x80  pio_it.o [1]
  .rodata            const    0x00412b38     0x80  pio_it.o [1]
  .rodata            const    0x00412bb8     0x7c  scr_infos.o [1]
  .rodata            const    0x00412c34     0x7c  scr_settings_backlight.o [1]
  ATML_DEMO          ro code  0x00412cb0     0x78  board_dependencies.o [1]
  .text              ro code  0x00412d28     0x70  ABImemcpy.o [5]
  ATML_DEMO          ro code  0x00412d98     0x70  wgt_core_message.o [1]
  .rodata            const    0x00412e08     0x6c  ff.o [1]
  .text              ro code  0x00412e74     0x6c  strncpy.o [5]
  ATML_DEMO          ro code  0x00412ee0     0x6c  led.o [1]
  .text              ro code  0x00412f4c     0x68  cppinit.o [3]
  ATML_DEMO          ro code  0x00412fb4     0x68  ccsbcs.o [1]
  .text              ro code  0x0041301c     0x66  ABImemset.o [5]
  ATML_DEMO          ro code  0x00413084     0x64  wgt_core_frontend.o [1]
  .text              ro code  0x004130e8     0x62  memcmp.o [5]
  .rodata            const    0x0041314c     0x58  scr_lp_modes.o [1]
  .text              ro code  0x004131a4     0x58  memchr.o [5]
  .rodata            const    0x004131fc     0x54  scr_settings_date.o [1]
  .rodata            const    0x00413250     0x54  scr_settings_time.o [1]
  .text              ro code  0x004132a4     0x50  xencoding_sb.o [3]
  ATML_DEMO          ro code  0x004132f4     0x4c  heap_1.o [1]
  .rodata            const    0x00413340     0x48  backend_ILI9325.o [1]
  .rodata            const    0x00413388     0x48  scr_audio.o [1]
  .rodata            const    0x004133d0     0x48  scr_audio.o [1]
  .rodata            const    0x00413418     0x48  scr_settings_date.o [1]
  .rodata            const    0x00413460     0x48  xlocale_c.o [3]
  .text              ro code  0x004134a8     0x48  MtxWrapper.o [3]
  ATML_DEMO          ro code  0x004134f0     0x48  disp_backend.o [1]
  ATML_DEMO          ro code  0x00413538     0x44  exceptions.o [1]
  .rodata            const    0x0041357c     0x40  scr_settings_time.o [1]
  .text              ro code  0x004135bc     0x40  snprintf.o [3]
  .rodata            const    0x004135fc     0x3c  ads7843.o [1]
  .rodata            const    0x00413638     0x3c  scr_settings_backlight.o [1]
  .rodata            const    0x00413674     0x3c  wgt_core_frontend.o [1]
  .rodata            const    0x004136b0     0x38  scr_disp_demo.o [1]
  .rodata            const    0x004136e8     0x38  scr_settings.o [1]
  ATML_DEMO          ro code  0x00413720     0x38  board_memories_demo.o [1]
  .text              ro code  0x00413758     0x36  strlen.o [5]
  .rodata            const    0x00413790     0x34  scr_TSDCalibration.o [1]
  .rodata            const    0x004137c4     0x34  scr_qtouch.o [1]
  ATML_DEMO          ro code  0x004137f8     0x34  USBGenericRequest.o [1]
  .rodata            const    0x0041382c     0x30  backend_ILI9325.o [1]
  .rodata            const    0x0041385c     0x30  qtouch.o [1]
  .rodata            const    0x0041388c     0x30  wgt_core.o [1]
  .text              ro code  0x004138bc     0x30  sprintf.o [3]
  ATML_DEMO          ro code  0x004138ec     0x30  frontend_pushbuttons.o [1]
  .text              ro code  0x0041391c     0x2e  DblCmpLe.o [5]
  .rodata            const    0x0041394c     0x2c  backend_ILI9325.o [1]
  .rodata            const    0x00413978     0x2c  backend_ILI9325.o [1]
  .rodata            const    0x004139a4     0x2c  main.o [1]
  .text              ro code  0x004139d0     0x2a  DblToI32.o [5]
  .rodata            const    0x004139fc     0x28  MSDDriverDescriptors.o [1]
  .rodata            const    0x00413a24     0x28  scr_intro.o [1]
  .text              ro code  0x00413a4c     0x28  xgetmemchunk.o [3]
  ATML_DEMO          ro code  0x00413a74     0x28  spi.o [1]
  .rodata            const    0x00413a9c     0x24  led.o [1]
  .rodata            const    0x00413ac0     0x24  main.o [1]
  .rodata            const    0x00413ae4     0x24  wgt_core_screen.o [1]
  ATML_DEMO          ro code  0x00413b08     0x24  rand.o [1]
  ATML_DEMO          ro code  0x00413b2c     0x24  USBEndpointDescriptor.o [1]
  .iar.init_table    const    0x00413b50     0x2c  - Linker created -
  .rodata            const    0x00413b7c     0x20  MSDDriverDescriptors.o [1]
  .rodata            const    0x00413b9c     0x20  MSDDriverDescriptors.o [1]
  .rodata            const    0x00413bbc     0x20  scr_main.o [1]
  .text              ro code  0x00413bdc     0x20  printf.o [3]
  .text              ro code  0x00413bfc     0x20  data_init2.o [5]
  .text              ro code  0x00413c1c     0x20  xmbtowc.o [3]
  .text              ro code  0x00413c3c     0x1e  strcat.o [3]
  ATML_DEMO          ro code  0x00413c5a     0x1e  USBDCallbacks_Resumed.o [1]
  .rodata            const    0x00413c78     0x1c  MSDDriverDescriptors.o [1]
  .rodata            const    0x00413c94     0x1c  scr_ppt.o [1]
  .rodata            const    0x00413cb0     0x1c  scr_ppt.o [1]
  ATML_DEMO          ro code  0x00413ccc     0x1c  USBDCallbacks_Initialized.o [1]
  ATML_DEMO          ro code  0x00413ce8     0x1c  tc.o [1]
  .text              ro code  0x00413d04     0x1a  I32ToDbl.o [5]
  .text              ro code  0x00413d1e     0x1a  xsnprout.o [3]
  .text              ro code  0x00413d38     0x1a  xwctomb.o [3]
  .text              ro code  0x00413d52     0x1a  zero_init2.o [5]
  .rodata            const    0x00413d6c     0x18  frontend_ADS7843.o [1]
  .rodata            const    0x00413d84     0x18  frontend_pushbuttons.o [1]
  .rodata            const    0x00413d9c     0x18  main.o [1]
  .rodata            const    0x00413db4     0x18  wgt_core_screen.o [1]
  .text              ro code  0x00413dcc     0x18  cmain.o [5]
  ATML_DEMO          ro code  0x00413de4     0x18  board_cstartup_iar.o [1]
  .text              ro code  0x00413dfc     0x16  strchr.o [5]
  .text              ro code  0x00413e12     0x16  xprout.o [3]
  .rodata            const    0x00413e28     0x14  MSDDriverDescriptors.o [1]
  .rodata            const    0x00413e3c     0x14  scr_main.o [1]
  .rodata            const    0x00413e50     0x14  tasks.o [1]
  .rodata            const    0x00413e64     0x14  tasks.o [1]
  .text              ro code  0x00413e78     0x14  localeconv.o [3]
  .text              ro code  0x00413e8c     0x14  setlocale.o [3]
  ATML_DEMO          ro code  0x00413ea0     0x14  EccNandFlash.o [1]
  ATML_DEMO          ro code  0x00413eb4     0x14  USBGenericDescriptor.o [1]
  ATML_DEMO          ro code  0x00413ec8     0x14  USBGetDescriptorRequest.o [1]
  ATML_DEMO          ro code  0x00413edc     0x14  USBInterfaceRequest.o [1]
  ATML_DEMO          ro code  0x00413ef0     0x12  USBDCallbacks_Suspended.o [1]
  .rodata            const    0x00413f04     0x10  ff.o [1]
  .rodata            const    0x00413f14     0x10  sam_gui_font.o [1]
  .rodata            const    0x00413f24     0x10  xprintflarge.o [3]
  ATML_DEMO          ro code  0x00413f34     0x10  wdt.o [1]
  ATML_DEMO          ro code  0x00413f44     0x10  math.o [1]
  .text              ro code  0x00413f54      0xe  cexit.o [5]
  .text              ro code  0x00413f62      0xe  div.o [3]
  .rodata            const    0x00413f70      0xc  MSDDriverDescriptors.o [1]
  .rodata            const    0x00413f7c      0xc  frontend_ADS7843.o [1]
  .rodata            const    0x00413f88      0xc  frontend_potentiometer.o [1]
  .rodata            const    0x00413f94      0xc  frontend_pushbuttons.o [1]
  .rodata            const    0x00413fa0      0xc  frontend_qtouch.o [1]
  .rodata            const    0x00413fac      0xc  uart_console.o [1]
  .rodata            const    0x00413fb8      0xc  usbmsd.o [1]
  .text              ro code  0x00413fc4      0xc  XXexit.o [5]
  ATML_DEMO          ro code  0x00413fd0      0xc  MEDNandFlash.o [1]
  ATML_DEMO          ro code  0x00413fdc      0xc  USBSetAddressRequest.o [1]
  .text              ro code  0x00413fe8      0xa  xsprout.o [3]
  .text              ro code  0x00413ff2      0xa  xmbcurmax.o [3]
  ATML_DEMO          ro code  0x00413ffc      0xa  USBFeatureRequest.o [1]
  ATML_DEMO          ro code  0x00414006      0xa  USBSetConfigurationRequest.o [1]
  .rodata            const    0x00414010      0x8  scr_settings_date.o [1]
  .rodata            const    0x00414018      0x8  scr_settings_time.o [1]
  .rodata            const    0x00414020      0x8  tasks.o [1]
  .rodata            const    0x00414028      0x8  xprintflarge.o [3]
  .rodata            const    0x00414030      0x8  localeconv.o [3]
  .rodata            const    0x00414038      0x8  localeconv.o [3]
  .rodata            const    0x00414040      0x8  xencoding_sb.o [3]
  .rodata            const    0x00414048      0x8  xencoding_sb.o [3]
  .rodata            const    0x00414050      0x8  xlocale_c.o [3]
  .rodata            const    0x00414058      0x8  xlocale_c.o [3]
  ATML_DEMO          ro code  0x00414060      0x8  frontend_qtouch.o [1]
  .text              ro code  0x00414068      0x6  exit.o [3]
  .rodata            const    0x00414070      0x4  MSDDriverDescriptors.o [1]
  .rodata            const    0x00414074      0x4  SBCMethods.o [1]
  .rodata            const    0x00414078      0x4  ff.o [1]
  .rodata            const    0x0041407c      0x4  scr_qtouch.o [1]
  .rodata            const    0x00414080      0x4  wgt_core.o [1]
  .text              ro code  0x00414084      0x2  I64DivZer.o [5]
  ATML_DEMO          ro code  0x00414086      0x4  sam_gui_freertos.o [1]
  .rodata            const    0x0041408a      0x2  localeconv.o [3]
  .rodata            const    0x0041408c      0x2  xlocale_c.o [3]
  ATML_DEMO          ro code  0x0041408e      0x2  USBDCallbacks_Reset.o [1]
  ATML_DEMO          ro code  0x00414090      0x2  USBDDriverCb_IfSettingChanged.o [1]
  .rodata            const    0x00414092      0x1  localeconv.o [3]
  .rodata            const    0x00414093      0x1  setlocale.o [3]
  .rodata            const    0x00414094      0x1  xlocale_c.o [3]
  Initializer bytes  ro data  0x00414095    0x239  <for P3 s0>
                            - 0x004142ce  0x141fe

"P3", part 1 of 3:                          0xa48
  CSTACK                      0x20000000    0x600  <Block>
    CSTACK           uninit   0x20000000    0x600  <Block tail>
  .iar.dynexit                0x20000600    0x1e0  <Block>
    .iar.dynexit     uninit   0x20000600      0xc  cppinit.o [3]
    .iar.dynexit     uninit   0x2000060c    0x1d4  <Block tail>
  .noinit            uninit   0x200007e0    0x188  scr_qtouch.o [1]
  .noinit            uninit   0x20000968     0x8c  scr_ppt.o [1]
  .noinit            uninit   0x200009f4     0x18  scr_settings_date.o [1]
  .noinit            uninit   0x20000a0c     0x18  scr_settings_time.o [1]
  .noinit            uninit   0x20000a24     0x10  wgt_core_frontend.o [1]
  .noinit            uninit   0x20000a34      0xc  scr_disp_demo.o [1]
  HEAP                        0x20000a40      0x0  <Block>
  .noinit            uninit   0x20000a40      0x8  disp_backend.o [1]
                            - 0x20000a48    0xa48

"P3", part 2 of 3:                          0xb5c
  P3 s0                       0x20000a48    0xb5c  <Init block>
    .data            inited   0x20000a48    0x2e4  scr_settings_time.o [1]
    .data            inited   0x20000d2c     0x84  setlocale.o [3]
    .data            inited   0x20000db0     0x6c  scr_TSDCalibration.o [1]
    .data            inited   0x20000e1c     0x64  scr_audio.o [1]
    .data            inited   0x20000e80     0x64  scr_disp_demo.o [1]
    .data            inited   0x20000ee4     0x64  scr_infos.o [1]
    .data            inited   0x20000f48     0x64  scr_intro.o [1]
    .data            inited   0x20000fac     0x64  scr_lp_modes.o [1]
    .data            inited   0x20001010     0x64  scr_lp_modes_backup.o [1]
    .data            inited   0x20001074     0x64  scr_lp_modes_sleep.o [1]
    .data            inited   0x200010d8     0x64  scr_lp_modes_wait.o [1]
    .data            inited   0x2000113c     0x64  scr_main.o [1]
    .data            inited   0x200011a0     0x64  scr_ppt.o [1]
    .data            inited   0x20001204     0x64  scr_qtouch.o [1]
    .data            inited   0x20001268     0x64  scr_settings.o [1]
    .data            inited   0x200012cc     0x64  scr_settings_backlight.o [1]
    .data            inited   0x20001330     0x64  scr_settings_date.o [1]
    .data            inited   0x20001394     0x60  MSDLun.o [1]
    .data            inited   0x200013f4     0x4c  tasks.o [1]
    .data            inited   0x20001440     0x4c  localeconv.o [3]
    .data            inited   0x2000148c     0x40  backend_ILI9325.o [1]
    .data            inited   0x200014cc     0x40  xfiles.o [3]
    .data            inited   0x2000150c     0x40  xfiles.o [3]
    .data            inited   0x2000154c     0x3c  demo_parameters.o [1]
    .data            inited   0x20001588     0x10  MSDDriverDescriptors.o [1]
    .data            inited   0x20001598      0x4  port.o [1]
    .data            inited   0x2000159c      0x4  rand.o [1]
    .data            inited   0x200015a0      0x4  cppinit.o [3]
                            - 0x200015a4    0xb5c

"P3", part 3 of 3:                         0xa850
  .bss               zero     0x200015a8   0x2c08  heap_1.o [1]
  .bss               zero     0x200041b0   0x2bac  ftldrv.o [1]
  .bss               zero     0x20006d5c   0x2008  MEDNandFlash.o [1]
  .bss               zero     0x20008d64   0x1860  usbmsd.o [1]
  .bss               zero     0x2000a5c4    0x800  backend_ILI9325.o [1]
  .bss               zero     0x2000adc4    0x280  scr_settings_date.o [1]
  .bss               zero     0x2000b044    0x218  scr_main.o [1]
  .bss               zero     0x2000b25c    0x140  scr_settings.o [1]
  .bss               zero     0x2000b39c    0x100  flashd.o [1]
  .bss               zero     0x2000b49c    0x100  main.o [1]
  .bss               zero     0x2000b59c    0x100  scr_lp_modes.o [1]
  .bss               zero     0x2000b69c    0x100  scr_settings_backlight.o [1]
  .bss               zero     0x2000b79c    0x100  touch_process.o [4]
  .bss               zero     0x2000b89c     0xe0  USBD_UDP.o [1]
  .bss               zero     0x2000b97c     0xac  tasks.o [1]
  .bss               zero     0x2000ba28     0x8c  touch_api.o [4]
  .bss               zero     0x2000bab4     0x80  scr_audio.o [1]
  .bss               zero     0x2000bb34     0x68  MSDDriver.o [1]
  .bss               zero     0x2000bb9c     0x50  xfiles.o [3]
  .bss               zero     0x2000bbec     0x50  xfiles.o [3]
  .bss               zero     0x2000bc3c     0x4c  scr_TSDCalibration.o [1]
  .bss               zero     0x2000bc88     0x34  tasks.o [1]
  .bss               zero     0x2000bcbc     0x20  frontend_ADS7843.o [1]
  .bss               zero     0x2000bcdc     0x20  wgt_core.o [1]
  .bss               zero     0x2000bcfc     0x20  touch_burst_qt.o [4]
  .bss               zero     0x2000bd1c     0x20  touch_process.o [4]
  .bss               zero     0x2000bd3c     0x14  scr_infos.o [1]
  .bss               zero     0x2000bd50     0x14  scr_lp_modes_wait.o [1]
  .bss               zero     0x2000bd64     0x14  touch_api.o [4]
  .bss               zero     0x2000bd78     0x14  xsyslock.o [3]
  .bss               zero     0x2000bd8c     0x10  touch_rs_qt.o [4]
  .bss               zero     0x2000bd9c      0xc  usbmsd.o [1]
  .bss               zero     0x2000bda8      0x8  ff.o [1]
  .bss               zero     0x2000bdb0      0x8  qtouch.o [1]
  .bss               zero     0x2000bdb8      0x8  scr_lp_modes_sleep.o [1]
  .bss               zero     0x2000bdc0      0x8  xxmemxmalloc.o [3]
  .bss               zero     0x2000bdc8      0x4  efc.o [1]
  .bss               zero     0x2000bdcc      0x4  frontend_potentiometer.o [1]
  .bss               zero     0x2000bdd0      0x4  scr_intro.o [1]
  .bss               zero     0x2000bdd4      0x4  tasks.o [1]
  .bss               zero     0x2000bdd8      0x4  xgetmemchunk.o [3]
  .bss               zero     0x2000bddc      0x4  MtxWrapper.o [3]
  .bss               zero     0x2000bde0      0x4  MtxWrapper.o [3]
  .bss               zero     0x2000bde4      0x4  MtxWrapper.o [3]
  .bss               zero     0x2000bde8      0x4  MtxWrapper.o [3]
  .bss               zero     0x2000bdec      0x2  USBDDriver.o [1]
  .bss               zero     0x2000bdee      0x2  USBDDriver.o [1]
  .bss               zero     0x2000bdf0      0x2  USBD_UDP.o [1]
  .bss               zero     0x2000bdf2      0x2  touch_process.o [4]
  .bss               zero     0x2000bdf4      0x1  uart_console.o [1]
  .bss               zero     0x2000bdf5      0x1  touch_burst_qt_base.o [4]
                            - 0x2000bdf6   0xa84e


*******************************************************************************
*** INIT TABLE
***

          Address     Size
          -------     ----
Zero (__iar_zero_init2)
    1 destination range, total size 0xa84e:
          0x200015a8  0xa84e

Copy/packbits (__iar_packbits_init2)
    1 source range, total size 0x239 (19% of destination):
          0x00414095   0x239
    1 destination range, total size 0xb5c:
          0x20000a48   0xb5c


*******************************************************************************
*** MODULE SUMMARY
***

    Module                           ro code  ro data  rw data
    ------                           -------  -------  -------
D:\Firmware\ sam3s-demo-source --username kaiser.ren@gmail.com\demo\ewp\output\debug\obj: [1]
    EccNandFlash.o                       382
    MEDNandFlash.o                       984             8 200
    MSDDStateMachine.o                   920
    MSDDriver.o                          380               104
    MSDDriverDescriptors.o                        171       16
    MSDLun.o                             594       19       96
    ManagedNandFlash.o                 1 478
    MappedNandFlash.o                  1 074
    NandFlashModel.o                     398
    NandFlashModelList.o                          696
    NandSpareScheme.o                    144      396
    RawNandFlash.o                     1 428
    SBCMethods.o                       2 982        4
    TranslatedNandFlash.o                972
    USBConfigurationDescriptor.o         140
    USBDCallbacks_Initialized.o           28
    USBDCallbacks_Reset.o                  2
    USBDCallbacks_Resumed.o               30
    USBDCallbacks_Suspended.o             18
    USBDDriver.o                       1 108                 4
    USBDDriverCb_IfSettingChanged.o        2
    USBD_UDP.o                         3 400               226
    USBEndpointDescriptor.o               36
    USBFeatureRequest.o                   10
    USBGenericDescriptor.o                20
    USBGenericRequest.o                   52
    USBGetDescriptorRequest.o             20
    USBInterfaceRequest.o                 20
    USBSetAddressRequest.o                12
    USBSetConfigurationRequest.o          10
    adc.o                                200
    ads7843.o                            252       60
    backend_ILI9325.o                  3 184      484    2 112
    bmp_logo_atmel.o                           10 616
    board_cstartup_iar.o                  24      208
    board_dependencies.o                 120
    board_lowlevel_demo.o                230
    board_memories_demo.o                 56
    ccsbcs.o                             104    1 216
    demo_parameters.o                    228      324       60
    diskio.o                             296
    disp_backend.o                        72                 8
    efc.o                                136                 4
    exceptions.o                          68
    ff.o                               6 960      276        8
    flashd.o                             228               256
    frontend_ADS7843.o                   532       36       32
    frontend_potentiometer.o             384       12        4
    frontend_pushbuttons.o                48       36
    frontend_qtouch.o                      8       12
    ftldrv.o                             532      452   11 180
    hamming.o                            626
    heap_1.o                              76            11 272
    led.o                                108       36
    list.o                               148
    main.o                               584      352      256
    math.o                                16
    pio.o                                508
    pio_it.o                             516      384
    pmc.o                                164
    port.o                               156        1        4
    portasm.o                            136
    qtouch.o                             504       48        8
    queue.o                            1 026
    rand.o                                36        1        4
    rtmedia.o                            210
    sam_gui_font.o                                 16
    sam_gui_font10x14.o                         1 920
    sam_gui_freertos.o                     4
    scr_TSDCalibration.o                 860      225      184
    scr_audio.o                          228      164      228
    scr_disp_demo.o                      916       75      112
    scr_infos.o                          232      144      120
    scr_intro.o                          196       60      104
    scr_lp_modes.o                       428      239      356
    scr_lp_modes_backup.o                280      216      100
    scr_lp_modes_sleep.o                 428      231      108
    scr_lp_modes_wait.o                  712      224      120
    scr_main.o                         1 636      291      636
    scr_ppt.o                            256       76      240
    scr_qtouch.o                         932      455      492
    scr_settings.o                       424      252      420
    scr_settings_backlight.o             384      204      356
    scr_settings_date.o                1 156      183      764
    scr_settings_time.o                1 144      300      764
    spi.o                                 40
    tasks.o                            1 880       63      304
    tc.o                                  28
    uart_console.o                       180       12        1
    usbmsd.o                             168       12    6 252
    wdt.o                                 16
    wgt_core.o                           356       52       32
    wgt_core_behaviour_default.o         176
    wgt_core_frontend.o                  100       60       16
    wgt_core_message.o                   112
    wgt_core_screen.o                    436       60
    wgt_core_widget.o                    240
    ----------------------------------------------------------
    Total:                            49 068   21 374   45 563

command line: [2]
    ----------------------------------------------------------
    Total:

dl7M_tl_if.a: [3]
    MtxWrapper.o                          72                16
    cppinit.o                            104        1       16
    div.o                                 14
    exit.o                                 6
    localeconv.o                          20       34       76
    printf.o                              32
    setlocale.o                           20       27      132
    snprintf.o                            64
    sprintf.o                             48
    strcat.o                              30
    xdnorm.o                             198
    xencoding_sb.o                        80       16
    xfiles.o                                       25      288
    xgetmemchunk.o                        40                 4
    xlocale_c.o                                    91
    xmbcurmax.o                           10
    xmbtowc.o                             32
    xprintflarge.o                     3 734       24
    xprout.o                              22
    xsnprout.o                            26
    xsprout.o                             10
    xsyslock.o                           136                20
    xwctomb.o                             26
    xxmemxfree.o                         136
    xxmemxmalloc.o                       188                 8
    ----------------------------------------------------------
    Total:                             5 048      218      560

libQTouchIarCfg3SRevB.a: [4]
    touch_api.o                          476               160
    touch_burst_qt.o                     496                32
    touch_burst_qt_base.o              1 004                 1
    touch_process.o                    1 096               290
    touch_rs_qt.o                        896                16
    ----------------------------------------------------------
    Total:                             3 968               499

rt7M_tl.a: [5]
    ABImemcpy.o                          112
    ABImemset.o                          102
    DblAdd.o                             230
    DblCmpLe.o                            46
    DblDiv.o                             582
    DblMul.o                             418
    DblSub.o                             382
    DblToI32.o                            42
    I32ToDbl.o                            26
    I64DivMod.o                          302
    I64DivZer.o                            2
    XXexit.o                              12
    cexit.o                               14
    cmain.o                               24
    data_init2.o                          32
    memchr.o                              88
    memcmp.o                              98
    packbits_init2.o                     150
    strchr.o                              22
    strlen.o                              54
    strncpy.o                            108
    zero_init2.o                          26
    ----------------------------------------------------------
    Total:                             2 872

    Gaps                                  24       22
    Linker created                                 44    2 004
--------------------------------------------------------------
    Grand Total:                      60 980   21 658   48 626


*******************************************************************************
*** ENTRY LIST
***

Entry                      Address    Size  Type      Object
-----                      -------    ----  ----      ------
.iar.dynexit$$Base      0x20000600           --   Gb  - Linker created -
.iar.dynexit$$Limit     0x200007e0           --   Gb  - Linker created -
.vectors$$Base          0x00400000           --   Gb  - Linker created -
.vectors$$Limit         0x004000d0           --   Gb  - Linker created -
ACC_IrqHandler          0x0041357b     0x2  Code  Wk  exceptions.o [1]
ADC_GetConvertedData    0x00411b39    0x10  Code  Gb  adc.o [1]
ADC_Initialize          0x00411ac5    0x6e  Code  Gb  adc.o [1]
ADC_IrqHandler          0x0040fd6b    0x58  Code  Gb  frontend_potentiometer.o [1]
ADC_SetCompareChannel   0x00411b49    0x30  Code  Gb  adc.o [1]
ADC_SetCompareMode      0x00411b79    0x10  Code  Gb  adc.o [1]
ADC_SetComparisonWindow
                        0x00411b89     0x4  Code  Gb  adc.o [1]
ADS7843_GetPosition     0x00410f93    0x1e  Code  Gb  ads7843.o [1]
ADS7843_Initialize      0x00410fb1    0x58  Code  Gb  ads7843.o [1]
AllocateBlock           0x0040bc15    0xba  Code  Lc  TranslatedNandFlash.o [1]
BOARD_ConfigureNandFlash
                        0x00413721    0x38  Code  Gb  board_memories_demo.o [1]
BOARD_ConfigurePmc      0x004113e1    0xc0  Code  Lc  board_lowlevel_demo.o [1]
BlockCanBeAllocated     0x0040bb91    0x24  Code  Lc  TranslatedNandFlash.o [1]
BusFault_Handler        0x00413541     0x2  Code  Wk  exceptions.o [1]
CRCCU_IrqHandler        0x00413579     0x2  Code  Wk  exceptions.o [1]
CSTACK$$Base            0x20000000           --   Gb  - Linker created -
CSTACK$$Limit           0x20000600           --   Gb  - Linker created -
CheckBlock              0x00408f13    0x5c  Code  Lc  ManagedNandFlash.o [1]
Compute256              0x0040da7f   0x108  Code  Lc  hamming.o [1]
ConfigureTc0            0x0040fd49    0x22  Code  Lc  frontend_potentiometer.o [1]
CopyPage                0x004096af    0xe6  Code  Lc  RawNandFlash.o [1]
CountBitsInByte         0x0040da49    0x16  Code  Lc  hamming.o [1]
CountBitsInCode256      0x0040da5f    0x20  Code  Lc  hamming.o [1]
DAC_IrqHandler          0x00413575     0x2  Code  Wk  exceptions.o [1]
DISP_GetBackend         0x00413509    0x28  Code  Gb  disp_backend.o [1]
DISP_Initialize         0x004134f1    0x18  Code  Gb  disp_backend.o [1]
DebugMon_Handler        0x00413545     0x2  Code  Wk  exceptions.o [1]
Demo_Parameters_CommitChanges
                        0x0041157b    0x22  Code  Gb  demo_parameters.o [1]
Demo_Parameters_Initialize
                        0x004114c9    0xb2  Code  Gb  demo_parameters.o [1]
DtorRecArray            0x20000600     0xc  Data  Lc  cppinit.o [3]
EEFC_IrqHandler         0x00413553     0x2  Code  Wk  exceptions.o [1]
EFC_ComputeAddress      0x00412749    0x2a  Code  Gb  efc.o [1]
EFC_PerformCommand      0x00412773    0x20  Code  Gb  efc.o [1]
EFC_TranslateAddress    0x00412719    0x30  Code  Gb  efc.o [1]
EccNandFlash_Initialize
                        0x004104ad    0x38  Code  Gb  EccNandFlash.o [1]
EccNandFlash_ReadPage   0x004104e5    0x9e  Code  Gb  EccNandFlash.o [1]
EccNandFlash_WritePage  0x00410583    0x94  Code  Gb  EccNandFlash.o [1]
EraseBlock              0x00409593    0x48  Code  Lc  RawNandFlash.o [1]
FLASHD_Write            0x004115ad    0xde  Code  Gb  flashd.o [1]
FatFs                   0x2000bdac     0x4  Data  Lc  ff.o [1]
FindLogicalMappingBlock
                        0x0040aba1    0xba  Code  Lc  MappedNandFlash.o [1]
FlushCurrentPage        0x0040b7c5    0x3e  Code  Lc  MEDNandFlash.o [1]
Fsid                    0x2000bda8     0x2  Data  Lc  ff.o [1]
GetConfiguration        0x0040a373    0x16  Code  Lc  USBDDriver.o [1]
GetDescriptor           0x0040a40d   0x17a  Code  Lc  USBDDriver.o [1]
GetDeviceStatus         0x0040a389    0x50  Code  Lc  USBDDriver.o [1]
GetEndpointStatus       0x0040a3d9    0x34  Code  Lc  USBDDriver.o [1]
GetInterface            0x0040a5c3    0x26  Code  Lc  USBDDriver.o [1]
HEAP$$Base              0x20000a40           --   Gb  - Linker created -
HEAP$$Limit             0x20000a40           --   Gb  - Linker created -
Hamming_Compute256x     0x0040dc63    0x24  Code  Gb  hamming.o [1]
Hamming_Verify256x      0x0040dc87    0x34  Code  Gb  hamming.o [1]
HardFault_Handler       0x0041353d     0x2  Code  Wk  exceptions.o [1]
IrqHandlerNotUsed       0x00413539     0x2  Code  Gb  exceptions.o [1]
IsDeviceVirgin          0x00408ead    0x66  Code  Lc  ManagedNandFlash.o [1]
IsOperationComplete     0x0040950d    0x1a  Code  Lc  RawNandFlash.o [1]
LED_Clear               0x00412f21    0x28  Code  Gb  led.o [1]
LED_Configure           0x00412ee1    0x18  Code  Gb  led.o [1]
LED_Set                 0x00412ef9    0x28  Code  Gb  led.o [1]
LUN_Read                0x0040debf    0x50  Code  Gb  MSDLun.o [1]
LUN_Write               0x0040de65    0x5a  Code  Gb  MSDLun.o [1]
LfnOfs                  0x00413f04    0x10  Data  Lc  ff.o [1]
LoadLogicalMapping      0x0040ac5b   0x106  Code  Lc  MappedNandFlash.o [1]
LowLevelInit            0x004114c5     0x2  Code  Gb  board_lowlevel_demo.o [1]
MCI_IrqHandler          0x0041355f     0x2  Code  Wk  exceptions.o [1]
MEDNandFlash_Flush      0x0040bae7    0x2e  Code  Lc  MEDNandFlash.o [1]
MEDNandFlash_Initialize
                        0x0040bb17    0x66  Code  Gb  MEDNandFlash.o [1]
MEDNandFlash_InterruptHandler
                        0x0040bb15     0x2  Code  Lc  MEDNandFlash.o [1]
MEDNandFlash_Read       0x0040ba1d    0xca  Code  Lc  MEDNandFlash.o [1]
MEDNandFlash_Write      0x0040b8b7    0xca  Code  Lc  MEDNandFlash.o [1]
MED_Flush               0x00406dc9     0xc  Code  Lc  SBCMethods.o [1]
MED_Flush               0x004109e5     0xc  Code  Lc  diskio.o [1]
MSDCallbacks_Data       0x004120d9    0x26  Code  Gb  usbmsd.o [1]
MSDD_GetCommandInformation
                        0x0040c6d3    0x20  Code  Lc  MSDDStateMachine.o [1]
MSDD_Halt               0x00410379    0x1a  Code  Gb  MSDDriver.o [1]
MSDD_IsHalted           0x00410393    0x22  Code  Gb  MSDDriver.o [1]
MSDD_PostProcessCommand
                        0x0040c809    0x38  Code  Lc  MSDDStateMachine.o [1]
MSDD_PreProcessCommand  0x0040c6f3   0x116  Code  Lc  MSDDStateMachine.o [1]
MSDD_ProcessCommand     0x0040c841    0xea  Code  Lc  MSDDStateMachine.o [1]
MSDD_Read               0x00410355    0x12  Code  Gb  MSDDriver.o [1]
MSDD_StateMachine       0x0040c92b   0x120  Code  Gb  MSDDStateMachine.o [1]
MSDD_Write              0x00410367    0x12  Code  Gb  MSDDriver.o [1]
MSDDriver_Callback      0x0040c6c1    0x12  Code  Lc  MSDDStateMachine.o [1]
MSDDriver_Callback      0x00406dd5    0x12  Code  Lc  SBCMethods.o [1]
MSDDriver_Initialize    0x004103b5    0x34  Code  Gb  MSDDriver.o [1]
MSDDriver_RequestHandler
                        0x004103e9    0xa2  Code  Gb  MSDDriver.o [1]
MSDDriver_Reset         0x00410331    0x16  Code  Lc  MSDDriver.o [1]
MSDDriver_StateMachine  0x0041048b    0x12  Code  Gb  MSDDriver.o [1]
ManagedNandFlash_AllocateBlock
                        0x00409147    0x3c  Code  Gb  ManagedNandFlash.o [1]
ManagedNandFlash_CopyBlock
                        0x0040935d    0x46  Code  Gb  ManagedNandFlash.o [1]
ManagedNandFlash_CopyPage
                        0x00409277    0xe6  Code  Gb  ManagedNandFlash.o [1]
ManagedNandFlash_CountBlocks
                        0x0040943b    0x30  Code  Gb  ManagedNandFlash.o [1]
ManagedNandFlash_EraseBlock
                        0x004091bf    0x54  Code  Gb  ManagedNandFlash.o [1]
ManagedNandFlash_EraseDirtyBlocks
                        0x004093a3    0x3a  Code  Gb  ManagedNandFlash.o [1]
ManagedNandFlash_FindYoungestBlock
                        0x004093dd    0x5e  Code  Gb  ManagedNandFlash.o [1]
ManagedNandFlash_GetDeviceSizeInBlocks
                        0x0040946b     0x8  Code  Gb  ManagedNandFlash.o [1]
ManagedNandFlash_Initialize
                        0x00408fab   0x19c  Code  Gb  ManagedNandFlash.o [1]
ManagedNandFlash_ReadPage
                        0x00409213    0x36  Code  Gb  ManagedNandFlash.o [1]
ManagedNandFlash_ReleaseBlock
                        0x00409183    0x3c  Code  Gb  ManagedNandFlash.o [1]
ManagedNandFlash_WritePage
                        0x00409249    0x2e  Code  Gb  ManagedNandFlash.o [1]
MappedNandFlash_Initialize
                        0x0040ad61    0xa2  Code  Gb  MappedNandFlash.o [1]
MappedNandFlash_LogicalToPhysical
                        0x0040ae9b    0x1c  Code  Gb  MappedNandFlash.o [1]
MappedNandFlash_Map     0x0040ae47    0x54  Code  Gb  MappedNandFlash.o [1]
MappedNandFlash_PhysicalToLogical
                        0x0040aeb7    0x3a  Code  Gb  MappedNandFlash.o [1]
MappedNandFlash_ReadPage
                        0x0040ae03    0x22  Code  Gb  MappedNandFlash.o [1]
MappedNandFlash_SaveLogicalMapping
                        0x0040aef1    0xe2  Code  Gb  MappedNandFlash.o [1]
MappedNandFlash_WritePage
                        0x0040ae25    0x22  Code  Gb  MappedNandFlash.o [1]
MarkAllPagesClean       0x0040bc07     0xe  Code  Lc  TranslatedNandFlash.o [1]
MarkPageDirty           0x0040bbdf    0x28  Code  Lc  TranslatedNandFlash.o [1]
MemManage_Handler       0x0041353f     0x2  Code  Wk  exceptions.o [1]
NMI_Handler             0x0041353b     0x2  Code  Wk  exceptions.o [1]
NVIC_ClearPendingIRQ    0x0040e7f1    0x14  Code  Lc  pio_it.o [1]
NVIC_DisableIRQ         0x0040e7dd    0x14  Code  Lc  pio_it.o [1]
NVIC_EnableIRQ          0x00413ccd    0x14  Code  Lc  USBDCallbacks_Initialized.o [1]
NVIC_EnableIRQ          0x0040fd35    0x14  Code  Lc  frontend_potentiometer.o [1]
NVIC_EnableIRQ          0x0040e7c9    0x14  Code  Lc  pio_it.o [1]
NVIC_EnableIRQ          0x0040f6b5    0x14  Code  Lc  scr_lp_modes_sleep.o [1]
NVIC_SetPriority        0x0040df11    0x1a  Code  Lc  main.o [1]
NVIC_SetPriority        0x0040e805    0x1a  Code  Lc  pio_it.o [1]
NVIC_SetPriority        0x0040f6c9    0x1a  Code  Lc  scr_lp_modes_sleep.o [1]
NandFlashInitialize     0x0040e5b5   0x1ee  Code  Gb  ftldrv.o [1]
NandFlashModel_Find     0x0040fba7    0xaa  Code  Gb  NandFlashModel.o [1]
NandFlashModel_GetBlockSizeInBytes
                        0x0040fcfd     0x6  Code  Gb  NandFlashModel.o [1]
NandFlashModel_GetBlockSizeInPages
                        0x0040fcef     0xe  Code  Gb  NandFlashModel.o [1]
NandFlashModel_GetDataBusWidth
                        0x0040fd0f     0xe  Code  Gb  NandFlashModel.o [1]
NandFlashModel_GetDeviceSizeInBlocks
                        0x0040fcbd    0x12  Code  Gb  NandFlashModel.o [1]
NandFlashModel_GetDeviceSizeInBytes
                        0x0040fce3     0xc  Code  Gb  NandFlashModel.o [1]
NandFlashModel_GetDeviceSizeInPages
                        0x0040fccf    0x14  Code  Gb  NandFlashModel.o [1]
NandFlashModel_GetPageDataSize
                        0x0040fd03     0x4  Code  Gb  NandFlashModel.o [1]
NandFlashModel_GetPageSpareSize
                        0x0040fd07     0x8  Code  Gb  NandFlashModel.o [1]
NandFlashModel_GetScheme
                        0x0040fcb9     0x4  Code  Gb  NandFlashModel.o [1]
NandFlashModel_HasSmallBlocks
                        0x0040fd1d     0xe  Code  Gb  NandFlashModel.o [1]
NandFlashModel_SupportsCopyBack
                        0x0040fd2b     0xa  Code  Gb  NandFlashModel.o [1]
NandFlashModel_TranslateAccess
                        0x0040fc51    0x68  Code  Gb  NandFlashModel.o [1]
NandSpareScheme_ReadBadBlockMarker
                        0x004124ed     0x8  Code  Gb  NandSpareScheme.o [1]
NandSpareScheme_ReadEcc
                        0x004124f5    0x1a  Code  Gb  NandSpareScheme.o [1]
NandSpareScheme_ReadExtra
                        0x00412529    0x2a  Code  Gb  NandSpareScheme.o [1]
NandSpareScheme_WriteEcc
                        0x0041250f    0x1a  Code  Gb  NandSpareScheme.o [1]
NandSpareScheme_WriteExtra
                        0x00412553    0x2a  Code  Gb  NandSpareScheme.o [1]
PIOA_Irq0Handler        0x0040e81f     0x2  Code  Wk  pio_it.o [1]
PIOA_Irq10Handler       0x0040e833     0x2  Code  Wk  pio_it.o [1]
PIOA_Irq11Handler       0x0040e835     0x2  Code  Wk  pio_it.o [1]
PIOA_Irq12Handler       0x0040e837     0x2  Code  Wk  pio_it.o [1]
PIOA_Irq13Handler       0x0040e839     0x2  Code  Wk  pio_it.o [1]
PIOA_Irq14Handler       0x0040e83b     0x2  Code  Wk  pio_it.o [1]
PIOA_Irq15Handler       0x0040e83d     0x2  Code  Wk  pio_it.o [1]
PIOA_Irq16Handler       0x0040e4bb    0x18  Code  Gb  frontend_ADS7843.o [1]
PIOA_Irq17Handler       0x0040e83f     0x2  Code  Wk  pio_it.o [1]
PIOA_Irq18Handler       0x0040e841     0x2  Code  Wk  pio_it.o [1]
PIOA_Irq19Handler       0x0040e843     0x2  Code  Wk  pio_it.o [1]
PIOA_Irq1Handler        0x0040e821     0x2  Code  Wk  pio_it.o [1]
PIOA_Irq20Handler       0x0040e845     0x2  Code  Wk  pio_it.o [1]
PIOA_Irq21Handler       0x0040e847     0x2  Code  Wk  pio_it.o [1]
PIOA_Irq22Handler       0x0040e849     0x2  Code  Wk  pio_it.o [1]
PIOA_Irq23Handler       0x0040e84b     0x2  Code  Wk  pio_it.o [1]
PIOA_Irq24Handler       0x0040e84d     0x2  Code  Wk  pio_it.o [1]
PIOA_Irq25Handler       0x0040e84f     0x2  Code  Wk  pio_it.o [1]
PIOA_Irq26Handler       0x0040e851     0x2  Code  Wk  pio_it.o [1]
PIOA_Irq27Handler       0x0040e853     0x2  Code  Wk  pio_it.o [1]
PIOA_Irq28Handler       0x0040e855     0x2  Code  Wk  pio_it.o [1]
PIOA_Irq29Handler       0x0040e857     0x2  Code  Wk  pio_it.o [1]
PIOA_Irq2Handler        0x0040e823     0x2  Code  Wk  pio_it.o [1]
PIOA_Irq30Handler       0x0040e859     0x2  Code  Wk  pio_it.o [1]
PIOA_Irq31Handler       0x0040e85b     0x2  Code  Wk  pio_it.o [1]
PIOA_Irq3Handler        0x0040e825     0x2  Code  Wk  pio_it.o [1]
PIOA_Irq4Handler        0x0040e827     0x2  Code  Wk  pio_it.o [1]
PIOA_Irq5Handler        0x0040e829     0x2  Code  Wk  pio_it.o [1]
PIOA_Irq6Handler        0x0040e82b     0x2  Code  Wk  pio_it.o [1]
PIOA_Irq7Handler        0x0040e82d     0x2  Code  Wk  pio_it.o [1]
PIOA_Irq8Handler        0x0040e82f     0x2  Code  Wk  pio_it.o [1]
PIOA_Irq9Handler        0x0040e831     0x2  Code  Wk  pio_it.o [1]
PIOA_IrqHandler         0x0040e901     0x6  Code  Gb  pio_it.o [1]
PIOB_Irq0Handler        0x0040e85d     0x2  Code  Wk  pio_it.o [1]
PIOB_Irq10Handler       0x0040e86f     0x2  Code  Wk  pio_it.o [1]
PIOB_Irq11Handler       0x0040e871     0x2  Code  Wk  pio_it.o [1]
PIOB_Irq12Handler       0x0040e873     0x2  Code  Wk  pio_it.o [1]
PIOB_Irq13Handler       0x0040e875     0x2  Code  Wk  pio_it.o [1]
PIOB_Irq14Handler       0x0040e877     0x2  Code  Wk  pio_it.o [1]
PIOB_Irq15Handler       0x0040e879     0x2  Code  Wk  pio_it.o [1]
PIOB_Irq16Handler       0x0040e87b     0x2  Code  Wk  pio_it.o [1]
PIOB_Irq17Handler       0x0040e87d     0x2  Code  Wk  pio_it.o [1]
PIOB_Irq18Handler       0x0040e87f     0x2  Code  Wk  pio_it.o [1]
PIOB_Irq19Handler       0x0040e881     0x2  Code  Wk  pio_it.o [1]
PIOB_Irq1Handler        0x0040e85f     0x2  Code  Wk  pio_it.o [1]
PIOB_Irq20Handler       0x0040e883     0x2  Code  Wk  pio_it.o [1]
PIOB_Irq21Handler       0x0040e885     0x2  Code  Wk  pio_it.o [1]
PIOB_Irq22Handler       0x0040e887     0x2  Code  Wk  pio_it.o [1]
PIOB_Irq23Handler       0x0040e889     0x2  Code  Wk  pio_it.o [1]
PIOB_Irq24Handler       0x0040e88b     0x2  Code  Wk  pio_it.o [1]
PIOB_Irq25Handler       0x0040e88d     0x2  Code  Wk  pio_it.o [1]
PIOB_Irq26Handler       0x0040e88f     0x2  Code  Wk  pio_it.o [1]
PIOB_Irq27Handler       0x0040e891     0x2  Code  Wk  pio_it.o [1]
PIOB_Irq28Handler       0x0040e893     0x2  Code  Wk  pio_it.o [1]
PIOB_Irq29Handler       0x0040e895     0x2  Code  Wk  pio_it.o [1]
PIOB_Irq2Handler        0x0040e861     0x2  Code  Wk  pio_it.o [1]
PIOB_Irq30Handler       0x0040e897     0x2  Code  Wk  pio_it.o [1]
PIOB_Irq31Handler       0x0040e899     0x2  Code  Wk  pio_it.o [1]
PIOB_Irq3Handler        0x00412ccd    0x28  Code  Gb  board_dependencies.o [1]
PIOB_Irq4Handler        0x0040e863     0x2  Code  Wk  pio_it.o [1]
PIOB_Irq5Handler        0x0040e865     0x2  Code  Wk  pio_it.o [1]
PIOB_Irq6Handler        0x0040e867     0x2  Code  Wk  pio_it.o [1]
PIOB_Irq7Handler        0x0040e869     0x2  Code  Wk  pio_it.o [1]
PIOB_Irq8Handler        0x0040e86b     0x2  Code  Wk  pio_it.o [1]
PIOB_Irq9Handler        0x0040e86d     0x2  Code  Wk  pio_it.o [1]
PIOB_IrqHandler         0x0040e907     0x6  Code  Gb  pio_it.o [1]
PIOC_Irq0Handler        0x0040e89b     0x2  Code  Wk  pio_it.o [1]
PIOC_Irq10Handler       0x0040e8af     0x2  Code  Wk  pio_it.o [1]
PIOC_Irq11Handler       0x0040e8b1     0x2  Code  Wk  pio_it.o [1]
PIOC_Irq12Handler       0x00412cf5    0x28  Code  Gb  board_dependencies.o [1]
PIOC_Irq13Handler       0x0040e8b3     0x2  Code  Wk  pio_it.o [1]
PIOC_Irq14Handler       0x0040e8b5     0x2  Code  Wk  pio_it.o [1]
PIOC_Irq15Handler       0x0040e8b7     0x2  Code  Wk  pio_it.o [1]
PIOC_Irq16Handler       0x0040e8b9     0x2  Code  Wk  pio_it.o [1]
PIOC_Irq17Handler       0x0040e8bb     0x2  Code  Wk  pio_it.o [1]
PIOC_Irq18Handler       0x0040e8bd     0x2  Code  Wk  pio_it.o [1]
PIOC_Irq19Handler       0x0040e8bf     0x2  Code  Wk  pio_it.o [1]
PIOC_Irq1Handler        0x0040e89d     0x2  Code  Wk  pio_it.o [1]
PIOC_Irq20Handler       0x0040e8c1     0x2  Code  Wk  pio_it.o [1]
PIOC_Irq21Handler       0x00412cb1    0x1c  Code  Gb  board_dependencies.o [1]
PIOC_Irq22Handler       0x0040e8c3     0x2  Code  Wk  pio_it.o [1]
PIOC_Irq23Handler       0x0040e8c5     0x2  Code  Wk  pio_it.o [1]
PIOC_Irq24Handler       0x0040e8c7     0x2  Code  Wk  pio_it.o [1]
PIOC_Irq25Handler       0x0040e8c9     0x2  Code  Wk  pio_it.o [1]
PIOC_Irq26Handler       0x0040e8cb     0x2  Code  Wk  pio_it.o [1]
PIOC_Irq27Handler       0x0040e8cd     0x2  Code  Wk  pio_it.o [1]
PIOC_Irq28Handler       0x0040e8cf     0x2  Code  Wk  pio_it.o [1]
PIOC_Irq29Handler       0x0040e8d1     0x2  Code  Wk  pio_it.o [1]
PIOC_Irq2Handler        0x0040e89f     0x2  Code  Wk  pio_it.o [1]
PIOC_Irq30Handler       0x0040e8d3     0x2  Code  Wk  pio_it.o [1]
PIOC_Irq31Handler       0x0040e8d5     0x2  Code  Wk  pio_it.o [1]
PIOC_Irq3Handler        0x0040e8a1     0x2  Code  Wk  pio_it.o [1]
PIOC_Irq4Handler        0x0040e8a3     0x2  Code  Wk  pio_it.o [1]
PIOC_Irq5Handler        0x0040e8a5     0x2  Code  Wk  pio_it.o [1]
PIOC_Irq6Handler        0x0040e8a7     0x2  Code  Wk  pio_it.o [1]
PIOC_Irq7Handler        0x0040e8a9     0x2  Code  Wk  pio_it.o [1]
PIOC_Irq8Handler        0x0040e8ab     0x2  Code  Wk  pio_it.o [1]
PIOC_Irq9Handler        0x0040e8ad     0x2  Code  Wk  pio_it.o [1]
PIOC_IrqHandler         0x0040e90d     0x6  Code  Gb  pio_it.o [1]
PIO_Clear               0x0040eb9f     0x8  Code  Gb  pio.o [1]
PIO_Configure           0x0040ead1    0xc6  Code  Gb  pio.o [1]
PIO_DisableIt           0x0040e91d     0xe  Code  Gb  pio_it.o [1]
PIO_EnableIt            0x0040e913     0xa  Code  Gb  pio_it.o [1]
PIO_Get                 0x0040eba7    0x22  Code  Gb  pio.o [1]
PIO_InitializeInterrupts
                        0x0040e92b    0x6a  Code  Gb  pio_it.o [1]
PIO_IrqHandler          0x0040e8d7    0x2a  Code  Lc  pio_it.o [1]
PIO_Set                 0x0040eb97     0x8  Code  Gb  pio.o [1]
PIO_SetInput            0x0040ea53    0x24  Code  Lc  pio.o [1]
PIO_SetInterrupt        0x0040eaa3    0x2c  Code  Lc  pio.o [1]
PIO_SetOutput           0x0040ea77    0x2c  Code  Lc  pio.o [1]
PIO_SetPeripheralA      0x0040e9cd    0x2a  Code  Lc  pio.o [1]
PIO_SetPeripheralB      0x0040e9f7    0x20  Code  Lc  pio.o [1]
PIO_SetPeripheralC      0x0040ea17    0x20  Code  Lc  pio.o [1]
PIO_SetPeripheralD      0x0040ea37    0x1c  Code  Lc  pio.o [1]
PMC_DisablePeripheral   0x00412187    0x32  Code  Gb  pmc.o [1]
PMC_EnablePeripheral    0x00412155    0x32  Code  Gb  pmc.o [1]
PMC_IrqHandler          0x00413551     0x2  Code  Wk  exceptions.o [1]
PMC_IsPeriphEnabled     0x004121b9    0x26  Code  Gb  pmc.o [1]
PWM_IrqHandler          0x00413577     0x2  Code  Wk  exceptions.o [1]
PageIsClean             0x0040bbb5    0x2a  Code  Lc  TranslatedNandFlash.o [1]
PendSV_Handler          0x004127a7          Code  Gb  portasm.o [1]
PreProcessMessage_Default
                        0x00411ffd    0xb0  Code  Gb  wgt_core_behaviour_default.o [1]
QTouchInitialize        0x0040ec49    0x1e  Code  Gb  qtouch.o [1]
RSTC_IrqHandler         0x00413549     0x2  Code  Wk  exceptions.o [1]
RTC_IrqHandler          0x0041354b     0x2  Code  Wk  exceptions.o [1]
RTLUN_Init              0x0040dcbd   0x1a4  Code  Gb  MSDLun.o [1]
RTMEDIA_Flush           0x004119cf    0x28  Code  Gb  rtmedia.o [1]
RTMEDIA_Init            0x00411925    0x16  Code  Gb  rtmedia.o [1]
RTMEDIA_Read            0x00411985    0x4a  Code  Gb  rtmedia.o [1]
RTMEDIA_Write           0x0041193b    0x4a  Code  Gb  rtmedia.o [1]
RTT_IrqHandler          0x0041354d     0x2  Code  Wk  exceptions.o [1]
RawNandFlash_CopyPage   0x0040997b    0x3e  Code  Gb  RawNandFlash.o [1]
RawNandFlash_EraseBlock
                        0x00409855    0x24  Code  Gb  RawNandFlash.o [1]
RawNandFlash_GetDataBuffer
                        0x004099b9    0x14  Code  Gb  RawNandFlash.o [1]
RawNandFlash_GetSpareBuffer
                        0x004099df    0x18  Code  Gb  RawNandFlash.o [1]
RawNandFlash_Initialize
                        0x00409795    0x56  Code  Gb  RawNandFlash.o [1]
RawNandFlash_ReadId     0x00409815    0x40  Code  Gb  RawNandFlash.o [1]
RawNandFlash_ReadPage   0x00409879    0xc2  Code  Gb  RawNandFlash.o [1]
RawNandFlash_ReleaseDataBuffer
                        0x004099cd    0x12  Code  Gb  RawNandFlash.o [1]
RawNandFlash_ReleaseSpareBuffer
                        0x004099f7    0x12  Code  Gb  RawNandFlash.o [1]
RawNandFlash_Reset      0x004097f1    0x24  Code  Gb  RawNandFlash.o [1]
RawNandFlash_WritePage  0x0040993b    0x40  Code  Gb  RawNandFlash.o [1]
ReadData                0x0040955d    0x36  Code  Lc  RawNandFlash.o [1]
Region$$Table$$Base     0x00413b50           --   Gb  - Linker created -
Region$$Table$$Limit    0x00413b7c           --   Gb  - Linker created -
SAMGUI_TaskDelay        0x00414087     0x4  Code  Gb  sam_gui_freertos.o [1]
SBCLunCanBeWritten      0x00406e25    0x2c  Code  Lc  SBCMethods.o [1]
SBCLunIsReady           0x00406de7    0x3e  Code  Lc  SBCMethods.o [1]
SBC_GetCommandInformation
                        0x00407841    0xb6  Code  Gb  SBCMethods.o [1]
SBC_Inquiry             0x0040768b    0x72  Code  Lc  SBCMethods.o [1]
SBC_ModeSense6          0x00407767    0x78  Code  Lc  SBCMethods.o [1]
SBC_ProcessCommand      0x004078f7    0x78  Code  Gb  SBCMethods.o [1]
SBC_Read10              0x00407215   0x406  Code  Lc  SBCMethods.o [1]
SBC_ReadCapacity10      0x0040761b    0x70  Code  Lc  SBCMethods.o [1]
SBC_RequestSense        0x004076fd    0x6a  Code  Lc  SBCMethods.o [1]
SBC_TestUnitReady       0x004077e9    0x46  Code  Lc  SBCMethods.o [1]
[...]
g_PllbrValBackup        0x2000bd5c     0x4  Data  Lc  scr_lp_modes_wait.o [1]
g_WGT_CoreData          0x2000bcdc    0x20  Data  Gb  wgt_core.o [1]
g_bmpUnderConstruction  0x2000bab4    0x40  Data  Lc  scr_audio.o [1]
g_btnAudio              0x2000b048    0x40  Data  Lc  scr_main.o [1]
g_btnBack               0x2000baf4    0x40  Data  Lc  scr_audio.o [1]
g_btnBack               0x2000b65c    0x40  Data  Lc  scr_lp_modes.o [1]
g_btnBack               0x20000928    0x40  Data  Lc  scr_qtouch.o [1]
g_btnBack               0x2000b25c    0x40  Data  Lc  scr_settings.o [1]
g_btnBack               0x2000b69c    0x40  Data  Lc  scr_settings_backlight.o [1]
g_btnBack               0x2000b004    0x40  Data  Lc  scr_settings_date.o [1]
g_btnBack               0x20000c88    0x40  Data  Lc  scr_settings_time.o [1]
g_btnBacklight          0x2000b31c    0x40  Data  Lc  scr_settings.o [1]
g_btnBacklight          0x2000b75c    0x40  Data  Lc  scr_settings_backlight.o [1]
g_btnBackup             0x2000b59c    0x40  Data  Lc  scr_lp_modes.o [1]
g_btnDate               0x2000b29c    0x40  Data  Lc  scr_settings.o [1]
g_btnDown               0x2000b71c    0x40  Data  Lc  scr_settings_backlight.o [1]
g_btnDownDay            0x2000ae04    0x40  Data  Lc  scr_settings_date.o [1]
g_btnDownHour           0x20000a88    0x40  Data  Lc  scr_settings_time.o [1]
g_btnDownMin            0x20000b48    0x40  Data  Lc  scr_settings_time.o [1]
g_btnDownMonth          0x2000aec4    0x40  Data  Lc  scr_settings_date.o [1]
g_btnDownSec            0x20000c08    0x40  Data  Lc  scr_settings_time.o [1]
g_btnDownYear           0x2000af84    0x40  Data  Lc  scr_settings_date.o [1]
g_btnInfos              0x2000b1c8    0x40  Data  Lc  scr_main.o [1]
g_btnK1                 0x200007e8    0x40  Data  Lc  scr_qtouch.o [1]
g_btnK2                 0x20000828    0x40  Data  Lc  scr_qtouch.o [1]
g_btnK3                 0x20000868    0x40  Data  Lc  scr_qtouch.o [1]
g_btnK4                 0x200008a8    0x40  Data  Lc  scr_qtouch.o [1]
g_btnK5                 0x200008e8    0x40  Data  Lc  scr_qtouch.o [1]
g_btnLPModes            0x2000b148    0x40  Data  Lc  scr_main.o [1]
g_btnQTouch             0x2000b108    0x40  Data  Lc  scr_main.o [1]
g_btnSettings           0x2000b188    0x40  Data  Lc  scr_main.o [1]
g_btnSleep              0x2000b61c    0x40  Data  Lc  scr_lp_modes.o [1]
g_btnSlideShow          0x2000b0c8    0x40  Data  Lc  scr_main.o [1]
g_btnTSD                0x2000b35c    0x40  Data  Lc  scr_settings.o [1]
g_btnTime               0x2000b2dc    0x40  Data  Lc  scr_settings.o [1]
g_btnUp                 0x2000b6dc    0x40  Data  Lc  scr_settings_backlight.o [1]
g_btnUpDay              0x2000adc4    0x40  Data  Lc  scr_settings_date.o [1]
g_btnUpHour             0x20000a48    0x40  Data  Lc  scr_settings_time.o [1]
g_btnUpMin              0x20000b08    0x40  Data  Lc  scr_settings_time.o [1]
g_btnUpMonth            0x2000ae84    0x40  Data  Lc  scr_settings_date.o [1]
g_btnUpSec              0x20000bc8    0x40  Data  Lc  scr_settings_time.o [1]
g_btnUpYear             0x2000af44    0x40  Data  Lc  scr_settings_date.o [1]
g_btnVideo              0x2000b088    0x40  Data  Lc  scr_main.o [1]
g_btnWait               0x2000b5dc    0x40  Data  Lc  scr_lp_modes.o [1]
g_demo_parameters       0x2000154c    0x3c  Data  Gb  demo_parameters.o [1]
g_dwScrTSDCalibration_state
                        0x2000bc84     0x4  Data  Lc  scr_TSDCalibration.o [1]
g_irq                   0x2000bdb8     0x8  Data  Lc  scr_lp_modes_sleep.o [1]
g_irq                   0x2000bd50     0x8  Data  Lc  scr_lp_modes_wait.o [1]
g_wgt_Day               0x2000ae44    0x40  Data  Lc  scr_settings_date.o [1]
g_wgt_Hour              0x20000ac8    0x40  Data  Lc  scr_settings_time.o [1]
g_wgt_Min               0x20000b88    0x40  Data  Lc  scr_settings_time.o [1]
g_wgt_Month             0x2000af04    0x40  Data  Lc  scr_settings_date.o [1]
g_wgt_Sec               0x20000c48    0x40  Data  Lc  scr_settings_time.o [1]
g_wgt_Status            0x2000b208    0x40  Data  Lc  scr_main.o [1]
g_wgt_Year              0x2000afc4    0x40  Data  Lc  scr_settings_date.o [1]
gdwPotentiometerValue   0x2000bdcc     0x4  Data  Lc  frontend_potentiometer.o [1]
gen_numname             0x004030fb    0x74  Code  Gb  ff.o [1]
get_channel_delta       0x0040ab87    0x14  Code  Gb  touch_process.o [4]
get_fat                 0x00402bc3    0xdc  Code  Lc  ff.o [1]
get_fattime             0x00410aff     0x4  Code  Gb  diskio.o [1]
goto_detect             0x0040a833    0x2a  Code  Lc  touch_process.o [4]
goto_no_detect          0x0040a775    0x38  Code  Lc  touch_process.o [4]
gs_ADS7843CalibParameters
                        0x2000bcc0    0x18  Data  Lc  frontend_ADS7843.o [1]
gs_ProgressBorder       0x200007e4     0x4  Data  Lc  scr_qtouch.o [1]
gs_ProgressInside       0x200007e0     0x4  Data  Lc  scr_qtouch.o [1]
gs_TsdCalibParameters   0x2000bc6c    0x18  Data  Lc  scr_TSDCalibration.o [1]
gs_dwDay                0x200009f4     0x4  Data  Lc  scr_settings_date.o [1]
gs_dwHour               0x20000a0c     0x4  Data  Lc  scr_settings_time.o [1]
gs_dwLastSwitchTime     0x20000968     0x4  Data  Lc  scr_ppt.o [1]
gs_dwMin                0x20000a10     0x4  Data  Lc  scr_settings_time.o [1]
gs_dwMonth              0x200009f8     0x4  Data  Lc  scr_settings_date.o [1]
gs_dwSec                0x20000a14     0x4  Data  Lc  scr_settings_time.o [1]
gs_dwSlideIndex         0x20000970     0x4  Data  Lc  scr_ppt.o [1]
gs_dwSwitchDelay        0x2000096c     0x4  Data  Lc  scr_ppt.o [1]
gs_dwYear               0x200009fc     0x4  Data  Lc  scr_settings_date.o [1]
gs_szDay                0x20000a00     0x4  Data  Lc  scr_settings_date.o [1]
gs_szHour               0x20000a18     0x4  Data  Lc  scr_settings_time.o [1]
gs_szMin                0x20000a1c     0x4  Data  Lc  scr_settings_time.o [1]
gs_szMonth              0x20000a04     0x4  Data  Lc  scr_settings_date.o [1]
gs_szSec                0x20000a20     0x4  Data  Lc  scr_settings_time.o [1]
gs_szSlidePath          0x20000974    0x80  Data  Lc  scr_ppt.o [1]
gs_szYear               0x20000a08     0x4  Data  Lc  scr_settings_date.o [1]
init_rotor_slider       0x0040ce1b    0x50  Code  Lc  touch_rs_qt.o [4]
inquiryData             0x20001394    0x60  Data  Lc  MSDLun.o [1]
isConsolInitialized     0x2000bdf4     0x1  Data  Lc  uart_console.o [1]
languageIdDescriptor    0x00414070     0x4  Data  Lc  MSDDriverDescriptors.o [1]
lib_status_flags        0x2000bab0     0x1  Data  Gb  touch_api.o [4]
localeconv              0x00413e79    0x10  Code  Gb  localeconv.o [3]
main                    0x0040e023    0xf4  Code  Gb  main.o [1]
malloc                  0x00411ddd    0xb6  Code  Gb  xxmemxmalloc.o [3]
manufacturerDescriptor  0x00413f70     0xc  Data  Lc  MSDDriverDescriptors.o [1]
mem_cmp                 0x00402a6d    0x1e  Code  Lc  ff.o [1]
mem_cpy                 0x00402a49    0x14  Code  Lc  ff.o [1]
mem_set                 0x00402a5d    0x10  Code  Lc  ff.o [1]
memchr                  0x004131a5          Code  Gb  memchr.o [5]
memcmp                  0x004130e9          Code  Gb  memcmp.o [5]
memcpy                  0x00413fd1     0xc  Code  Gb  MEDNandFlash.o [1]
memset                  0x00413ea1    0x14  Code  Gb  EccNandFlash.o [1]
min                     0x00413f45     0x8  Code  Gb  math.o [1]
modeParameterHeader6    0x00414074     0x4  Data  Lc  SBCMethods.o [1]
move_window             0x00402a9d    0x6e  Code  Lc  ff.o [1]
msdBuffer               0x20008dc4  0x1800  Data  Gb  usbmsd.o [1]
msdDriver               0x2000bb34    0x5c  Data  Lc  MSDDriver.o [1]
msdDriverDescriptors    0x004139fc    0x28  Data  Gb  MSDDriverDescriptors.o [1]
msdFullCnt              0x2000bd9c     0x2  Data  Gb  usbmsd.o [1]
msdNullCnt              0x2000bd9e     0x2  Data  Gb  usbmsd.o [1]
msdReadTotal            0x2000bda0     0x4  Data  Gb  usbmsd.o [1]
msdWriteTotal           0x2000bda4     0x4  Data  Gb  usbmsd.o [1]
mtx                     0x2000bd7c    0x10  Data  Lc  xsyslock.o [3]
mtxdst                  0x2000bde0     0x4  Data  Lc  MtxWrapper.o [3]
mtxinit                 0x2000bddc     0x4  Data  Lc  MtxWrapper.o [3]
mtxlock                 0x2000bde4     0x4  Data  Lc  MtxWrapper.o [3]
mtxunlock               0x2000bde8     0x4  Data  Lc  MtxWrapper.o [3]
nandFlashModelList      0x0040d790   0x2b8  Data  Gb  NandFlashModelList.o [1]
nandSpareScheme2048     0x00412930    0x84  Data  Gb  NandSpareScheme.o [1]
nandSpareScheme256      0x00412828    0x84  Data  Gb  NandSpareScheme.o [1]
nandSpareScheme512      0x004128ac    0x84  Data  Gb  NandSpareScheme.o [1]
next                    0x2000159c     0x4  Data  Lc  rand.o [1]
next_abi_dtor_rec       0x200015a0     0x4  Data  Lc  cppinit.o [3]
nfCePin                 0x0040f18c     0xc  Data  Lc  ftldrv.o [1]
nfRbPin                 0x0040f198     0xc  Data  Lc  ftldrv.o [1]
num_rotors_sliders      0x2000bd8c     0x1  Data  Gb  touch_rs_qt.o [4]
num_sensors             0x2000bdf2     0x1  Data  Gb  touch_process.o [4]
obuf                    0x2000bbec    0x50  Data  Lc  xfiles.o [3]
pPageBuffer             0x2000b39c   0x100  Data  Lc  flashd.o [1]
pPinsNf                 0x0040f2fc    0x54  Data  Lc  ftldrv.o [1]
pageReadBuffer          0x20007d64  0x1000  Data  Lc  MEDNandFlash.o [1]
pageWriteBuffer         0x20006d64  0x1000  Data  Lc  MEDNandFlash.o [1]
pcStatusString          0x2000bc88    0x34  Data  Lc  tasks.o [1]
pcTraceBuffer           0x2000142c     0x4  Data  Lc  tasks.o [1]
pcTraceBufferEnd        0x20001434     0x4  Data  Lc  tasks.o [1]
pcTraceBufferStart      0x20001430     0x4  Data  Lc  tasks.o [1]
pinBusy                 0x0041362c     0xc  Data  Lc  ads7843.o [1]
pinsLeds                0x00413a9c    0x24  Data  Lc  led.o [1]
pinsSPI                 0x004135fc    0x30  Data  Lc  ads7843.o [1]
pioAHandlers            0x00412a38    0x80  Data  Lc  pio_it.o [1]
pioBHandlers            0x00412ab8    0x80  Data  Lc  pio_it.o [1]
pioCHandlers            0x00412b38    0x80  Data  Lc  pio_it.o [1]
pos_delta               0x0040ab7d     0xa  Code  Lc  touch_process.o [4]
previousDeviceState     0x2000bdf1     0x1  Data  Lc  USBD_UDP.o [1]
printf                  0x00413bdd    0x20  Code  Gb  printf.o [3]
process_sensor          0x0040a90d   0x264  Code  Gb  touch_process.o [4]
productDescriptor       0x00413b9c    0x20  Data  Lc  MSDDriverDescriptors.o [1]
prvAllocateTCBAndStack  0x004086cd    0x32  Code  Lc  tasks.o [1]
prvCheckTasksWaitingTermination
                        0x004086cb     0x2  Code  Lc  tasks.o [1]
prvCopyDataFromQueue    0x0040b311    0x28  Code  Lc  queue.o [1]
prvCopyDataToQueue      0x0040b2ad    0x64  Code  Lc  queue.o [1]
prvIdleTask             0x0040863b    0x10  Code  Lc  tasks.o [1]
prvInitialiseTCBVariables
                        0x0040864b    0x3a  Code  Lc  tasks.o [1]
prvInitialiseTaskLists  0x00408685    0x46  Code  Lc  tasks.o [1]
prvIsQueueEmpty         0x0040b3a1    0x18  Code  Lc  queue.o [1]
prvIsQueueFull          0x0040b3b9    0x1e  Code  Lc  queue.o [1]
prvListTaskWithinSingleList
                        0x004086ff    0x70  Code  Lc  tasks.o [1]
prvSetupTimerInterrupt  0x00412275     0xe  Code  Lc  port.o [1]
prvUnlockQueue          0x0040b339    0x68  Code  Lc  queue.o [1]
put_fat                 0x00402c9f    0xfe  Code  Lc  ff.o [1]
putchar                 0x00411f25     0x4  Code  Gb  uart_console.o [1]
pvPortMalloc            0x004132f5    0x3a  Code  Gb  heap_1.o [1]
pxCurrentTCB            0x2000b97c     0x4  Data  Gb  tasks.o [1]
pxDelayedTaskList       0x2000b9e4     0x4  Data  Lc  tasks.o [1]
pxOverflowDelayedTaskList
                        0x2000b9e8     0x4  Data  Lc  tasks.o [1]
pxPortInitialiseStack   0x004121f9    0x18  Code  Gb  port.o [1]
pxReadyTasksLists       0x2000b980    0x64  Data  Lc  tasks.o [1]
qt_config_data          0x2000bd64     0x8  Data  Gb  touch_api.o [4]
qt_enable_key           0x0040f0f5    0x30  Code  Gb  touch_api.o [4]
qt_enable_slider        0x0040cded    0x2e  Code  Gb  touch_rs_qt.o [4]
qt_filter_callback      0x2000bd70     0x4  Data  Gb  touch_api.o [4]
qt_get_sensor_delta     0x0040f125    0x5a  Code  Gb  touch_api.o [4]
qt_init_sensing_with_burst
                        0x0040efb1    0x2a  Code  Gb  touch_api.o [4]
qt_measure_data         0x2000ba28    0x88  Data  Gb  touch_api.o [4]
qt_measure_sensors      0x0040f011    0xe4  Code  Gb  touch_api.o [4]
qt_reset_sensing        0x0040efdd    0x34  Code  Gb  touch_api.o [4]
qt_set_parameters       0x0040ebc9    0x1c  Code  Lc  qtouch.o [1]
rand                    0x00413b0f    0x14  Code  Gb  rand.o [1]
remove_chain            0x00402d9d    0x5c  Code  Lc  ff.o [1]
restoreClock            0x0040d51f    0x84  Code  Lc  scr_lp_modes_wait.o [1]
rotor_slider_deltas     0x2000bd94     0x8  Data  Lc  touch_rs_qt.o [4]
rotor_slider_enter_detect
                        0x0040d0e5    0x18  Code  Gb  touch_rs_qt.o [4]
rotors_sliders          0x2000bd90     0x4  Data  Lc  touch_rs_qt.o [4]
sDISP_Backend_ILI9325   0x2000148c    0x40  Data  Gb  backend_ILI9325.o [1]
sWGT_Frontend_ADS7843   0x00413f7c     0xc  Data  Gb  frontend_ADS7843.o [1]
sWGT_Frontend_Potentiometer
                        0x00413f88     0xc  Data  Gb  frontend_potentiometer.o [1]
sWGT_Frontend_PushButtons
                        0x00413f94     0xc  Data  Gb  frontend_pushbuttons.o [1]
sWGT_Frontend_QTouch    0x00413fa0     0xc  Data  Gb  frontend_qtouch.o [1]
sensors                 0x2000b79c   0x100  Data  Gb  touch_process.o [4]
serialNumberDescriptor  0x00413c78    0x1c  Data  Lc  MSDDriverDescriptors.o [1]
snprintf                0x004135bd    0x40  Code  Gb  snprintf.o [3]
sprintf                 0x004138bd    0x30  Code  Gb  sprintf.o [3]
srand                   0x00413b09     0x6  Code  Gb  rand.o [1]
start_cal_sensor        0x0040a759    0x1c  Code  Gb  touch_process.o [4]
strcat                  0x00413c3d    0x1e  Code  Gb  strcat.o [3]
strchr                  0x00413dfd          Code  Gb  strchr.o [5]
stringDescriptors       0x20001588    0x10  Data  Lc  MSDDriverDescriptors.o [1]
strlen                  0x00413759          Code  Gb  strlen.o [5]
strncpy                 0x00412e75          Code  Gb  strncpy.o [5]
sum_sfn                 0x0040316f    0x1e  Code  Lc  ff.o [1]
switchMckFastRC         0x0040d4cd    0x52  Code  Lc  scr_lp_modes_wait.o [1]
sync                    0x00402b0b    0xb8  Code  Lc  ff.o [1]
syslock_o               0x2000bd78     0x4  Data  Lc  xsyslock.o [3]
szStatusText            0x2000b248    0x14  Data  Lc  scr_main.o [1]
szVersionText           0x2000bd3c    0x14  Data  Lc  scr_infos.o [1]
time_of_last_call_ms    0x2000bd6c     0x2  Data  Lc  touch_api.o [4]
time_to_measure_touch   0x2000bdb0     0x1  Data  Lc  qtouch.o [1]
timer_prescale          0x2000bab2     0x2  Data  Lc  touch_api.o [4]
translatedNf            0x2000444c  0x2910  Data  Lc  ftldrv.o [1]
usTaskCheckFreeStackSpace
                        0x0040876f    0x16  Code  Lc  tasks.o [1]
usbdDriver              0x2000bb90     0xc  Data  Lc  MSDDriver.o [1]
uxCriticalNesting       0x20001598     0x4  Data  Lc  port.o [1]
uxCurrentNumberOfTasks  0x2000141c     0x4  Data  Lc  tasks.o [1]
uxMissedTicks           0x2000b9f8     0x4  Data  Lc  tasks.o [1]
uxPreviousTask          0x2000143c     0x4  Data  Lc  tasks.o [1]
uxSchedulerSuspended    0x2000b9f4     0x4  Data  Lc  tasks.o [1]
uxTaskGetNumberOfTasks  0x0040833d     0x8  Code  Gb  tasks.o [1]
uxTaskNumber            0x2000b9fc     0x4  Data  Lc  tasks.o [1]
uxTopReadyPriority      0x2000b9f0     0x4  Data  Lc  tasks.o [1]
uxTopUsedPriority       0x20001420     0x4  Data  Lc  tasks.o [1]
vApplicationIdleHook    0x0040df77     0x2  Code  Gb  main.o [1]
vApplicationStackOverflowHook
                        0x0040df2b     0xe  Code  Gb  main.o [1]
vApplicationTickHook    0x0040dfd1    0x1c  Code  Gb  main.o [1]
vListInitialise         0x00412459    0x1a  Code  Gb  list.o [1]
vListInitialiseItem     0x00412473     0x6  Code  Gb  list.o [1]
vListInsert             0x00412495    0x34  Code  Gb  list.o [1]
vListInsertEnd          0x00412479    0x1c  Code  Gb  list.o [1]
vListRemove             0x004124c9    0x24  Code  Gb  list.o [1]
vPortClearInterruptMask
                        0x004127eb          Code  Gb  portasm.o [1]
vPortEnterCritical      0x00412241    0x10  Code  Gb  port.o [1]
vPortExitCritical       0x00412251    0x12  Code  Gb  port.o [1]
vPortFree               0x0041332f     0x2  Code  Gb  heap_1.o [1]
vPortSetInterruptMask   0x004127dd          Code  Gb  portasm.o [1]
vPortStartFirstTask     0x00412815          Code  Gb  portasm.o [1]
vPortYieldFromISR       0x00412237     0xa  Code  Gb  port.o [1]
vSetMSP                 0x004127a1          Code  Gb  portasm.o [1]
vTaskDelay              0x004081df    0x4a  Code  Gb  tasks.o [1]
vTaskIncrementTick      0x004083bf    0x92  Code  Gb  tasks.o [1]
vTaskList               0x00408345    0x7a  Code  Gb  tasks.o [1]
vTaskMissedYield        0x00408633     0x8  Code  Gb  tasks.o [1]
vTaskPlaceOnEventList   0x00408513    0x52  Code  Gb  tasks.o [1]
vTaskPriorityDisinherit
                        0x004087e7    0x3e  Code  Gb  tasks.o [1]
vTaskPriorityInherit    0x0040878b    0x5c  Code  Gb  tasks.o [1]
vTaskSetTimeOutState    0x004085c5     0xe  Code  Gb  tasks.o [1]
vTaskStartScheduler     0x00408229    0x3e  Code  Gb  tasks.o [1]
vTaskSuspendAll         0x00408267     0xc  Code  Gb  tasks.o [1]
vTaskSwitchContext      0x00408451    0xc2  Code  Gb  tasks.o [1]
validate                0x00403945    0x28  Code  Lc  ff.o [1]
xDelayedTaskList1       0x2000ba00    0x14  Data  Lc  tasks.o [1]
xDelayedTaskList2       0x2000ba14    0x14  Data  Lc  tasks.o [1]
xHeap                   0x200015b0  0x2c00  Data  Lc  heap_1.o [1]
xMissedYield            0x20001428     0x4  Data  Lc  tasks.o [1]
xNextFreeByte           0x200015a8     0x4  Data  Lc  heap_1.o [1]
xNumOfOverflows         0x2000bdd4     0x4  Data  Lc  tasks.o [1]
xPendingReadyList       0x200013f4    0x14  Data  Lc  tasks.o [1]
xPortGetFreeHeapSize    0x00413331     0xa  Code  Gb  heap_1.o [1]
xPortStartScheduler     0x00412211    0x26  Code  Gb  port.o [1]
xQueueCreate            0x0040afd5    0x64  Code  Gb  queue.o [1]
xQueueCreateMutex       0x0040b039    0x48  Code  Gb  queue.o [1]
xQueueGenericReceive    0x0040b19f   0x10e  Code  Gb  queue.o [1]
xQueueGenericSend       0x0040b081    0xcc  Code  Gb  queue.o [1]
xQueueGenericSendFromISR
                        0x0040b14d    0x52  Code  Gb  queue.o [1]
xSchedulerRunning       0x20001424     0x4  Data  Lc  tasks.o [1]
xSuspendedTaskList      0x20001408    0x14  Data  Lc  tasks.o [1]
xTaskCheckForTimeOut    0x004085d9    0x5a  Code  Gb  tasks.o [1]
xTaskGenericCreate      0x004080f1    0xee  Code  Gb  tasks.o [1]
xTaskGetCurrentTaskHandle
                        0x00408785     0x6  Code  Gb  tasks.o [1]
xTaskGetTickCount       0x00408329    0x14  Code  Gb  tasks.o [1]
xTaskRemoveFromEventList
                        0x00408565    0x60  Code  Gb  tasks.o [1]
xTaskResumeAll          0x00408273    0xb6  Code  Gb  tasks.o [1]
xTickCount              0x2000b9ec     0x4  Data  Lc  tasks.o [1]
xTracing                0x20001438     0x4  Data  Lc  tasks.o [1]


[1] = D:\Firmware\ sam3s-demo-source --username kaiser.ren@gmail.com\demo\ewp\output\debug\obj
[2] = command line
[3] = dl7M_tl_if.a
[4] = libQTouchIarCfg3SRevB.a
[5] = rt7M_tl.a

  60 980 bytes of readonly  code memory
  21 658 bytes of readonly  data memory
  48 626 bytes of readwrite data memory

Errors: none
Warnings: none
