******************************************************************************
             TMS320C2000 Linker PC v6.1.0                      
******************************************************************************
>> Linked Mon Feb 18 19:09:37 2013

OUTPUT FILE NAME:   <F:/ Firmware/sam3s-demo-source/trunk/ sam3s-demo-source --username kaiser.ren@gmail.com/DSP2802x/v126/DSP2802x_examples/i2c_eeprom/Example_2802xI2C_eeprom/../../../DSP2802x_examples/i2c_eeprom/Debug/Example_2802xI2C_eeprom.out>
ENTRY POINT SYMBOL: "code_start"  address: 00000000


MEMORY CONFIGURATION

         name            origin    length      used     unused   attr    fill
----------------------  --------  ---------  --------  --------  ----  --------
PAGE 0:
  BEGIN                 00000000   00000002  00000002  00000000  RWIX
  RAMM0                 00000050   000003b0  00000035  0000037b  RWIX
  PRAML0                00008000   00000fff  00000847  000007b8  RWIX
  IQTABLES              003fe000   00000b50  00000000  00000b50  RWIX
  IQTABLES2             003feb50   0000008c  00000000  0000008c  RWIX
  IQTABLES3             003febdc   000000aa  00000000  000000aa  RWIX
  BOOTROM               003ff27c   00000d44  00000000  00000d44  RWIX
  RESET                 003fffc0   00000002  00000000  00000002  RWIX

PAGE 1:
  BOOT_RSVD             00000002   0000004e  00000000  0000004e  RWIX
  RAMM1                 00000400   00000400  00000300  00000100  RWIX
  DEV_EMU               00000880   00000105  00000004  00000101  RWIX
  SYS_PWR_CTL           00000985   00000003  00000003  00000000  RWIX
  FLASH_REGS            00000a80   00000060  00000008  00000058  RWIX
  CSM                   00000ae0   00000010  00000010  00000000  RWIX
  ADC_RESULT            00000b00   00000020  00000020  00000000  RWIX
  CPU_TIMER0            00000c00   00000008  00000008  00000000  RWIX
  CPU_TIMER1            00000c08   00000008  00000008  00000000  RWIX
  CPU_TIMER2            00000c10   00000008  00000008  00000000  RWIX
  PIE_CTRL              00000ce0   00000020  0000001a  00000006  RWIX
  PIE_VECT              00000d00   00000100  00000100  00000000  RWIX
  COMP1                 00006400   00000020  00000011  0000000f  RWIX
  COMP2                 00006420   00000020  00000011  0000000f  RWIX
  EPWM1                 00006800   00000040  0000003a  00000006  RWIX
  EPWM2                 00006840   00000040  0000003a  00000006  RWIX
  EPWM3                 00006880   00000040  0000003a  00000006  RWIX
  EPWM4                 000068c0   00000040  0000003a  00000006  RWIX
  ECAP1                 00006a00   00000020  00000020  00000000  RWIX
  GPIOCTRL              00006f80   00000040  00000040  00000000  RWIX
  GPIODAT               00006fc0   00000020  00000020  00000000  RWIX
  GPIOINT               00006fe0   00000020  0000000a  00000016  RWIX
  SYSTEM                00007010   00000020  0000001f  00000001  RWIX
  SPIA                  00007040   00000010  00000010  00000000  RWIX
  SCIA                  00007050   00000010  00000010  00000000  RWIX
  NMIINTRUPT            00007060   00000010  00000010  00000000  RWIX
  XINTRUPT              00007070   00000010  00000010  00000000  RWIX
  ADC                   00007100   00000080  00000050  00000030  RWIX
  I2CA                  00007900   00000040  00000022  0000001e  RWIX
  DRAML0                00008900   00000700  0000019d  00000563  RWIX
  PARTID                003d7fff   00000001  00000001  00000000  RWIX
  CSM_PWL               003f7ff8   00000008  00000008  00000000  RWIX


SECTION ALLOCATION MAP

 output                                  attributes/
section   page    origin      length       input sections
--------  ----  ----------  ----------   ----------------
codestart 
*          0    00000000    00000002     
                  00000000    00000002     DSP2802x_CodeStartBranch.obj (codestart)

.pinit     0    00000050    00000000     UNINITIALIZED

ramfuncs   0    00000050    0000001f     
                  00000050    0000001b     DSP2802x_SysCtrl.obj (ramfuncs)
                  0000006b    00000004     DSP2802x_usDelay.obj (ramfuncs)

.cinit     0    0000006f    00000016     
                  0000006f    0000000a     rts2800_ml.lib : _lock.obj (.cinit)
                  00000079    0000000a                    : exit.obj (.cinit)
                  00000083    00000002     --HOLE-- [fill = 0]

.text      0    00008000    00000847     
                  00008000    0000012b     DSP2802x_SysCtrl.obj (.text)
                  0000812b    00000106     com.obj (.text)
                  00008231    000000ff     DSP2802x_DefaultIsr.obj (.text:retain)
                  00008330    000000c1     main.obj (.text)
                  000083f1    0000009c     ad5933.obj (.text)
                  0000848d    00000078     rts2800_ml.lib : fs_add.obj (.text)
                  00008505    00000075     DSP2802x_CpuTimers.obj (.text)
                  0000857a    00000071     Communication.obj (.text)
                  000085eb    0000005a     rts2800_ml.lib : fs_mpy.obj (.text)
                  00008645    00000044                    : boot.obj (.text)
                  00008689    00000036     DSP2802x_TempSensorConv.obj (.text)
                  000086bf    0000002a     rts2800_ml.lib : l_div.obj (.text)
                  000086e9    00000029                    : fs_tol.obj (.text)
                  00008712    00000028     DSP2802x_PieCtrl.obj (.text)
                  0000873a    00000025     DSP2802x_PieVect.obj (.text)
                  0000875f    00000025     rts2800_ml.lib : fs_toi.obj (.text)
                  00008784    00000022                    : i_div.obj (.text)
                  000087a6    0000001a     DSP2802x_Sci.obj (.text)
                  000087c0    0000001a     rts2800_ml.lib : l_tofs.obj (.text)
                  000087da    00000019                    : args_main.obj (.text)
                  000087f3    00000019                    : exit.obj (.text)
                  0000880c    00000017     DSP2802x_I2C.obj (.text)
                  00008823    00000013     DSP2802x_Gpio.obj (.text)
                  00008836    00000009     rts2800_ml.lib : _lock.obj (.text)
                  0000883f    00000008     DSP2802x_CodeStartBranch.obj (.text)

.reset     0    003fffc0    00000002     DSECT
                  003fffc0    00000002     rts2800_ml.lib : boot.obj (.reset)

.stack     1    00000400    00000300     UNINITIALIZED
                  00000400    00000300     --HOLE--

DevEmuRegsFile 
*          1    00000880    00000004     UNINITIALIZED
                  00000880    00000004     DSP2802x_GlobalVariableDefs.obj (DevEmuRegsFile)

SysPwrCtrlRegsFile 
*          1    00000985    00000003     UNINITIALIZED
                  00000985    00000003     DSP2802x_GlobalVariableDefs.obj (SysPwrCtrlRegsFile)

FlashRegsFile 
*          1    00000a80    00000008     UNINITIALIZED
                  00000a80    00000008     DSP2802x_GlobalVariableDefs.obj (FlashRegsFile)

CsmRegsFile 
*          1    00000ae0    00000010     UNINITIALIZED
                  00000ae0    00000010     DSP2802x_GlobalVariableDefs.obj (CsmRegsFile)

AdcResultFile 
*          1    00000b00    00000020     UNINITIALIZED
                  00000b00    00000020     DSP2802x_GlobalVariableDefs.obj (AdcResultFile)

CpuTimer0RegsFile 
*          1    00000c00    00000008     UNINITIALIZED
                  00000c00    00000008     DSP2802x_GlobalVariableDefs.obj (CpuTimer0RegsFile)

CpuTimer1RegsFile 
*          1    00000c08    00000008     UNINITIALIZED
                  00000c08    00000008     DSP2802x_GlobalVariableDefs.obj (CpuTimer1RegsFile)

CpuTimer2RegsFile 
*          1    00000c10    00000008     UNINITIALIZED
                  00000c10    00000008     DSP2802x_GlobalVariableDefs.obj (CpuTimer2RegsFile)

PieCtrlRegsFile 
*          1    00000ce0    0000001a     UNINITIALIZED
                  00000ce0    0000001a     DSP2802x_GlobalVariableDefs.obj (PieCtrlRegsFile)

PieVectTableFile 
*          1    00000d00    00000100     UNINITIALIZED
                  00000d00    00000100     DSP2802x_GlobalVariableDefs.obj (PieVectTableFile)

EmuKeyVar 
*          1    00000d00    00000001     UNINITIALIZED
                  00000d00    00000001     DSP2802x_GlobalVariableDefs.obj (EmuKeyVar)

EmuBModeVar 
*          1    00000d01    00000001     UNINITIALIZED
                  00000d01    00000001     DSP2802x_GlobalVariableDefs.obj (EmuBModeVar)

FlashCallbackVar 
*          1    00000d02    00000002     UNINITIALIZED
                  00000d02    00000002     DSP2802x_GlobalVariableDefs.obj (FlashCallbackVar)

FlashScalingVar 
*          1    00000d04    00000002     UNINITIALIZED
                  00000d04    00000002     DSP2802x_GlobalVariableDefs.obj (FlashScalingVar)

Comp1RegsFile 
*          1    00006400    00000011     UNINITIALIZED
                  00006400    00000011     DSP2802x_GlobalVariableDefs.obj (Comp1RegsFile)

Comp2RegsFile 
*          1    00006420    00000011     UNINITIALIZED
                  00006420    00000011     DSP2802x_GlobalVariableDefs.obj (Comp2RegsFile)

EPwm1RegsFile 
*          1    00006800    0000003a     UNINITIALIZED
                  00006800    0000003a     DSP2802x_GlobalVariableDefs.obj (EPwm1RegsFile)

EPwm2RegsFile 
*          1    00006840    0000003a     UNINITIALIZED
                  00006840    0000003a     DSP2802x_GlobalVariableDefs.obj (EPwm2RegsFile)

EPwm3RegsFile 
*          1    00006880    0000003a     UNINITIALIZED
                  00006880    0000003a     DSP2802x_GlobalVariableDefs.obj (EPwm3RegsFile)

EPwm4RegsFile 
*          1    000068c0    0000003a     UNINITIALIZED
                  000068c0    0000003a     DSP2802x_GlobalVariableDefs.obj (EPwm4RegsFile)

ECap1RegsFile 
*          1    00006a00    00000020     UNINITIALIZED
                  00006a00    00000020     DSP2802x_GlobalVariableDefs.obj (ECap1RegsFile)

GpioCtrlRegsFile 
*          1    00006f80    00000040     UNINITIALIZED
                  00006f80    00000040     DSP2802x_GlobalVariableDefs.obj (GpioCtrlRegsFile)

GpioDataRegsFile 
*          1    00006fc0    00000020     UNINITIALIZED
                  00006fc0    00000020     DSP2802x_GlobalVariableDefs.obj (GpioDataRegsFile)

GpioIntRegsFile 
*          1    00006fe0    0000000a     UNINITIALIZED
                  00006fe0    0000000a     DSP2802x_GlobalVariableDefs.obj (GpioIntRegsFile)

SysCtrlRegsFile 
*          1    00007010    0000001f     UNINITIALIZED
                  00007010    0000001f     DSP2802x_GlobalVariableDefs.obj (SysCtrlRegsFile)

SpiaRegsFile 
*          1    00007040    00000010     UNINITIALIZED
                  00007040    00000010     DSP2802x_GlobalVariableDefs.obj (SpiaRegsFile)

SciaRegsFile 
*          1    00007050    00000010     UNINITIALIZED
                  00007050    00000010     DSP2802x_GlobalVariableDefs.obj (SciaRegsFile)

NmiIntruptRegsFile 
*          1    00007060    00000010     UNINITIALIZED
                  00007060    00000010     DSP2802x_GlobalVariableDefs.obj (NmiIntruptRegsFile)

XIntruptRegsFile 
*          1    00007070    00000010     UNINITIALIZED
                  00007070    00000010     DSP2802x_GlobalVariableDefs.obj (XIntruptRegsFile)

AdcRegsFile 
*          1    00007100    00000050     UNINITIALIZED
                  00007100    00000050     DSP2802x_GlobalVariableDefs.obj (AdcRegsFile)

I2caRegsFile 
*          1    00007900    00000022     UNINITIALIZED
                  00007900    00000022     DSP2802x_GlobalVariableDefs.obj (I2caRegsFile)

.econst    1    00008900    0000017d     
                  00008900    00000100     DSP2802x_PieVect.obj (.econst)
                  00008a00    00000079     main.obj (.econst:.string)
                  00008a79    00000001     --HOLE-- [fill = 0]
                  00008a7a    00000003     com.obj (.econst:.string)

.ebss      1    00008a80    00000020     UNINITIALIZED
                  00008a80    00000018     DSP2802x_CpuTimers.obj (.ebss)
                  00008a98    00000004     rts2800_ml.lib : _lock.obj (.ebss)
                  00008a9c    00000004                    : exit.obj (.ebss)

PartIdRegsFile 
*          1    003d7fff    00000001     UNINITIALIZED
                  003d7fff    00000001     DSP2802x_GlobalVariableDefs.obj (PartIdRegsFile)

CsmPwlFile 
*          1    003f7ff8    00000008     UNINITIALIZED
                  003f7ff8    00000008     DSP2802x_GlobalVariableDefs.obj (CsmPwlFile)


GLOBAL SYMBOLS: SORTED ALPHABETICALLY BY Name 

address    name
--------   ----
00008000   .text
000087f3   C$$EXIT
00008492   FS$$ADD
000085eb   FS$$MPY
0000848d   FS$$SUB
0000875f   FS$$TOI
000086e9   FS$$TOL
00008784   I$$DIV
00008795   I$$MOD
000086bf   L$$DIV
000086ce   L$$MOD
000087c0   L$$TOFS
000086dc   UL$$DIV
000086e3   UL$$MOD
00008290   _ADCINT1_ISR
00008295   _ADCINT2_ISR
000082fe   _ADCINT3_ISR
00008303   _ADCINT4_ISR
00008308   _ADCINT5_ISR
0000830d   _ADCINT6_ISR
00008312   _ADCINT7_ISR
00008317   _ADCINT8_ISR
000082a4   _ADCINT9_ISR
00007100   _AdcRegs
00000b00   _AdcResult
00006400   _Comp1Regs
00006420   _Comp2Regs
00008546   _ConfigCpuTimer
00008a90   _CpuTimer0
00000c00   _CpuTimer0Regs
00008a80   _CpuTimer1
00000c08   _CpuTimer1Regs
00008a88   _CpuTimer2
00000c10   _CpuTimer2Regs
003f7ff8   _CsmPwl
00000ae0   _CsmRegs
000080ae   _CsmUnlock
0000823b   _DATALOG_ISR
0000006b   _DSP28x_usDelay
00000880   _DevEmuRegs
00008024   _DisableDog
000082db   _ECAP1_INT_ISR
00006a00   _ECap1Regs
00008321   _EMPTY_ISR
00008245   _EMUINT_ISR
000082c7   _EPWM1_INT_ISR
000082b3   _EPWM1_TZINT_ISR
000082cc   _EPWM2_INT_ISR
000082b8   _EPWM2_TZINT_ISR
000082d1   _EPWM3_INT_ISR
000082bd   _EPWM3_TZINT_ISR
000082d6   _EPWM4_INT_ISR
000082c2   _EPWM4_TZINT_ISR
00006800   _EPwm1Regs
00006840   _EPwm2Regs
00006880   _EPwm3Regs
000068c0   _EPwm4Regs
00000d01   _EmuBMode
00000d00   _EmuKey
00008731   _EnableInterrupts
00008115   _ExtOscSel
00000a80   _FlashRegs
00000d04   _Flash_CPUScaleFactor
00000d02   _Flash_CallbackPtr
000081a3   _FloatToString
00008689   _GetTemperatureC
000086a5   _GetTemperatureK
00006f80   _GpioCtrlRegs
00006fc0   _GpioDataRegs
00006fe0   _GpioIntRegs
000082ea   _I2CINT1A_ISR
000082ef   _I2CINT2A_ISR
0000857a   _I2C_Init
000085c6   _I2C_Read
0000858b   _I2C_Write
00007900   _I2caRegs
0000824f   _ILLEGAL_ISR
00008231   _INT13_ISR
00008236   _INT14_ISR
00008505   _InitCpuTimers
00000050   _InitFlash
00008823   _InitGpio
0000880c   _InitI2C
0000880d   _InitI2CGpio
0000807c   _InitPeripheralClocks
00008712   _InitPieCtrl
0000873a   _InitPieVectTable
0000802c   _InitPll
000087a6   _InitSci
000087a7   _InitSciGpio
000087aa   _InitSciaGpio
00008000   _InitSysCtrl
000080df   _IntOsc1Sel
000080ef   _IntOsc2Sel
0000824a   _NMI_ISR
00007060   _NmiIntruptRegs
00008326   _PIE_RESERVED
003d7fff   _PartIdRegs
00000ce0   _PieCtrlRegs
00000d00   _PieVectTable
00008900   _PieVectTableInit
00008240   _RTOSINT_ISR
000082f4   _SCIRXINTA_ISR
000082f9   _SCITXINTA_ISR
000082e0   _SPIRXINTA_ISR
000082e5   _SPITXINTA_ISR
00007050   _SciaRegs
0000801a   _ServiceDog
00007040   _SpiaRegs
00007010   _SysCtrlRegs
00000985   _SysPwrCtrlRegs
000082a9   _TINT0_ISR
00008281   _USER10_ISR
00008286   _USER11_ISR
0000828b   _USER12_ISR
00008254   _USER1_ISR
00008259   _USER2_ISR
0000825e   _USER3_ISR
00008263   _USER4_ISR
00008268   _USER5_ISR
0000826d   _USER6_ISR
00008272   _USER7_ISR
00008277   _USER8_ISR
0000827c   _USER9_ISR
000082ae   _WAKEINT_ISR
0000829a   _XINT1_ISR
0000829f   _XINT2_ISR
0000831c   _XINT3_ISR
00007070   _XIntruptRegs
00008101   _XtalOscSel
00000700   __STACK_END
00000300   __STACK_SIZE
00000001   __TI_args_main
ffffffff   ___binit__
ffffffff   ___c_args__
0000006f   ___cinit__
00008847   ___etext__
ffffffff   ___pinit__
00008000   ___text__
000087da   __args_main
00008a9c   __cleanup_ptr
00008a9e   __dtors_ptr
00008a9a   __lock
0000883e   __nop
0000883a   __register_lock
00008836   __register_unlock
00000400   __stack
00008a98   __unlock
000087f3   _abort
000083f1   _ad5933_init
00008458   _ad5933_mode
0000844a   _ad5933_test
00008467   _ad5993_GetTemperature
00008460   _ad5993_status
000083e5   _button_init
00008645   _c_int00
000087f5   _exit
00008397   _led_init
000083c9   _led_off
000083ad   _led_on
00008330   _main
0000832b   _rsvd_ISR
0000817d   _scia_Byte2Hex
0000819e   _scia_PrintLF
00008133   _scia_echoback_init
0000812b   _scia_fifo_init
00008153   _scia_msg
00008168   _scia_read
00008147   _scia_xmit
ffffffff   binit
0000006f   cinit
00000000   code_start
00008847   etext
ffffffff   pinit


GLOBAL SYMBOLS: SORTED BY Symbol Address 

address    name
--------   ----
00000000   code_start
00000001   __TI_args_main
00000050   _InitFlash
0000006b   _DSP28x_usDelay
0000006f   ___cinit__
0000006f   cinit
00000300   __STACK_SIZE
00000400   __stack
00000700   __STACK_END
00000880   _DevEmuRegs
00000985   _SysPwrCtrlRegs
00000a80   _FlashRegs
00000ae0   _CsmRegs
00000b00   _AdcResult
00000c00   _CpuTimer0Regs
00000c08   _CpuTimer1Regs
00000c10   _CpuTimer2Regs
00000ce0   _PieCtrlRegs
00000d00   _EmuKey
00000d00   _PieVectTable
00000d01   _EmuBMode
00000d02   _Flash_CallbackPtr
00000d04   _Flash_CPUScaleFactor
00006400   _Comp1Regs
00006420   _Comp2Regs
00006800   _EPwm1Regs
00006840   _EPwm2Regs
00006880   _EPwm3Regs
000068c0   _EPwm4Regs
00006a00   _ECap1Regs
00006f80   _GpioCtrlRegs
00006fc0   _GpioDataRegs
00006fe0   _GpioIntRegs
00007010   _SysCtrlRegs
00007040   _SpiaRegs
00007050   _SciaRegs
00007060   _NmiIntruptRegs
00007070   _XIntruptRegs
00007100   _AdcRegs
00007900   _I2caRegs
00008000   .text
00008000   _InitSysCtrl
00008000   ___text__
0000801a   _ServiceDog
00008024   _DisableDog
0000802c   _InitPll
0000807c   _InitPeripheralClocks
000080ae   _CsmUnlock
000080df   _IntOsc1Sel
000080ef   _IntOsc2Sel
00008101   _XtalOscSel
00008115   _ExtOscSel
0000812b   _scia_fifo_init
00008133   _scia_echoback_init
00008147   _scia_xmit
00008153   _scia_msg
00008168   _scia_read
0000817d   _scia_Byte2Hex
0000819e   _scia_PrintLF
000081a3   _FloatToString
00008231   _INT13_ISR
00008236   _INT14_ISR
0000823b   _DATALOG_ISR
00008240   _RTOSINT_ISR
00008245   _EMUINT_ISR
0000824a   _NMI_ISR
0000824f   _ILLEGAL_ISR
00008254   _USER1_ISR
00008259   _USER2_ISR
0000825e   _USER3_ISR
00008263   _USER4_ISR
00008268   _USER5_ISR
0000826d   _USER6_ISR
00008272   _USER7_ISR
00008277   _USER8_ISR
0000827c   _USER9_ISR
00008281   _USER10_ISR
00008286   _USER11_ISR
0000828b   _USER12_ISR
00008290   _ADCINT1_ISR
00008295   _ADCINT2_ISR
0000829a   _XINT1_ISR
0000829f   _XINT2_ISR
000082a4   _ADCINT9_ISR
000082a9   _TINT0_ISR
000082ae   _WAKEINT_ISR
000082b3   _EPWM1_TZINT_ISR
000082b8   _EPWM2_TZINT_ISR
000082bd   _EPWM3_TZINT_ISR
000082c2   _EPWM4_TZINT_ISR
000082c7   _EPWM1_INT_ISR
000082cc   _EPWM2_INT_ISR
000082d1   _EPWM3_INT_ISR
000082d6   _EPWM4_INT_ISR
000082db   _ECAP1_INT_ISR
000082e0   _SPIRXINTA_ISR
000082e5   _SPITXINTA_ISR
000082ea   _I2CINT1A_ISR
000082ef   _I2CINT2A_ISR
000082f4   _SCIRXINTA_ISR
000082f9   _SCITXINTA_ISR
000082fe   _ADCINT3_ISR
00008303   _ADCINT4_ISR
00008308   _ADCINT5_ISR
0000830d   _ADCINT6_ISR
00008312   _ADCINT7_ISR
00008317   _ADCINT8_ISR
0000831c   _XINT3_ISR
00008321   _EMPTY_ISR
00008326   _PIE_RESERVED
0000832b   _rsvd_ISR
00008330   _main
00008397   _led_init
000083ad   _led_on
000083c9   _led_off
000083e5   _button_init
000083f1   _ad5933_init
0000844a   _ad5933_test
00008458   _ad5933_mode
00008460   _ad5993_status
00008467   _ad5993_GetTemperature
0000848d   FS$$SUB
00008492   FS$$ADD
00008505   _InitCpuTimers
00008546   _ConfigCpuTimer
0000857a   _I2C_Init
0000858b   _I2C_Write
000085c6   _I2C_Read
000085eb   FS$$MPY
00008645   _c_int00
00008689   _GetTemperatureC
000086a5   _GetTemperatureK
000086bf   L$$DIV
000086ce   L$$MOD
000086dc   UL$$DIV
000086e3   UL$$MOD
000086e9   FS$$TOL
00008712   _InitPieCtrl
00008731   _EnableInterrupts
0000873a   _InitPieVectTable
0000875f   FS$$TOI
00008784   I$$DIV
00008795   I$$MOD
000087a6   _InitSci
000087a7   _InitSciGpio
000087aa   _InitSciaGpio
000087c0   L$$TOFS
000087da   __args_main
000087f3   C$$EXIT
000087f3   _abort
000087f5   _exit
0000880c   _InitI2C
0000880d   _InitI2CGpio
00008823   _InitGpio
00008836   __register_unlock
0000883a   __register_lock
0000883e   __nop
00008847   ___etext__
00008847   etext
00008900   _PieVectTableInit
00008a80   _CpuTimer1
00008a88   _CpuTimer2
00008a90   _CpuTimer0
00008a98   __unlock
00008a9a   __lock
00008a9c   __cleanup_ptr
00008a9e   __dtors_ptr
003d7fff   _PartIdRegs
003f7ff8   _CsmPwl
ffffffff   ___binit__
ffffffff   ___c_args__
ffffffff   ___pinit__
ffffffff   binit
ffffffff   pinit

[174 symbols]
