******************************************************************************
             TMS320C2000 Linker PC v6.1.0                      
******************************************************************************
>> Linked Mon Feb 18 14:04:51 2013

OUTPUT FILE NAME:   <D:/Firmware/sam3s-demo-source/trunk/ sam3s-demo-source --username kaiser.ren@gmail.com/DSP2802x/v126/DSP2802x_examples/i2c_eeprom/Example_2802xI2C_eeprom/../../../DSP2802x_examples/i2c_eeprom/Debug/Example_2802xI2C_eeprom.out>
ENTRY POINT SYMBOL: "code_start"  address: 00000000


MEMORY CONFIGURATION

         name            origin    length      used     unused   attr    fill
----------------------  --------  ---------  --------  --------  ----  --------
PAGE 0:
  BEGIN                 00000000   00000002  00000002  00000000  RWIX
  RAMM0                 00000050   000003b0  00000047  00000369  RWIX
  PRAML0                00008000   00000fff  000008ea  00000715  RWIX
  IQTABLES              003fe000   00000b50  00000000  00000b50  RWIX
  IQTABLES2             003feb50   0000008c  00000000  0000008c  RWIX
  IQTABLES3             003febdc   000000aa  00000000  000000aa  RWIX
  BOOTROM               003ff27c   00000d44  00000000  00000d44  RWIX
  RESET                 003fffc0   00000002  00000000  00000002  RWIX

PAGE 1:
  BOOT_RSVD             00000002   0000004e  00000000  0000004e  RWIX
  RAMM1                 00000400   00000400  00000300  00000100  RWIX
  DEV_EMU               00000880   00000105  00000004  00000101  RWIX
  SYS_PWR_CTL           00000985   00000003  00000003  00000000  RWIX
  FLASH_REGS            00000a80   00000060  00000008  00000058  RWIX
  CSM                   00000ae0   00000010  00000010  00000000  RWIX
  ADC_RESULT            00000b00   00000020  00000020  00000000  RWIX
  CPU_TIMER0            00000c00   00000008  00000008  00000000  RWIX
  CPU_TIMER1            00000c08   00000008  00000008  00000000  RWIX
  CPU_TIMER2            00000c10   00000008  00000008  00000000  RWIX
  PIE_CTRL              00000ce0   00000020  0000001a  00000006  RWIX
  PIE_VECT              00000d00   00000100  00000100  00000000  RWIX
  COMP1                 00006400   00000020  00000011  0000000f  RWIX
  COMP2                 00006420   00000020  00000011  0000000f  RWIX
  EPWM1                 00006800   00000040  0000003a  00000006  RWIX
  EPWM2                 00006840   00000040  0000003a  00000006  RWIX
  EPWM3                 00006880   00000040  0000003a  00000006  RWIX
  EPWM4                 000068c0   00000040  0000003a  00000006  RWIX
  ECAP1                 00006a00   00000020  00000020  00000000  RWIX
  GPIOCTRL              00006f80   00000040  00000040  00000000  RWIX
  GPIODAT               00006fc0   00000020  00000020  00000000  RWIX
  GPIOINT               00006fe0   00000020  0000000a  00000016  RWIX
  SYSTEM                00007010   00000020  0000001f  00000001  RWIX
  SPIA                  00007040   00000010  00000010  00000000  RWIX
  SCIA                  00007050   00000010  00000010  00000000  RWIX
  NMIINTRUPT            00007060   00000010  00000010  00000000  RWIX
  XINTRUPT              00007070   00000010  00000010  00000000  RWIX
  ADC                   00007100   00000080  00000050  00000030  RWIX
  I2CA                  00007900   00000040  00000022  0000001e  RWIX
  DRAML0                00008900   00000700  000001d7  00000529  RWIX
  PARTID                003d7fff   00000001  00000001  00000000  RWIX
  CSM_PWL               003f7ff8   00000008  00000008  00000000  RWIX


SECTION ALLOCATION MAP

 output                                  attributes/
section   page    origin      length       input sections
--------  ----  ----------  ----------   ----------------
codestart 
*          0    00000000    00000002     
                  00000000    00000002     DSP2802x_CodeStartBranch.obj (codestart)

.pinit     0    00000050    00000000     UNINITIALIZED

.cinit     0    00000050    00000028     
                  00000050    00000012     ad5933.obj (.cinit)
                  00000062    0000000a     rts2800_ml.lib : _lock.obj (.cinit)
                  0000006c    0000000a                    : exit.obj (.cinit)
                  00000076    00000002     --HOLE-- [fill = 0]

ramfuncs   0    00000078    0000001f     
                  00000078    0000001b     DSP2802x_SysCtrl.obj (ramfuncs)
                  00000093    00000004     DSP2802x_usDelay.obj (ramfuncs)

.text      0    00008000    000008ea     
                  00008000    0000012b     DSP2802x_SysCtrl.obj (.text)
                  0000812b    00000103     com.obj (.text)
                  0000822e    000000ff     DSP2802x_DefaultIsr.obj (.text:retain)
                  0000832d    000000f6     main.obj (.text)
                  00008423    000000e4     ad5933.obj (.text)
                  00008507    00000078     rts2800_ml.lib : fs_add.obj (.text)
                  0000857f    00000075     DSP2802x_CpuTimers.obj (.text)
                  000085f4    00000071     Communication.obj (.text)
                  00008665    0000005f     ad5933.obj (.text:retain)
                  000086c4    0000005a     rts2800_ml.lib : fs_mpy.obj (.text)
                  0000871e    00000044                    : boot.obj (.text)
                  00008762    0000002a                    : l_div.obj (.text)
                  0000878c    00000029                    : fs_tol.obj (.text)
                  000087b5    00000028     DSP2802x_PieCtrl.obj (.text)
                  000087dd    00000025     DSP2802x_PieVect.obj (.text)
                  00008802    00000025     rts2800_ml.lib : fs_toi.obj (.text)
                  00008827    00000022                    : i_div.obj (.text)
                  00008849    0000001a     DSP2802x_Sci.obj (.text)
                  00008863    0000001a     rts2800_ml.lib : l_tofs.obj (.text)
                  0000887d    00000019                    : args_main.obj (.text)
                  00008896    00000019                    : exit.obj (.text)
                  000088af    00000017     DSP2802x_I2C.obj (.text)
                  000088c6    00000013     DSP2802x_Gpio.obj (.text)
                  000088d9    00000009     rts2800_ml.lib : _lock.obj (.text)
                  000088e2    00000008     DSP2802x_CodeStartBranch.obj (.text)

.reset     0    003fffc0    00000002     DSECT
                  003fffc0    00000002     rts2800_ml.lib : boot.obj (.reset)

.stack     1    00000400    00000300     UNINITIALIZED
                  00000400    00000300     --HOLE--

DevEmuRegsFile 
*          1    00000880    00000004     UNINITIALIZED
                  00000880    00000004     DSP2802x_GlobalVariableDefs.obj (DevEmuRegsFile)

SysPwrCtrlRegsFile 
*          1    00000985    00000003     UNINITIALIZED
                  00000985    00000003     DSP2802x_GlobalVariableDefs.obj (SysPwrCtrlRegsFile)

FlashRegsFile 
*          1    00000a80    00000008     UNINITIALIZED
                  00000a80    00000008     DSP2802x_GlobalVariableDefs.obj (FlashRegsFile)

CsmRegsFile 
*          1    00000ae0    00000010     UNINITIALIZED
                  00000ae0    00000010     DSP2802x_GlobalVariableDefs.obj (CsmRegsFile)

AdcResultFile 
*          1    00000b00    00000020     UNINITIALIZED
                  00000b00    00000020     DSP2802x_GlobalVariableDefs.obj (AdcResultFile)

CpuTimer0RegsFile 
*          1    00000c00    00000008     UNINITIALIZED
                  00000c00    00000008     DSP2802x_GlobalVariableDefs.obj (CpuTimer0RegsFile)

CpuTimer1RegsFile 
*          1    00000c08    00000008     UNINITIALIZED
                  00000c08    00000008     DSP2802x_GlobalVariableDefs.obj (CpuTimer1RegsFile)

CpuTimer2RegsFile 
*          1    00000c10    00000008     UNINITIALIZED
                  00000c10    00000008     DSP2802x_GlobalVariableDefs.obj (CpuTimer2RegsFile)

PieCtrlRegsFile 
*          1    00000ce0    0000001a     UNINITIALIZED
                  00000ce0    0000001a     DSP2802x_GlobalVariableDefs.obj (PieCtrlRegsFile)

PieVectTableFile 
*          1    00000d00    00000100     UNINITIALIZED
                  00000d00    00000100     DSP2802x_GlobalVariableDefs.obj (PieVectTableFile)

EmuKeyVar 
*          1    00000d00    00000001     UNINITIALIZED
                  00000d00    00000001     DSP2802x_GlobalVariableDefs.obj (EmuKeyVar)

EmuBModeVar 
*          1    00000d01    00000001     UNINITIALIZED
                  00000d01    00000001     DSP2802x_GlobalVariableDefs.obj (EmuBModeVar)

FlashCallbackVar 
*          1    00000d02    00000002     UNINITIALIZED
                  00000d02    00000002     DSP2802x_GlobalVariableDefs.obj (FlashCallbackVar)

FlashScalingVar 
*          1    00000d04    00000002     UNINITIALIZED
                  00000d04    00000002     DSP2802x_GlobalVariableDefs.obj (FlashScalingVar)

Comp1RegsFile 
*          1    00006400    00000011     UNINITIALIZED
                  00006400    00000011     DSP2802x_GlobalVariableDefs.obj (Comp1RegsFile)

Comp2RegsFile 
*          1    00006420    00000011     UNINITIALIZED
                  00006420    00000011     DSP2802x_GlobalVariableDefs.obj (Comp2RegsFile)

EPwm1RegsFile 
*          1    00006800    0000003a     UNINITIALIZED
                  00006800    0000003a     DSP2802x_GlobalVariableDefs.obj (EPwm1RegsFile)

EPwm2RegsFile 
*          1    00006840    0000003a     UNINITIALIZED
                  00006840    0000003a     DSP2802x_GlobalVariableDefs.obj (EPwm2RegsFile)

EPwm3RegsFile 
*          1    00006880    0000003a     UNINITIALIZED
                  00006880    0000003a     DSP2802x_GlobalVariableDefs.obj (EPwm3RegsFile)

EPwm4RegsFile 
*          1    000068c0    0000003a     UNINITIALIZED
                  000068c0    0000003a     DSP2802x_GlobalVariableDefs.obj (EPwm4RegsFile)

ECap1RegsFile 
*          1    00006a00    00000020     UNINITIALIZED
                  00006a00    00000020     DSP2802x_GlobalVariableDefs.obj (ECap1RegsFile)

GpioCtrlRegsFile 
*          1    00006f80    00000040     UNINITIALIZED
                  00006f80    00000040     DSP2802x_GlobalVariableDefs.obj (GpioCtrlRegsFile)

GpioDataRegsFile 
*          1    00006fc0    00000020     UNINITIALIZED
                  00006fc0    00000020     DSP2802x_GlobalVariableDefs.obj (GpioDataRegsFile)

GpioIntRegsFile 
*          1    00006fe0    0000000a     UNINITIALIZED
                  00006fe0    0000000a     DSP2802x_GlobalVariableDefs.obj (GpioIntRegsFile)

SysCtrlRegsFile 
*          1    00007010    0000001f     UNINITIALIZED
                  00007010    0000001f     DSP2802x_GlobalVariableDefs.obj (SysCtrlRegsFile)

SpiaRegsFile 
*          1    00007040    00000010     UNINITIALIZED
                  00007040    00000010     DSP2802x_GlobalVariableDefs.obj (SpiaRegsFile)

SciaRegsFile 
*          1    00007050    00000010     UNINITIALIZED
                  00007050    00000010     DSP2802x_GlobalVariableDefs.obj (SciaRegsFile)

NmiIntruptRegsFile 
*          1    00007060    00000010     UNINITIALIZED
                  00007060    00000010     DSP2802x_GlobalVariableDefs.obj (NmiIntruptRegsFile)

XIntruptRegsFile 
*          1    00007070    00000010     UNINITIALIZED
                  00007070    00000010     DSP2802x_GlobalVariableDefs.obj (XIntruptRegsFile)

AdcRegsFile 
*          1    00007100    00000050     UNINITIALIZED
                  00007100    00000050     DSP2802x_GlobalVariableDefs.obj (AdcRegsFile)

I2caRegsFile 
*          1    00007900    00000022     UNINITIALIZED
                  00007900    00000022     DSP2802x_GlobalVariableDefs.obj (I2caRegsFile)

.econst    1    00008900    00000187     
                  00008900    00000100     DSP2802x_PieVect.obj (.econst)
                  00008a00    00000084     main.obj (.econst:.string)
                  00008a84    00000003     com.obj (.econst:.string)

.ebss      1    00008a88    00000050     UNINITIALIZED
                  00008a88    0000002c     ad5933.obj (.ebss)
                  00008ab4    00000004     rts2800_ml.lib : _lock.obj (.ebss)
                  00008ab8    00000004                    : exit.obj (.ebss)
                  00008abc    00000004     --HOLE--
                  00008ac0    00000018     DSP2802x_CpuTimers.obj (.ebss)

PartIdRegsFile 
*          1    003d7fff    00000001     UNINITIALIZED
                  003d7fff    00000001     DSP2802x_GlobalVariableDefs.obj (PartIdRegsFile)

CsmPwlFile 
*          1    003f7ff8    00000008     UNINITIALIZED
                  003f7ff8    00000008     DSP2802x_GlobalVariableDefs.obj (CsmPwlFile)


GLOBAL SYMBOLS: SORTED ALPHABETICALLY BY Name 

address    name
--------   ----
00008000   .text
00008896   C$$EXIT
0000850c   FS$$ADD
000086c4   FS$$MPY
00008507   FS$$SUB
00008802   FS$$TOI
0000878c   FS$$TOL
00008827   I$$DIV
00008838   I$$MOD
00008762   L$$DIV
00008771   L$$MOD
00008863   L$$TOFS
0000877f   UL$$DIV
00008786   UL$$MOD
0000828d   _ADCINT1_ISR
00008292   _ADCINT2_ISR
000082fb   _ADCINT3_ISR
00008300   _ADCINT4_ISR
00008305   _ADCINT5_ISR
0000830a   _ADCINT6_ISR
0000830f   _ADCINT7_ISR
00008314   _ADCINT8_ISR
000082a1   _ADCINT9_ISR
00007100   _AdcRegs
00000b00   _AdcResult
00006400   _Comp1Regs
00006420   _Comp2Regs
000085c0   _ConfigCpuTimer
00008ad0   _CpuTimer0
00000c00   _CpuTimer0Regs
00008ac0   _CpuTimer1
00000c08   _CpuTimer1Regs
00008ac8   _CpuTimer2
00000c10   _CpuTimer2Regs
003f7ff8   _CsmPwl
00000ae0   _CsmRegs
000080ae   _CsmUnlock
00008a8a   _CurrentMsgPtr
00008238   _DATALOG_ISR
00000093   _DSP28x_usDelay
00000880   _DevEmuRegs
00008024   _DisableDog
000082d8   _ECAP1_INT_ISR
00006a00   _ECap1Regs
0000831e   _EMPTY_ISR
00008242   _EMUINT_ISR
000082c4   _EPWM1_INT_ISR
000082b0   _EPWM1_TZINT_ISR
000082c9   _EPWM2_INT_ISR
000082b5   _EPWM2_TZINT_ISR
000082ce   _EPWM3_INT_ISR
000082ba   _EPWM3_TZINT_ISR
000082d3   _EPWM4_INT_ISR
000082bf   _EPWM4_TZINT_ISR
00006800   _EPwm1Regs
00006840   _EPwm2Regs
00006880   _EPwm3Regs
000068c0   _EPwm4Regs
00000d01   _EmuBMode
00000d00   _EmuKey
000087d4   _EnableInterrupts
00008115   _ExtOscSel
00008a88   _FailCount
00000a80   _FlashRegs
00000d04   _Flash_CPUScaleFactor
00000d02   _Flash_CallbackPtr
000081a0   _FloatToString
00006f80   _GpioCtrlRegs
00006fc0   _GpioDataRegs
00006fe0   _GpioIntRegs
00008496   _I2CA_Init
000084d5   _I2CA_ReadData
000084a9   _I2CA_WriteData
000082e7   _I2CINT1A_ISR
000082ec   _I2CINT2A_ISR
000085f4   _I2C_Init
00008640   _I2C_Read
00008605   _I2C_Write
00008aa0   _I2cMsgIn1
00008a8c   _I2cMsgOut1
00007900   _I2caRegs
0000824c   _ILLEGAL_ISR
0000822e   _INT13_ISR
00008233   _INT14_ISR
0000857f   _InitCpuTimers
00000078   _InitFlash
000088c6   _InitGpio
000088af   _InitI2C
000088b0   _InitI2CGpio
0000807c   _InitPeripheralClocks
000087b5   _InitPieCtrl
000087dd   _InitPieVectTable
0000802c   _InitPll
00008849   _InitSci
0000884a   _InitSciGpio
0000884d   _InitSciaGpio
00008000   _InitSysCtrl
000080df   _IntOsc1Sel
000080ef   _IntOsc2Sel
00008247   _NMI_ISR
00007060   _NmiIntruptRegs
00008323   _PIE_RESERVED
003d7fff   _PartIdRegs
00008a89   _PassCount
00000ce0   _PieCtrlRegs
00000d00   _PieVectTable
00008900   _PieVectTableInit
0000823d   _RTOSINT_ISR
000082f1   _SCIRXINTA_ISR
000082f6   _SCITXINTA_ISR
000082dd   _SPIRXINTA_ISR
000082e2   _SPITXINTA_ISR
00007050   _SciaRegs
0000801a   _ServiceDog
00007040   _SpiaRegs
00007010   _SysCtrlRegs
00000985   _SysPwrCtrlRegs
000082a6   _TINT0_ISR
0000827e   _USER10_ISR
00008283   _USER11_ISR
00008288   _USER12_ISR
00008251   _USER1_ISR
00008256   _USER2_ISR
0000825b   _USER3_ISR
00008260   _USER4_ISR
00008265   _USER5_ISR
0000826a   _USER6_ISR
0000826f   _USER7_ISR
00008274   _USER8_ISR
00008279   _USER9_ISR
000082ab   _WAKEINT_ISR
00008297   _XINT1_ISR
0000829c   _XINT2_ISR
00008319   _XINT3_ISR
00007070   _XIntruptRegs
00008101   _XtalOscSel
00000700   __STACK_END
00000300   __STACK_SIZE
00000001   __TI_args_main
ffffffff   ___binit__
ffffffff   ___c_args__
00000050   ___cinit__
000088ea   ___etext__
ffffffff   ___pinit__
00008000   ___text__
0000887d   __args_main
00008ab8   __cleanup_ptr
00008aba   __dtors_ptr
00008ab6   __lock
000088e1   __nop
000088dd   __register_lock
000088d9   __register_unlock
00000400   __stack
00008ab4   __unlock
00008896   _abort
00008423   _ad5933_init
0000848a   _ad5933_mode
0000847c   _ad5933_test
00008492   _ad5993_status
00008417   _button_init
0000871e   _c_int00
00008898   _exit
00008665   _i2c_int1a_isr
000083c9   _led_init
000083fb   _led_off
000083df   _led_on
0000832d   _main
00008328   _rsvd_ISR
0000817d   _scia_Byte2Hex
0000819b   _scia_PrintLF
00008133   _scia_echoback_init
0000812b   _scia_fifo_init
00008153   _scia_msg
00008168   _scia_read
00008147   _scia_xmit
ffffffff   binit
00000050   cinit
00000000   code_start
000088ea   etext
ffffffff   pinit


GLOBAL SYMBOLS: SORTED BY Symbol Address 

address    name
--------   ----
00000000   code_start
00000001   __TI_args_main
00000050   ___cinit__
00000050   cinit
00000078   _InitFlash
00000093   _DSP28x_usDelay
00000300   __STACK_SIZE
00000400   __stack
00000700   __STACK_END
00000880   _DevEmuRegs
00000985   _SysPwrCtrlRegs
00000a80   _FlashRegs
00000ae0   _CsmRegs
00000b00   _AdcResult
00000c00   _CpuTimer0Regs
00000c08   _CpuTimer1Regs
00000c10   _CpuTimer2Regs
00000ce0   _PieCtrlRegs
00000d00   _EmuKey
00000d00   _PieVectTable
00000d01   _EmuBMode
00000d02   _Flash_CallbackPtr
00000d04   _Flash_CPUScaleFactor
00006400   _Comp1Regs
00006420   _Comp2Regs
00006800   _EPwm1Regs
00006840   _EPwm2Regs
00006880   _EPwm3Regs
000068c0   _EPwm4Regs
00006a00   _ECap1Regs
00006f80   _GpioCtrlRegs
00006fc0   _GpioDataRegs
00006fe0   _GpioIntRegs
00007010   _SysCtrlRegs
00007040   _SpiaRegs
00007050   _SciaRegs
00007060   _NmiIntruptRegs
00007070   _XIntruptRegs
00007100   _AdcRegs
00007900   _I2caRegs
00008000   .text
00008000   _InitSysCtrl
00008000   ___text__
0000801a   _ServiceDog
00008024   _DisableDog
0000802c   _InitPll
0000807c   _InitPeripheralClocks
000080ae   _CsmUnlock
000080df   _IntOsc1Sel
000080ef   _IntOsc2Sel
00008101   _XtalOscSel
00008115   _ExtOscSel
0000812b   _scia_fifo_init
00008133   _scia_echoback_init
00008147   _scia_xmit
00008153   _scia_msg
00008168   _scia_read
0000817d   _scia_Byte2Hex
0000819b   _scia_PrintLF
000081a0   _FloatToString
0000822e   _INT13_ISR
00008233   _INT14_ISR
00008238   _DATALOG_ISR
0000823d   _RTOSINT_ISR
00008242   _EMUINT_ISR
00008247   _NMI_ISR
0000824c   _ILLEGAL_ISR
00008251   _USER1_ISR
00008256   _USER2_ISR
0000825b   _USER3_ISR
00008260   _USER4_ISR
00008265   _USER5_ISR
0000826a   _USER6_ISR
0000826f   _USER7_ISR
00008274   _USER8_ISR
00008279   _USER9_ISR
0000827e   _USER10_ISR
00008283   _USER11_ISR
00008288   _USER12_ISR
0000828d   _ADCINT1_ISR
00008292   _ADCINT2_ISR
00008297   _XINT1_ISR
0000829c   _XINT2_ISR
000082a1   _ADCINT9_ISR
000082a6   _TINT0_ISR
000082ab   _WAKEINT_ISR
000082b0   _EPWM1_TZINT_ISR
000082b5   _EPWM2_TZINT_ISR
000082ba   _EPWM3_TZINT_ISR
000082bf   _EPWM4_TZINT_ISR
000082c4   _EPWM1_INT_ISR
000082c9   _EPWM2_INT_ISR
000082ce   _EPWM3_INT_ISR
000082d3   _EPWM4_INT_ISR
000082d8   _ECAP1_INT_ISR
000082dd   _SPIRXINTA_ISR
000082e2   _SPITXINTA_ISR
000082e7   _I2CINT1A_ISR
000082ec   _I2CINT2A_ISR
000082f1   _SCIRXINTA_ISR
000082f6   _SCITXINTA_ISR
000082fb   _ADCINT3_ISR
00008300   _ADCINT4_ISR
00008305   _ADCINT5_ISR
0000830a   _ADCINT6_ISR
0000830f   _ADCINT7_ISR
00008314   _ADCINT8_ISR
00008319   _XINT3_ISR
0000831e   _EMPTY_ISR
00008323   _PIE_RESERVED
00008328   _rsvd_ISR
0000832d   _main
000083c9   _led_init
000083df   _led_on
000083fb   _led_off
00008417   _button_init
00008423   _ad5933_init
0000847c   _ad5933_test
0000848a   _ad5933_mode
00008492   _ad5993_status
00008496   _I2CA_Init
000084a9   _I2CA_WriteData
000084d5   _I2CA_ReadData
00008507   FS$$SUB
0000850c   FS$$ADD
0000857f   _InitCpuTimers
000085c0   _ConfigCpuTimer
000085f4   _I2C_Init
00008605   _I2C_Write
00008640   _I2C_Read
00008665   _i2c_int1a_isr
000086c4   FS$$MPY
0000871e   _c_int00
00008762   L$$DIV
00008771   L$$MOD
0000877f   UL$$DIV
00008786   UL$$MOD
0000878c   FS$$TOL
000087b5   _InitPieCtrl
000087d4   _EnableInterrupts
000087dd   _InitPieVectTable
00008802   FS$$TOI
00008827   I$$DIV
00008838   I$$MOD
00008849   _InitSci
0000884a   _InitSciGpio
0000884d   _InitSciaGpio
00008863   L$$TOFS
0000887d   __args_main
00008896   C$$EXIT
00008896   _abort
00008898   _exit
000088af   _InitI2C
000088b0   _InitI2CGpio
000088c6   _InitGpio
000088d9   __register_unlock
000088dd   __register_lock
000088e1   __nop
000088ea   ___etext__
000088ea   etext
00008900   _PieVectTableInit
00008a88   _FailCount
00008a89   _PassCount
00008a8a   _CurrentMsgPtr
00008a8c   _I2cMsgOut1
00008aa0   _I2cMsgIn1
00008ab4   __unlock
00008ab6   __lock
00008ab8   __cleanup_ptr
00008aba   __dtors_ptr
00008ac0   _CpuTimer1
00008ac8   _CpuTimer2
00008ad0   _CpuTimer0
003d7fff   _PartIdRegs
003f7ff8   _CsmPwl
ffffffff   ___binit__
ffffffff   ___c_args__
ffffffff   ___pinit__
ffffffff   binit
ffffffff   pinit

[180 symbols]
