******************************************************************************
             TMS320C2000 Linker PC v6.1.0                      
******************************************************************************
>> Linked Wed Feb 27 20:45:54 2013

OUTPUT FILE NAME:   <F:/ Firmware/sam3s-demo-source/trunk/ sam3s-demo-source --username kaiser.ren@gmail.com/DSP2802x/v126/DSP2802x_examples/i2c_eeprom/Example_2802xI2C_eeprom/../../../DSP2802x_examples/i2c_eeprom/Debug/Example_2802xI2C_eeprom.out>
ENTRY POINT SYMBOL: "code_start"  address: 00000000


MEMORY CONFIGURATION

         name            origin    length      used     unused   attr    fill
----------------------  --------  ---------  --------  --------  ----  --------
PAGE 0:
  BEGIN                 00000000   00000002  00000002  00000000  RWIX
  RAMM0                 00000050   000003b0  000000b7  000002f9  RWIX
  PRAML0                00008000   00000fff  00000995  0000066a  RWIX
  IQTABLES              003fe000   00000b50  00000b50  00000000  RWIX
  IQTABLES2             003feb50   0000008c  00000000  0000008c  RWIX
  IQTABLES3             003febdc   000000aa  00000000  000000aa  RWIX
  BOOTROM               003ff27c   00000d44  00000000  00000d44  RWIX
  RESET                 003fffc0   00000002  00000000  00000002  RWIX

PAGE 1:
  BOOT_RSVD             00000002   0000004e  00000000  0000004e  RWIX
  RAMM1                 00000400   00000400  00000300  00000100  RWIX
  DEV_EMU               00000880   00000105  00000004  00000101  RWIX
  SYS_PWR_CTL           00000985   00000003  00000003  00000000  RWIX
  FLASH_REGS            00000a80   00000060  00000008  00000058  RWIX
  CSM                   00000ae0   00000010  00000010  00000000  RWIX
  ADC_RESULT            00000b00   00000020  00000020  00000000  RWIX
  CPU_TIMER0            00000c00   00000008  00000008  00000000  RWIX
  CPU_TIMER1            00000c08   00000008  00000008  00000000  RWIX
  CPU_TIMER2            00000c10   00000008  00000008  00000000  RWIX
  PIE_CTRL              00000ce0   00000020  0000001a  00000006  RWIX
  PIE_VECT              00000d00   00000100  00000100  00000000  RWIX
  COMP1                 00006400   00000020  00000011  0000000f  RWIX
  COMP2                 00006420   00000020  00000011  0000000f  RWIX
  EPWM1                 00006800   00000040  0000003a  00000006  RWIX
  EPWM2                 00006840   00000040  0000003a  00000006  RWIX
  EPWM3                 00006880   00000040  0000003a  00000006  RWIX
  EPWM4                 000068c0   00000040  0000003a  00000006  RWIX
  ECAP1                 00006a00   00000020  00000020  00000000  RWIX
  GPIOCTRL              00006f80   00000040  00000040  00000000  RWIX
  GPIODAT               00006fc0   00000020  00000020  00000000  RWIX
  GPIOINT               00006fe0   00000020  0000000a  00000016  RWIX
  SYSTEM                00007010   00000020  0000001f  00000001  RWIX
  SPIA                  00007040   00000010  00000010  00000000  RWIX
  SCIA                  00007050   00000010  00000010  00000000  RWIX
  NMIINTRUPT            00007060   00000010  00000010  00000000  RWIX
  XINTRUPT              00007070   00000010  00000010  00000000  RWIX
  ADC                   00007100   00000080  00000050  00000030  RWIX
  I2CA                  00007900   00000040  00000022  0000001e  RWIX
  DRAML0                00008900   00000700  000005a5  0000015b  RWIX
  PARTID                003d7fff   00000001  00000001  00000000  RWIX
  CSM_PWL               003f7ff8   00000008  00000008  00000000  RWIX


SECTION ALLOCATION MAP

 output                                  attributes/
section   page    origin      length       input sections
--------  ----  ----------  ----------   ----------------
codestart 
*          0    00000000    00000002     
                  00000000    00000002     DSP2802x_CodeStartBranch.obj (codestart)

.pinit     0    00000050    00000000     UNINITIALIZED

.ebss      1    00000000    00000260     FAILED TO ALLOCATE
ramfuncs   0    00000050    0000001f     
                  00000050    0000001b     DSP2802x_SysCtrl.obj (ramfuncs)
                  0000006b    00000004     DSP2802x_usDelay.obj (ramfuncs)

.cinit     0    0000006f    0000001a     
                  0000006f    0000000a     rts2800_ml.lib : _lock.obj (.cinit)
                  00000079    0000000a                    : exit.obj (.cinit)
                  00000083    00000004     ad5933.obj (.cinit)
                  00000087    00000002     --HOLE-- [fill = 0]

csm_rsvd   0    00000089    00000076     
                  00000089    00000076     DSP2802x_CSMPasswords.obj (csm_rsvd)

csmpasswds 
*          0    000000ff    00000008     
                  000000ff    00000008     DSP2802x_CSMPasswords.obj (csmpasswds)

.text      0    00008000    00000898     
                  00008000    0000012b     DSP2802x_SysCtrl.obj (.text)
                  0000812b    0000011c     ad5933.obj (.text)
                  00008247    00000106     com.obj (.text)
                  0000834d    000000ff     DSP2802x_DefaultIsr.obj (.text:retain)
                  0000844c    000000b2     main.obj (.text)
                  000084fe    00000078     rts2800_ml.lib : fs_add.obj (.text)
                  00008576    00000075     DSP2802x_CpuTimers.obj (.text)
                  000085eb    00000071     Communication.obj (.text)
                  0000865c    0000005a     rts2800_ml.lib : fs_mpy.obj (.text)
                  000086b6    00000044                    : boot.obj (.text)
                  000086fa    0000002a                    : l_div.obj (.text)
                  00008724    00000029                    : fs_tol.obj (.text)
                  0000874d    00000028     DSP2802x_PieCtrl.obj (.text)
                  00008775    00000025     DSP2802x_PieVect.obj (.text)
                  0000879a    00000025     rts2800_ml.lib : fs_toi.obj (.text)
                  000087bf    00000022                    : i_div.obj (.text)
                  000087e1    0000001a     DSP2802x_Sci.obj (.text)
                  000087fb    0000001a     rts2800_ml.lib : l_tofs.obj (.text)
                  00008815    00000019                    : args_main.obj (.text)
                  0000882e    00000019                    : exit.obj (.text)
                  00008847    00000017     DSP2802x_I2C.obj (.text)
                  0000885e    00000015     DSP2802x_MemCopy.obj (.text)
                  00008873    00000013     DSP2802x_Gpio.obj (.text)
                  00008886    00000009     rts2800_ml.lib : _lock.obj (.text)
                  0000888f    00000008     DSP2802x_CodeStartBranch.obj (.text)
                  00008897    00000001     calc.obj (.text)

IQmath     0    00008898    000000fd     
                  00008898    0000009d     IQmathLog.lib : IQ24log.obj (IQmath)
                  00008935    00000060     IQmath.lib : IQ24mag.obj (IQmath)

IQmathTables 
*          0    003fe000    00000b50     NOLOAD SECTION
                  003fe000    00000b50     IQmath.lib : IQmathTables.obj (IQmathTables)

.reset     0    003fffc0    00000002     DSECT
                  003fffc0    00000002     rts2800_ml.lib : boot.obj (.reset)

.stack     1    00000400    00000300     UNINITIALIZED
                  00000400    00000300     --HOLE--

DevEmuRegsFile 
*          1    00000880    00000004     UNINITIALIZED
                  00000880    00000004     DSP2802x_GlobalVariableDefs.obj (DevEmuRegsFile)

SysPwrCtrlRegsFile 
*          1    00000985    00000003     UNINITIALIZED
                  00000985    00000003     DSP2802x_GlobalVariableDefs.obj (SysPwrCtrlRegsFile)

FlashRegsFile 
*          1    00000a80    00000008     UNINITIALIZED
                  00000a80    00000008     DSP2802x_GlobalVariableDefs.obj (FlashRegsFile)

CsmRegsFile 
*          1    00000ae0    00000010     UNINITIALIZED
                  00000ae0    00000010     DSP2802x_GlobalVariableDefs.obj (CsmRegsFile)

AdcResultFile 
*          1    00000b00    00000020     UNINITIALIZED
                  00000b00    00000020     DSP2802x_GlobalVariableDefs.obj (AdcResultFile)

CpuTimer0RegsFile 
*          1    00000c00    00000008     UNINITIALIZED
                  00000c00    00000008     DSP2802x_GlobalVariableDefs.obj (CpuTimer0RegsFile)

CpuTimer1RegsFile 
*          1    00000c08    00000008     UNINITIALIZED
                  00000c08    00000008     DSP2802x_GlobalVariableDefs.obj (CpuTimer1RegsFile)

CpuTimer2RegsFile 
*          1    00000c10    00000008     UNINITIALIZED
                  00000c10    00000008     DSP2802x_GlobalVariableDefs.obj (CpuTimer2RegsFile)

PieCtrlRegsFile 
*          1    00000ce0    0000001a     UNINITIALIZED
                  00000ce0    0000001a     DSP2802x_GlobalVariableDefs.obj (PieCtrlRegsFile)

PieVectTableFile 
*          1    00000d00    00000100     UNINITIALIZED
                  00000d00    00000100     DSP2802x_GlobalVariableDefs.obj (PieVectTableFile)

EmuKeyVar 
*          1    00000d00    00000001     UNINITIALIZED
                  00000d00    00000001     DSP2802x_GlobalVariableDefs.obj (EmuKeyVar)

EmuBModeVar 
*          1    00000d01    00000001     UNINITIALIZED
                  00000d01    00000001     DSP2802x_GlobalVariableDefs.obj (EmuBModeVar)

FlashCallbackVar 
*          1    00000d02    00000002     UNINITIALIZED
                  00000d02    00000002     DSP2802x_GlobalVariableDefs.obj (FlashCallbackVar)

FlashScalingVar 
*          1    00000d04    00000002     UNINITIALIZED
                  00000d04    00000002     DSP2802x_GlobalVariableDefs.obj (FlashScalingVar)

Comp1RegsFile 
*          1    00006400    00000011     UNINITIALIZED
                  00006400    00000011     DSP2802x_GlobalVariableDefs.obj (Comp1RegsFile)

Comp2RegsFile 
*          1    00006420    00000011     UNINITIALIZED
                  00006420    00000011     DSP2802x_GlobalVariableDefs.obj (Comp2RegsFile)

EPwm1RegsFile 
*          1    00006800    0000003a     UNINITIALIZED
                  00006800    0000003a     DSP2802x_GlobalVariableDefs.obj (EPwm1RegsFile)

EPwm2RegsFile 
*          1    00006840    0000003a     UNINITIALIZED
                  00006840    0000003a     DSP2802x_GlobalVariableDefs.obj (EPwm2RegsFile)

EPwm3RegsFile 
*          1    00006880    0000003a     UNINITIALIZED
                  00006880    0000003a     DSP2802x_GlobalVariableDefs.obj (EPwm3RegsFile)

EPwm4RegsFile 
*          1    000068c0    0000003a     UNINITIALIZED
                  000068c0    0000003a     DSP2802x_GlobalVariableDefs.obj (EPwm4RegsFile)

ECap1RegsFile 
*          1    00006a00    00000020     UNINITIALIZED
                  00006a00    00000020     DSP2802x_GlobalVariableDefs.obj (ECap1RegsFile)

GpioCtrlRegsFile 
*          1    00006f80    00000040     UNINITIALIZED
                  00006f80    00000040     DSP2802x_GlobalVariableDefs.obj (GpioCtrlRegsFile)

GpioDataRegsFile 
*          1    00006fc0    00000020     UNINITIALIZED
                  00006fc0    00000020     DSP2802x_GlobalVariableDefs.obj (GpioDataRegsFile)

GpioIntRegsFile 
*          1    00006fe0    0000000a     UNINITIALIZED
                  00006fe0    0000000a     DSP2802x_GlobalVariableDefs.obj (GpioIntRegsFile)

SysCtrlRegsFile 
*          1    00007010    0000001f     UNINITIALIZED
                  00007010    0000001f     DSP2802x_GlobalVariableDefs.obj (SysCtrlRegsFile)

SpiaRegsFile 
*          1    00007040    00000010     UNINITIALIZED
                  00007040    00000010     DSP2802x_GlobalVariableDefs.obj (SpiaRegsFile)

SciaRegsFile 
*          1    00007050    00000010     UNINITIALIZED
                  00007050    00000010     DSP2802x_GlobalVariableDefs.obj (SciaRegsFile)

NmiIntruptRegsFile 
*          1    00007060    00000010     UNINITIALIZED
                  00007060    00000010     DSP2802x_GlobalVariableDefs.obj (NmiIntruptRegsFile)

XIntruptRegsFile 
*          1    00007070    00000010     UNINITIALIZED
                  00007070    00000010     DSP2802x_GlobalVariableDefs.obj (XIntruptRegsFile)

AdcRegsFile 
*          1    00007100    00000050     UNINITIALIZED
                  00007100    00000050     DSP2802x_GlobalVariableDefs.obj (AdcRegsFile)

I2caRegsFile 
*          1    00007900    00000022     UNINITIALIZED
                  00007900    00000022     DSP2802x_GlobalVariableDefs.obj (I2caRegsFile)

.econst    1    00008900    000005a5     
                  00008900    000003fe     calc.obj (.econst:_mag_ref)
                  00008cfe    00000100     DSP2802x_PieVect.obj (.econst)
                  00008dfe    000000a4     main.obj (.econst:.string)
                  00008ea2    00000003     com.obj (.econst:.string)

PartIdRegsFile 
*          1    003d7fff    00000001     UNINITIALIZED
                  003d7fff    00000001     DSP2802x_GlobalVariableDefs.obj (PartIdRegsFile)

CsmPwlFile 
*          1    003f7ff8    00000008     UNINITIALIZED
                  003f7ff8    00000008     DSP2802x_GlobalVariableDefs.obj (CsmPwlFile)


GLOBAL SYMBOLS: SORTED ALPHABETICALLY BY Name 

address    name
--------   ----
00008000   .text
0000882e   C$$EXIT
00008503   FS$$ADD
0000865c   FS$$MPY
000084fe   FS$$SUB
0000879a   FS$$TOI
00008724   FS$$TOL
000087bf   I$$DIV
000087d0   I$$MOD
000086fa   L$$DIV
00008709   L$$MOD
000087fb   L$$TOFS
00008717   UL$$DIV
0000871e   UL$$MOD
000083ac   _ADCINT1_ISR
000083b1   _ADCINT2_ISR
0000841a   _ADCINT3_ISR
0000841f   _ADCINT4_ISR
00008424   _ADCINT5_ISR
00008429   _ADCINT6_ISR
0000842e   _ADCINT7_ISR
00008433   _ADCINT8_ISR
000083c0   _ADCINT9_ISR
00007100   _AdcRegs
00000b00   _AdcResult
00006400   _Comp1Regs
00006420   _Comp2Regs
000085b7   _ConfigCpuTimer
00000250   _CpuTimer0
00000c00   _CpuTimer0Regs
00000240   _CpuTimer1
00000c08   _CpuTimer1Regs
00000248   _CpuTimer2
00000c10   _CpuTimer2Regs
003f7ff8   _CsmPwl
00000ae0   _CsmRegs
000080ae   _CsmUnlock
00008357   _DATALOG_ISR
0000006b   _DSP28x_usDelay
00000880   _DevEmuRegs
00008024   _DisableDog
000083f7   _ECAP1_INT_ISR
00006a00   _ECap1Regs
0000843d   _EMPTY_ISR
00008361   _EMUINT_ISR
000083e3   _EPWM1_INT_ISR
000083cf   _EPWM1_TZINT_ISR
000083e8   _EPWM2_INT_ISR
000083d4   _EPWM2_TZINT_ISR
000083ed   _EPWM3_INT_ISR
000083d9   _EPWM3_TZINT_ISR
000083f2   _EPWM4_INT_ISR
000083de   _EPWM4_TZINT_ISR
00006800   _EPwm1Regs
00006840   _EPwm2Regs
00006880   _EPwm3Regs
000068c0   _EPwm4Regs
00000d01   _EmuBMode
00000d00   _EmuKey
0000876c   _EnableInterrupts
00008115   _ExtOscSel
00000a80   _FlashRegs
00000d04   _Flash_CPUScaleFactor
00000d02   _Flash_CallbackPtr
000082bf   _FloatToString
00006f80   _GpioCtrlRegs
00006fc0   _GpioDataRegs
00006fe0   _GpioIntRegs
00008406   _I2CINT1A_ISR
0000840b   _I2CINT2A_ISR
000085eb   _I2C_Init
00008637   _I2C_Read
000085fc   _I2C_Write
00007900   _I2caRegs
0000836b   _ILLEGAL_ISR
0000834d   _INT13_ISR
00008352   _INT14_ISR
003fead8   _IQ10mpyRndSatTable
003feacc   _IQ11mpyRndSatTable
003feac0   _IQ12mpyRndSatTable
003feab4   _IQ13mpyRndSatTable
003feaa8   _IQ14mpyRndSatTable
003fea9c   _IQ15mpyRndSatTable
003fea90   _IQ16mpyRndSatTable
003fea84   _IQ17mpyRndSatTable
003fea78   _IQ18mpyRndSatTable
003fea6c   _IQ19mpyRndSatTable
003feb44   _IQ1mpyRndSatTable
003fea60   _IQ20mpyRndSatTable
003fea54   _IQ21mpyRndSatTable
003fea48   _IQ22mpyRndSatTable
003fea3c   _IQ23mpyRndSatTable
003fea30   _IQ24mpyRndSatTable
003fea24   _IQ25mpyRndSatTable
003fea18   _IQ26mpyRndSatTable
003fea0c   _IQ27mpyRndSatTable
003fea00   _IQ28mpyRndSatTable
003fe9f4   _IQ29mpyRndSatTable
003feb38   _IQ2mpyRndSatTable
003fe9e8   _IQ30mpyRndSatTable
003feb2c   _IQ3mpyRndSatTable
003feb20   _IQ4mpyRndSatTable
003feb14   _IQ5mpyRndSatTable
003feb08   _IQ6mpyRndSatTable
003feafc   _IQ7mpyRndSatTable
003feaf0   _IQ8mpyRndSatTable
003feae4   _IQ9mpyRndSatTable
003fe824   _IQatan2HalfPITable
003fe862   _IQatan2Table
003fe9e8   _IQatan2TableEnd
003fe100   _IQcosTable
003fe502   _IQcosTableEnd
003fe502   _IQdivRoundSatTable
003fe510   _IQdivTable
003fe712   _IQdivTableEnd
003fe712   _IQisqrtRoundSatTable
003fe722   _IQisqrtTable
003fe824   _IQisqrtTableEnd
003fe9e8   _IQmpyRndSatTable
003feb50   _IQmpyRndSatTableEnd
003fe000   _IQsinTable
003fe400   _IQsinTableEnd
003fe712   _IQsqrtRoundSatTable
003fe722   _IQsqrtTable
003fe824   _IQsqrtTableEnd
00008576   _InitCpuTimers
00000050   _InitFlash
00008873   _InitGpio
00008847   _InitI2C
00008848   _InitI2CGpio
0000807c   _InitPeripheralClocks
0000874d   _InitPieCtrl
00008775   _InitPieVectTable
0000802c   _InitPll
000087e1   _InitSci
000087e2   _InitSciGpio
000087e5   _InitSciaGpio
00008000   _InitSysCtrl
000080df   _IntOsc1Sel
000080ef   _IntOsc2Sel
0000885e   _MemCopy
00008366   _NMI_ISR
00007060   _NmiIntruptRegs
00008442   _PIE_RESERVED
003d7fff   _PartIdRegs
00000ce0   _PieCtrlRegs
00000d00   _PieVectTable
00008cfe   _PieVectTableInit
0000835c   _RTOSINT_ISR
00008410   _SCIRXINTA_ISR
00008415   _SCITXINTA_ISR
000083fc   _SPIRXINTA_ISR
00008401   _SPITXINTA_ISR
00007050   _SciaRegs
0000801a   _ServiceDog
00007040   _SpiaRegs
00007010   _SysCtrlRegs
00000985   _SysPwrCtrlRegs
000083c5   _TINT0_ISR
0000839d   _USER10_ISR
000083a2   _USER11_ISR
000083a7   _USER12_ISR
00008370   _USER1_ISR
00008375   _USER2_ISR
0000837a   _USER3_ISR
0000837f   _USER4_ISR
00008384   _USER5_ISR
00008389   _USER6_ISR
0000838e   _USER7_ISR
00008393   _USER8_ISR
00008398   _USER9_ISR
000083ca   _WAKEINT_ISR
000083b6   _XINT1_ISR
000083bb   _XINT2_ISR
00008438   _XINT3_ISR
00007070   _XIntruptRegs
00008101   _XtalOscSel
00008898   __IQ24log
00008935   __IQ24mag
00000700   __STACK_END
00000300   __STACK_SIZE
00000001   __TI_args_main
ffffffff   ___binit__
ffffffff   ___c_args__
0000006f   ___cinit__
00008898   ___etext__
ffffffff   ___pinit__
00008000   ___text__
00008815   __args_main
0000025c   __cleanup_ptr
0000025e   __dtors_ptr
0000025a   __lock
0000888e   __nop
0000888a   __register_lock
00008886   __register_unlock
00000400   __stack
00000258   __unlock
0000882e   _abort
0000812b   _ad5933_init
00008195   _ad5933_mode
00008182   _ad5933_print
000081a4   _ad5933_sweep
00000000   _ad5933_temp
0000821e   _ad5993_GetTemperature
0000819d   _ad5993_status
000084f2   _button_init
000086b6   _c_int00
00000040   _diff_array
00008830   _exit
000084a4   _led_init
000084d6   _led_off
000084ba   _led_on
00008900   _mag_ref
0000844c   _main
00008897   _modular_operate
00008447   _rsvd_ISR
00008299   _scia_Byte2Hex
000082ba   _scia_PrintLF
0000824f   _scia_echoback_init
00008247   _scia_fifo_init
0000826f   _scia_msg
00008284   _scia_read
00008263   _scia_xmit
ffffffff   binit
0000006f   cinit
00000000   code_start
00008898   etext
ffffffff   pinit


GLOBAL SYMBOLS: SORTED BY Symbol Address 

address    name
--------   ----
00000000   _ad5933_temp
00000000   code_start
00000001   __TI_args_main
00000040   _diff_array
00000050   _InitFlash
0000006b   _DSP28x_usDelay
0000006f   ___cinit__
0000006f   cinit
00000240   _CpuTimer1
00000248   _CpuTimer2
00000250   _CpuTimer0
00000258   __unlock
0000025a   __lock
0000025c   __cleanup_ptr
0000025e   __dtors_ptr
00000300   __STACK_SIZE
00000400   __stack
00000700   __STACK_END
00000880   _DevEmuRegs
00000985   _SysPwrCtrlRegs
00000a80   _FlashRegs
00000ae0   _CsmRegs
00000b00   _AdcResult
00000c00   _CpuTimer0Regs
00000c08   _CpuTimer1Regs
00000c10   _CpuTimer2Regs
00000ce0   _PieCtrlRegs
00000d00   _EmuKey
00000d00   _PieVectTable
00000d01   _EmuBMode
00000d02   _Flash_CallbackPtr
00000d04   _Flash_CPUScaleFactor
00006400   _Comp1Regs
00006420   _Comp2Regs
00006800   _EPwm1Regs
00006840   _EPwm2Regs
00006880   _EPwm3Regs
000068c0   _EPwm4Regs
00006a00   _ECap1Regs
00006f80   _GpioCtrlRegs
00006fc0   _GpioDataRegs
00006fe0   _GpioIntRegs
00007010   _SysCtrlRegs
00007040   _SpiaRegs
00007050   _SciaRegs
00007060   _NmiIntruptRegs
00007070   _XIntruptRegs
00007100   _AdcRegs
00007900   _I2caRegs
00008000   .text
00008000   _InitSysCtrl
00008000   ___text__
0000801a   _ServiceDog
00008024   _DisableDog
0000802c   _InitPll
0000807c   _InitPeripheralClocks
000080ae   _CsmUnlock
000080df   _IntOsc1Sel
000080ef   _IntOsc2Sel
00008101   _XtalOscSel
00008115   _ExtOscSel
0000812b   _ad5933_init
00008182   _ad5933_print
00008195   _ad5933_mode
0000819d   _ad5993_status
000081a4   _ad5933_sweep
0000821e   _ad5993_GetTemperature
00008247   _scia_fifo_init
0000824f   _scia_echoback_init
00008263   _scia_xmit
0000826f   _scia_msg
00008284   _scia_read
00008299   _scia_Byte2Hex
000082ba   _scia_PrintLF
000082bf   _FloatToString
0000834d   _INT13_ISR
00008352   _INT14_ISR
00008357   _DATALOG_ISR
0000835c   _RTOSINT_ISR
00008361   _EMUINT_ISR
00008366   _NMI_ISR
0000836b   _ILLEGAL_ISR
00008370   _USER1_ISR
00008375   _USER2_ISR
0000837a   _USER3_ISR
0000837f   _USER4_ISR
00008384   _USER5_ISR
00008389   _USER6_ISR
0000838e   _USER7_ISR
00008393   _USER8_ISR
00008398   _USER9_ISR
0000839d   _USER10_ISR
000083a2   _USER11_ISR
000083a7   _USER12_ISR
000083ac   _ADCINT1_ISR
000083b1   _ADCINT2_ISR
000083b6   _XINT1_ISR
000083bb   _XINT2_ISR
000083c0   _ADCINT9_ISR
000083c5   _TINT0_ISR
000083ca   _WAKEINT_ISR
000083cf   _EPWM1_TZINT_ISR
000083d4   _EPWM2_TZINT_ISR
000083d9   _EPWM3_TZINT_ISR
000083de   _EPWM4_TZINT_ISR
000083e3   _EPWM1_INT_ISR
000083e8   _EPWM2_INT_ISR
000083ed   _EPWM3_INT_ISR
000083f2   _EPWM4_INT_ISR
000083f7   _ECAP1_INT_ISR
000083fc   _SPIRXINTA_ISR
00008401   _SPITXINTA_ISR
00008406   _I2CINT1A_ISR
0000840b   _I2CINT2A_ISR
00008410   _SCIRXINTA_ISR
00008415   _SCITXINTA_ISR
0000841a   _ADCINT3_ISR
0000841f   _ADCINT4_ISR
00008424   _ADCINT5_ISR
00008429   _ADCINT6_ISR
0000842e   _ADCINT7_ISR
00008433   _ADCINT8_ISR
00008438   _XINT3_ISR
0000843d   _EMPTY_ISR
00008442   _PIE_RESERVED
00008447   _rsvd_ISR
0000844c   _main
000084a4   _led_init
000084ba   _led_on
000084d6   _led_off
000084f2   _button_init
000084fe   FS$$SUB
00008503   FS$$ADD
00008576   _InitCpuTimers
000085b7   _ConfigCpuTimer
000085eb   _I2C_Init
000085fc   _I2C_Write
00008637   _I2C_Read
0000865c   FS$$MPY
000086b6   _c_int00
000086fa   L$$DIV
00008709   L$$MOD
00008717   UL$$DIV
0000871e   UL$$MOD
00008724   FS$$TOL
0000874d   _InitPieCtrl
0000876c   _EnableInterrupts
00008775   _InitPieVectTable
0000879a   FS$$TOI
000087bf   I$$DIV
000087d0   I$$MOD
000087e1   _InitSci
000087e2   _InitSciGpio
000087e5   _InitSciaGpio
000087fb   L$$TOFS
00008815   __args_main
0000882e   C$$EXIT
0000882e   _abort
00008830   _exit
00008847   _InitI2C
00008848   _InitI2CGpio
0000885e   _MemCopy
00008873   _InitGpio
00008886   __register_unlock
0000888a   __register_lock
0000888e   __nop
00008897   _modular_operate
00008898   __IQ24log
00008898   ___etext__
00008898   etext
00008900   _mag_ref
00008935   __IQ24mag
00008cfe   _PieVectTableInit
003d7fff   _PartIdRegs
003f7ff8   _CsmPwl
003fe000   _IQsinTable
003fe100   _IQcosTable
003fe400   _IQsinTableEnd
003fe502   _IQcosTableEnd
003fe502   _IQdivRoundSatTable
003fe510   _IQdivTable
003fe712   _IQdivTableEnd
003fe712   _IQisqrtRoundSatTable
003fe712   _IQsqrtRoundSatTable
003fe722   _IQisqrtTable
003fe722   _IQsqrtTable
003fe824   _IQatan2HalfPITable
003fe824   _IQisqrtTableEnd
003fe824   _IQsqrtTableEnd
003fe862   _IQatan2Table
003fe9e8   _IQ30mpyRndSatTable
003fe9e8   _IQatan2TableEnd
003fe9e8   _IQmpyRndSatTable
003fe9f4   _IQ29mpyRndSatTable
003fea00   _IQ28mpyRndSatTable
003fea0c   _IQ27mpyRndSatTable
003fea18   _IQ26mpyRndSatTable
003fea24   _IQ25mpyRndSatTable
003fea30   _IQ24mpyRndSatTable
003fea3c   _IQ23mpyRndSatTable
003fea48   _IQ22mpyRndSatTable
003fea54   _IQ21mpyRndSatTable
003fea60   _IQ20mpyRndSatTable
003fea6c   _IQ19mpyRndSatTable
003fea78   _IQ18mpyRndSatTable
003fea84   _IQ17mpyRndSatTable
003fea90   _IQ16mpyRndSatTable
003fea9c   _IQ15mpyRndSatTable
003feaa8   _IQ14mpyRndSatTable
003feab4   _IQ13mpyRndSatTable
003feac0   _IQ12mpyRndSatTable
003feacc   _IQ11mpyRndSatTable
003fead8   _IQ10mpyRndSatTable
003feae4   _IQ9mpyRndSatTable
003feaf0   _IQ8mpyRndSatTable
003feafc   _IQ7mpyRndSatTable
003feb08   _IQ6mpyRndSatTable
003feb14   _IQ5mpyRndSatTable
003feb20   _IQ4mpyRndSatTable
003feb2c   _IQ3mpyRndSatTable
003feb38   _IQ2mpyRndSatTable
003feb44   _IQ1mpyRndSatTable
003feb50   _IQmpyRndSatTableEnd
ffffffff   ___binit__
ffffffff   ___c_args__
ffffffff   ___pinit__
ffffffff   binit
ffffffff   pinit

[228 symbols]
