###############################################################################
#                                                                             #
# IAR ELF Linker V6.10.1.52143/W32 for ARM              02/Nov/2012  11:15:03 #
# Copyright 2007-2010 IAR Systems AB.                                         #
#                                                                             #
#    Output file  =  D:\Firmware\ sam3s-demo-source --username                #
#                    kaiser.ren@gmail.com\demo\ewp\output\debug\bin\demo.out  #
#    Map file     =  D:\Firmware\ sam3s-demo-source --username                #
#                    kaiser.ren@gmail.com\demo\ewp\output\debug\obj\demo.map  #
#    Command line =  "D:\Firmware\ sam3s-demo-source --username               #
#                    kaiser.ren@gmail.com\demo\ewp\output\debug\obj\EccNandFl #
#                    ash.o" "D:\Firmware\ sam3s-demo-source --username        #
#                    kaiser.ren@gmail.com\demo\ewp\output\debug\obj\MEDNandFl #
#                    ash.o" "D:\Firmware\ sam3s-demo-source --username        #
#                    kaiser.ren@gmail.com\demo\ewp\output\debug\obj\MSDDState #
#                    Machine.o" "D:\Firmware\ sam3s-demo-source --username    #
#                    kaiser.ren@gmail.com\demo\ewp\output\debug\obj\MSDDriver #
#                    .o" "D:\Firmware\ sam3s-demo-source --username           #
#                    kaiser.ren@gmail.com\demo\ewp\output\debug\obj\MSDDriver #
#                    Descriptors.o" "D:\Firmware\ sam3s-demo-source           #
#                    --username kaiser.ren@gmail.com\demo\ewp\output\debug\ob #
#                    j\MSDIOFifo.o" "D:\Firmware\ sam3s-demo-source           #
#                    --username kaiser.ren@gmail.com\demo\ewp\output\debug\ob #
#                    j\MSDLun.o" "D:\Firmware\ sam3s-demo-source --username   #
#                    kaiser.ren@gmail.com\demo\ewp\output\debug\obj\ManagedNa #
#                    ndFlash.o" "D:\Firmware\ sam3s-demo-source --username    #
#                    kaiser.ren@gmail.com\demo\ewp\output\debug\obj\MappedNan #
#                    dFlash.o" "D:\Firmware\ sam3s-demo-source --username     #
#                    kaiser.ren@gmail.com\demo\ewp\output\debug\obj\Media.o"  #
#                    "D:\Firmware\ sam3s-demo-source --username               #
#                    kaiser.ren@gmail.com\demo\ewp\output\debug\obj\NandFlash #
#                    Model.o" "D:\Firmware\ sam3s-demo-source --username      #
#                    kaiser.ren@gmail.com\demo\ewp\output\debug\obj\NandFlash #
#                    ModelList.o" "D:\Firmware\ sam3s-demo-source --username  #
#                    kaiser.ren@gmail.com\demo\ewp\output\debug\obj\NandSpare #
#                    Scheme.o" "D:\Firmware\ sam3s-demo-source --username     #
#                    kaiser.ren@gmail.com\demo\ewp\output\debug\obj\RawNandFl #
#                    ash.o" "D:\Firmware\ sam3s-demo-source --username        #
#                    kaiser.ren@gmail.com\demo\ewp\output\debug\obj\SBCMethod #
#                    s.o" "D:\Firmware\ sam3s-demo-source --username          #
#                    kaiser.ren@gmail.com\demo\ewp\output\debug\obj\Translate #
#                    dNandFlash.o" "D:\Firmware\ sam3s-demo-source            #
#                    --username kaiser.ren@gmail.com\demo\ewp\output\debug\ob #
#                    j\USBConfigurationDescriptor.o" "D:\Firmware\            #
#                    sam3s-demo-source --username                             #
#                    kaiser.ren@gmail.com\demo\ewp\output\debug\obj\USBDCallb #
#                    acks_Initialized.o" "D:\Firmware\ sam3s-demo-source      #
#                    --username kaiser.ren@gmail.com\demo\ewp\output\debug\ob #
#                    j\USBDCallbacks_Reset.o" "D:\Firmware\                   #
#                    sam3s-demo-source --username                             #
#                    kaiser.ren@gmail.com\demo\ewp\output\debug\obj\USBDCallb #
#                    acks_Resumed.o" "D:\Firmware\ sam3s-demo-source          #
#                    --username kaiser.ren@gmail.com\demo\ewp\output\debug\ob #
#                    j\USBDCallbacks_Suspended.o" "D:\Firmware\               #
#                    sam3s-demo-source --username                             #
#                    kaiser.ren@gmail.com\demo\ewp\output\debug\obj\USBDDrive #
#                    r.o" "D:\Firmware\ sam3s-demo-source --username          #
#                    kaiser.ren@gmail.com\demo\ewp\output\debug\obj\USBDDrive #
#                    rCb_IfSettingChanged.o" "D:\Firmware\ sam3s-demo-source  #
#                    --username kaiser.ren@gmail.com\demo\ewp\output\debug\ob #
#                    j\USBD_UDP.o" "D:\Firmware\ sam3s-demo-source            #
#                    --username kaiser.ren@gmail.com\demo\ewp\output\debug\ob #
#                    j\USBEndpointDescriptor.o" "D:\Firmware\                 #
#                    sam3s-demo-source --username                             #
#                    kaiser.ren@gmail.com\demo\ewp\output\debug\obj\USBFeatur #
#                    eRequest.o" "D:\Firmware\ sam3s-demo-source --username   #
#                    kaiser.ren@gmail.com\demo\ewp\output\debug\obj\USBGeneri #
#                    cDescriptor.o" "D:\Firmware\ sam3s-demo-source           #
#                    --username kaiser.ren@gmail.com\demo\ewp\output\debug\ob #
#                    j\USBGenericRequest.o" "D:\Firmware\ sam3s-demo-source   #
#                    --username kaiser.ren@gmail.com\demo\ewp\output\debug\ob #
#                    j\USBGetDescriptorRequest.o" "D:\Firmware\               #
#                    sam3s-demo-source --username                             #
#                    kaiser.ren@gmail.com\demo\ewp\output\debug\obj\USBInterf #
#                    aceRequest.o" "D:\Firmware\ sam3s-demo-source            #
#                    --username kaiser.ren@gmail.com\demo\ewp\output\debug\ob #
#                    j\USBSetAddressRequest.o" "D:\Firmware\                  #
#                    sam3s-demo-source --username                             #
#                    kaiser.ren@gmail.com\demo\ewp\output\debug\obj\USBSetCon #
#                    figurationRequest.o" "D:\Firmware\ sam3s-demo-source     #
#                    --username kaiser.ren@gmail.com\demo\ewp\output\debug\ob #
#                    j\adc.o" "D:\Firmware\ sam3s-demo-source --username      #
#                    kaiser.ren@gmail.com\demo\ewp\output\debug\obj\ads7843.o #
#                    " "D:\Firmware\ sam3s-demo-source --username             #
#                    kaiser.ren@gmail.com\demo\ewp\output\debug\obj\backend_I #
#                    LI9325.o" "D:\Firmware\ sam3s-demo-source --username     #
#                    kaiser.ren@gmail.com\demo\ewp\output\debug\obj\bmp_confi #
#                    g_backlight.o" "D:\Firmware\ sam3s-demo-source           #
#                    --username kaiser.ren@gmail.com\demo\ewp\output\debug\ob #
#                    j\bmp_intro_sam3s_ek.o" "D:\Firmware\ sam3s-demo-source  #
#                    --username kaiser.ren@gmail.com\demo\ewp\output\debug\ob #
#                    j\bmp_logo_atmel.o" "D:\Firmware\ sam3s-demo-source      #
#                    --username kaiser.ren@gmail.com\demo\ewp\output\debug\ob #
#                    j\bmp_under_construction.o" "D:\Firmware\                #
#                    sam3s-demo-source --username                             #
#                    kaiser.ren@gmail.com\demo\ewp\output\debug\obj\board_cst #
#                    artup_iar.o" "D:\Firmware\ sam3s-demo-source --username  #
#                    kaiser.ren@gmail.com\demo\ewp\output\debug\obj\board_dep #
#                    endencies.o" "D:\Firmware\ sam3s-demo-source --username  #
#                    kaiser.ren@gmail.com\demo\ewp\output\debug\obj\board_low #
#                    level_demo.o" "D:\Firmware\ sam3s-demo-source            #
#                    --username kaiser.ren@gmail.com\demo\ewp\output\debug\ob #
#                    j\board_memories_demo.o" "D:\Firmware\                   #
#                    sam3s-demo-source --username                             #
#                    kaiser.ren@gmail.com\demo\ewp\output\debug\obj\btn_audio #
#                    .o" "D:\Firmware\ sam3s-demo-source --username           #
#                    kaiser.ren@gmail.com\demo\ewp\output\debug\obj\btn_back. #
#                    o" "D:\Firmware\ sam3s-demo-source --username            #
#                    kaiser.ren@gmail.com\demo\ewp\output\debug\obj\btn_infos #
#                    .o" "D:\Firmware\ sam3s-demo-source --username           #
#                    kaiser.ren@gmail.com\demo\ewp\output\debug\obj\btn_low_p #
#                    ower_modes.o" "D:\Firmware\ sam3s-demo-source            #
#                    --username kaiser.ren@gmail.com\demo\ewp\output\debug\ob #
#                    j\btn_qt_down.o" "D:\Firmware\ sam3s-demo-source         #
#                    --username kaiser.ren@gmail.com\demo\ewp\output\debug\ob #
#                    j\btn_qtouch.o" "D:\Firmware\ sam3s-demo-source          #
#                    --username kaiser.ren@gmail.com\demo\ewp\output\debug\ob #
#                    j\btn_settings.o" "D:\Firmware\ sam3s-demo-source        #
#                    --username kaiser.ren@gmail.com\demo\ewp\output\debug\ob #
#                    j\btn_slideshow.o" "D:\Firmware\ sam3s-demo-source       #
#                    --username kaiser.ren@gmail.com\demo\ewp\output\debug\ob #
#                    j\btn_video.o" "D:\Firmware\ sam3s-demo-source           #
#                    --username kaiser.ren@gmail.com\demo\ewp\output\debug\ob #
#                    j\ccsbcs.o" "D:\Firmware\ sam3s-demo-source --username   #
#                    kaiser.ren@gmail.com\demo\ewp\output\debug\obj\core_cm3. #
#                    o" "D:\Firmware\ sam3s-demo-source --username            #
#                    kaiser.ren@gmail.com\demo\ewp\output\debug\obj\crccu.o"  #
#                    "D:\Firmware\ sam3s-demo-source --username               #
#                    kaiser.ren@gmail.com\demo\ewp\output\debug\obj\demo_para #
#                    meters.o" "D:\Firmware\ sam3s-demo-source --username     #
#                    kaiser.ren@gmail.com\demo\ewp\output\debug\obj\diskio.o" #
#                     "D:\Firmware\ sam3s-demo-source --username              #
#                    kaiser.ren@gmail.com\demo\ewp\output\debug\obj\disp_back #
#                    end.o" "D:\Firmware\ sam3s-demo-source --username        #
#                    kaiser.ren@gmail.com\demo\ewp\output\debug\obj\efc.o"    #
#                    "D:\Firmware\ sam3s-demo-source --username               #
#                    kaiser.ren@gmail.com\demo\ewp\output\debug\obj\exception #
#                    s.o" "D:\Firmware\ sam3s-demo-source --username          #
#                    kaiser.ren@gmail.com\demo\ewp\output\debug\obj\ff.o"     #
#                    "D:\Firmware\ sam3s-demo-source --username               #
#                    kaiser.ren@gmail.com\demo\ewp\output\debug\obj\flashd.o" #
#                     "D:\Firmware\ sam3s-demo-source --username              #
#                    kaiser.ren@gmail.com\demo\ewp\output\debug\obj\frontend_ #
#                    ADS7843.o" "D:\Firmware\ sam3s-demo-source --username    #
#                    kaiser.ren@gmail.com\demo\ewp\output\debug\obj\frontend_ #
#                    potentiometer.o" "D:\Firmware\ sam3s-demo-source         #
#                    --username kaiser.ren@gmail.com\demo\ewp\output\debug\ob #
#                    j\frontend_pushbuttons.o" "D:\Firmware\                  #
#                    sam3s-demo-source --username                             #
#                    kaiser.ren@gmail.com\demo\ewp\output\debug\obj\frontend_ #
#                    qtouch.o" "D:\Firmware\ sam3s-demo-source --username     #
#                    kaiser.ren@gmail.com\demo\ewp\output\debug\obj\ftldrv.o" #
#                     "D:\Firmware\ sam3s-demo-source --username              #
#                    kaiser.ren@gmail.com\demo\ewp\output\debug\obj\hamming.o #
#                    " "D:\Firmware\ sam3s-demo-source --username             #
#                    kaiser.ren@gmail.com\demo\ewp\output\debug\obj\heap_1.o" #
#                     "D:\Firmware\ sam3s-demo-source --username              #
#                    kaiser.ren@gmail.com\demo\ewp\output\debug\obj\led.o"    #
#                    "D:\Firmware\ sam3s-demo-source --username               #
#                    kaiser.ren@gmail.com\demo\ewp\output\debug\obj\lena128x1 #
#                    28x24.o" "D:\Firmware\ sam3s-demo-source --username      #
#                    kaiser.ren@gmail.com\demo\ewp\output\debug\obj\lena128x1 #
#                    28x24clr.o" "D:\Firmware\ sam3s-demo-source --username   #
#                    kaiser.ren@gmail.com\demo\ewp\output\debug\obj\lena128x1 #
#                    28x8.o" "D:\Firmware\ sam3s-demo-source --username       #
#                    kaiser.ren@gmail.com\demo\ewp\output\debug\obj\lena256x2 #
#                    56x8.o" "D:\Firmware\ sam3s-demo-source --username       #
#                    kaiser.ren@gmail.com\demo\ewp\output\debug\obj\list.o"   #
#                    "D:\Firmware\ sam3s-demo-source --username               #
#                    kaiser.ren@gmail.com\demo\ewp\output\debug\obj\main.o"   #
#                    "D:\Firmware\ sam3s-demo-source --username               #
#                    kaiser.ren@gmail.com\demo\ewp\output\debug\obj\math.o"   #
#                    "D:\Firmware\ sam3s-demo-source --username               #
#                    kaiser.ren@gmail.com\demo\ewp\output\debug\obj\pio.o"    #
#                    "D:\Firmware\ sam3s-demo-source --username               #
#                    kaiser.ren@gmail.com\demo\ewp\output\debug\obj\pio_it.o" #
#                     "D:\Firmware\ sam3s-demo-source --username              #
#                    kaiser.ren@gmail.com\demo\ewp\output\debug\obj\pmc.o"    #
#                    "D:\Firmware\ sam3s-demo-source --username               #
#                    kaiser.ren@gmail.com\demo\ewp\output\debug\obj\port.o"   #
#                    "D:\Firmware\ sam3s-demo-source --username               #
#                    kaiser.ren@gmail.com\demo\ewp\output\debug\obj\portasm.o #
#                    " "D:\Firmware\ sam3s-demo-source --username             #
#                    kaiser.ren@gmail.com\demo\ewp\output\debug\obj\pwmc.o"   #
#                    "D:\Firmware\ sam3s-demo-source --username               #
#                    kaiser.ren@gmail.com\demo\ewp\output\debug\obj\qtouch.o" #
#                     "D:\Firmware\ sam3s-demo-source --username              #
#                    kaiser.ren@gmail.com\demo\ewp\output\debug\obj\queue.o"  #
#                    "D:\Firmware\ sam3s-demo-source --username               #
#                    kaiser.ren@gmail.com\demo\ewp\output\debug\obj\rand.o"   #
#                    "D:\Firmware\ sam3s-demo-source --username               #
#                    kaiser.ren@gmail.com\demo\ewp\output\debug\obj\rtc.o"    #
#                    "D:\Firmware\ sam3s-demo-source --username               #
#                    kaiser.ren@gmail.com\demo\ewp\output\debug\obj\rtmedia.o #
#                    " "D:\Firmware\ sam3s-demo-source --username             #
#                    kaiser.ren@gmail.com\demo\ewp\output\debug\obj\rtt.o"    #
#                    "D:\Firmware\ sam3s-demo-source --username               #
#                    kaiser.ren@gmail.com\demo\ewp\output\debug\obj\sam_gui_b #
#                    itmap_raw.o" "D:\Firmware\ sam3s-demo-source --username  #
#                    kaiser.ren@gmail.com\demo\ewp\output\debug\obj\sam_gui_c #
#                    olor.o" "D:\Firmware\ sam3s-demo-source --username       #
#                    kaiser.ren@gmail.com\demo\ewp\output\debug\obj\sam_gui_c #
#                    olors.o" "D:\Firmware\ sam3s-demo-source --username      #
#                    kaiser.ren@gmail.com\demo\ewp\output\debug\obj\sam_gui_e #
#                    mbos.o" "D:\Firmware\ sam3s-demo-source --username       #
#                    kaiser.ren@gmail.com\demo\ewp\output\debug\obj\sam_gui_f #
#                    ont.o" "D:\Firmware\ sam3s-demo-source --username        #
#                    kaiser.ren@gmail.com\demo\ewp\output\debug\obj\sam_gui_f #
#                    ont10x14.o" "D:\Firmware\ sam3s-demo-source --username   #
#                    kaiser.ren@gmail.com\demo\ewp\output\debug\obj\sam_gui_f #
#                    reertos.o" "D:\Firmware\ sam3s-demo-source --username    #
#                    kaiser.ren@gmail.com\demo\ewp\output\debug\obj\sam_gui_n #
#                    uttx.o" "D:\Firmware\ sam3s-demo-source --username       #
#                    kaiser.ren@gmail.com\demo\ewp\output\debug\obj\sam_gui_p #
#                    oint.o" "D:\Firmware\ sam3s-demo-source --username       #
#                    kaiser.ren@gmail.com\demo\ewp\output\debug\obj\sam_gui_s #
#                    ize.o" "D:\Firmware\ sam3s-demo-source --username        #
#                    kaiser.ren@gmail.com\demo\ewp\output\debug\obj\scr_TSDCa #
#                    libration.o" "D:\Firmware\ sam3s-demo-source --username  #
#                    kaiser.ren@gmail.com\demo\ewp\output\debug\obj\scr_audio #
#                    .o" "D:\Firmware\ sam3s-demo-source --username           #
#                    kaiser.ren@gmail.com\demo\ewp\output\debug\obj\scr_disp_ #
#                    demo.o" "D:\Firmware\ sam3s-demo-source --username       #
#                    kaiser.ren@gmail.com\demo\ewp\output\debug\obj\scr_infos #
#                    .o" "D:\Firmware\ sam3s-demo-source --username           #
#                    kaiser.ren@gmail.com\demo\ewp\output\debug\obj\scr_intro #
#                    .o" "D:\Firmware\ sam3s-demo-source --username           #
#                    kaiser.ren@gmail.com\demo\ewp\output\debug\obj\scr_lp_mo #
#                    des.o" "D:\Firmware\ sam3s-demo-source --username        #
#                    kaiser.ren@gmail.com\demo\ewp\output\debug\obj\scr_lp_mo #
#                    des_backup.o" "D:\Firmware\ sam3s-demo-source            #
#                    --username kaiser.ren@gmail.com\demo\ewp\output\debug\ob #
#                    j\scr_lp_modes_sleep.o" "D:\Firmware\ sam3s-demo-source  #
#                    --username kaiser.ren@gmail.com\demo\ewp\output\debug\ob #
#                    j\scr_lp_modes_wait.o" "D:\Firmware\ sam3s-demo-source   #
#                    --username kaiser.ren@gmail.com\demo\ewp\output\debug\ob #
#                    j\scr_main.o" "D:\Firmware\ sam3s-demo-source            #
#                    --username kaiser.ren@gmail.com\demo\ewp\output\debug\ob #
#                    j\scr_ppt.o" "D:\Firmware\ sam3s-demo-source --username  #
#                    kaiser.ren@gmail.com\demo\ewp\output\debug\obj\scr_qtouc #
#                    h.o" "D:\Firmware\ sam3s-demo-source --username          #
#                    kaiser.ren@gmail.com\demo\ewp\output\debug\obj\scr_setti #
#                    ngs.o" "D:\Firmware\ sam3s-demo-source --username        #
#                    kaiser.ren@gmail.com\demo\ewp\output\debug\obj\scr_setti #
#                    ngs_backlight.o" "D:\Firmware\ sam3s-demo-source         #
#                    --username kaiser.ren@gmail.com\demo\ewp\output\debug\ob #
#                    j\scr_settings_date.o" "D:\Firmware\ sam3s-demo-source   #
#                    --username kaiser.ren@gmail.com\demo\ewp\output\debug\ob #
#                    j\scr_settings_time.o" "D:\Firmware\ sam3s-demo-source   #
#                    --username kaiser.ren@gmail.com\demo\ewp\output\debug\ob #
#                    j\spi.o" "D:\Firmware\ sam3s-demo-source --username      #
#                    kaiser.ren@gmail.com\demo\ewp\output\debug\obj\tasks.o"  #
#                    "D:\Firmware\ sam3s-demo-source --username               #
#                    kaiser.ren@gmail.com\demo\ewp\output\debug\obj\tc.o"     #
#                    "D:\Firmware\ sam3s-demo-source --username               #
#                    kaiser.ren@gmail.com\demo\ewp\output\debug\obj\uart_cons #
#                    ole.o" "D:\Firmware\ sam3s-demo-source --username        #
#                    kaiser.ren@gmail.com\demo\ewp\output\debug\obj\usbmsd.o" #
#                     "D:\Firmware\ sam3s-demo-source --username              #
#                    kaiser.ren@gmail.com\demo\ewp\output\debug\obj\wdt.o"    #
#                    "D:\Firmware\ sam3s-demo-source --username               #
#                    kaiser.ren@gmail.com\demo\ewp\output\debug\obj\wgt_core. #
#                    o" "D:\Firmware\ sam3s-demo-source --username            #
#                    kaiser.ren@gmail.com\demo\ewp\output\debug\obj\wgt_core_ #
#                    behaviour.o" "D:\Firmware\ sam3s-demo-source --username  #
#                    kaiser.ren@gmail.com\demo\ewp\output\debug\obj\wgt_core_ #
#                    behaviour_default.o" "D:\Firmware\ sam3s-demo-source     #
#                    --username kaiser.ren@gmail.com\demo\ewp\output\debug\ob #
#                    j\wgt_core_frontend.o" "D:\Firmware\ sam3s-demo-source   #
#                    --username kaiser.ren@gmail.com\demo\ewp\output\debug\ob #
#                    j\wgt_core_message.o" "D:\Firmware\ sam3s-demo-source    #
#                    --username kaiser.ren@gmail.com\demo\ewp\output\debug\ob #
#                    j\wgt_core_pointer.o" "D:\Firmware\ sam3s-demo-source    #
#                    --username kaiser.ren@gmail.com\demo\ewp\output\debug\ob #
#                    j\wgt_core_screen.o" "D:\Firmware\ sam3s-demo-source     #
#                    --username kaiser.ren@gmail.com\demo\ewp\output\debug\ob #
#                    j\wgt_core_timer.o" "D:\Firmware\ sam3s-demo-source      #
#                    --username kaiser.ren@gmail.com\demo\ewp\output\debug\ob #
#                    j\wgt_core_widget.o" "D:\Firmware\ sam3s-demo-source     #
#                    --username kaiser.ren@gmail.com\libraries\drivers\qtouch #
#                    \libQTouchIarCfg3SRevB.a" -o "D:\Firmware\               #
#                    sam3s-demo-source --username                             #
#                    kaiser.ren@gmail.com\demo\ewp\output\debug\bin\demo.out" #
#                     --redirect _Printf=_PrintfLarge --redirect              #
#                    _Scanf=_ScanfSmall --map "D:\Firmware\                   #
#                    sam3s-demo-source --username                             #
#                    kaiser.ren@gmail.com\demo\ewp\output\debug\obj\demo.map" #
#                     --log veneers --log_file "D:\Firmware\                  #
#                    sam3s-demo-source --username                             #
#                    kaiser.ren@gmail.com\demo\ewp\output\debug\obj\demo.log" #
#                     --config "D:\Firmware\ sam3s-demo-source --username     #
#                    kaiser.ren@gmail.com\demo\ewp\..\..\demo\ewp\mapping\fla #
#                    sh.icf" --entry __iar_program_start                      #
#                                                                             #
#                                                                             #
###############################################################################

*******************************************************************************
*** RUNTIME MODEL ATTRIBUTES
***

CppFlavor       = *
__SystemLibrary = DLib


*******************************************************************************
*** PLACEMENT SUMMARY
***

"A1":  place at 0x00400000 { ro section .vectors };
"P1":  place in [from 0x00400000 to 0x0043fdff] { ro };
"P3":  place in [from 0x20000000 to 0x2000bfff] { rw, block CSTACK, block HEAP };

  Section             Kind        Address     Size  Object
  -------             ----        -------     ----  ------
"A1":                                         0xd0
  .vectors                     0x00400000     0xd0  <Block>
    .vectors          const    0x00400000     0xd0  board_cstartup_iar.o [1]
                             - 0x004000d0     0xd0

"P1":                                      0x2fac8
  ATML_DEMO           ro code  0x004000d0   0x45c8  bmp_under_construction.o [1]
  ATML_DEMO           ro code  0x00404698   0x3848  btn_qtouch.o [1]
  ATML_DEMO           ro code  0x00407ee0   0x3464  btn_slideshow.o [1]
  ATML_DEMO           ro code  0x0040b344   0x3038  btn_audio.o [1]
  ATML_DEMO           ro code  0x0040e37c   0x3038  btn_video.o [1]
  ATML_DEMO           ro code  0x004113b4   0x2dc0  btn_infos.o [1]
  ATML_DEMO           ro code  0x00414174   0x2a68  btn_settings.o [1]
  ATML_DEMO           ro code  0x00416bdc   0x2978  bmp_logo_atmel.o [1]
  ATML_DEMO           ro code  0x00419554   0x25e8  btn_low_power_modes.o [1]
  ATML_DEMO           ro code  0x0041bb3c   0x1c3c  ff.o [1]
  ATML_DEMO           ro code  0x0041d778    0x11c  diskio.o [1]
  ATML_DEMO           ro code  0x0041d894    0x528  ccsbcs.o [1]
  ATML_DEMO           ro code  0x0041ddbc     0xd2  rtmedia.o [1]
  .text               ro code  0x0041de8e     0x22  zero_init3.o [6]
  ATML_DEMO           ro code  0x0041deb0    0x404  queue.o [1]
  ATML_DEMO           ro code  0x0041e2b4     0x40  heap_1.o [1]
  ATML_DEMO           ro code  0x0041e2f4     0x94  list.o [1]
  ATML_DEMO           ro code  0x0041e388    0x658  tasks.o [1]
  ATML_DEMO           ro code  0x0041e9e0     0xa0  port.o [1]
  CODE                ro code  0x0041ea80     0x88  portasm.o [1]
  ATML_DEMO           ro code  0x0041eb08      0xc  scr_TSDCalibration.o [1]
  ATML_DEMO           ro code  0x0041eb14    0x34c  main.o [1]
  .text               ro code  0x0041ee60     0x62  memcmp.o [6]
  .text               ro code  0x0041eec2     0x1a  xsnprout.o [3]
  .text               ro code  0x0041eedc     0x6c  strncpy.o [6]
  ATML_DEMO           ro code  0x0041ef48     0x14  wgt_core_widget.o [1]
  .text               ro code  0x0041ef5c     0x70  ABImemcpy.o [6]
  .text               ro code  0x0041efcc     0x24  printf.o [3]
  ATML_DEMO           ro code  0x0041eff0    0x218  demo_parameters.o [1]
  ATML_DEMO           ro code  0x0041f208     0x48  disp_backend.o [1]
  ATML_DEMO           ro code  0x0041f250    0x380  pio_it.o [1]
  ATML_DEMO           ro code  0x0041f5d0     0xb0  usbmsd.o [1]
  ATML_DEMO           ro code  0x0041f680    0x3f0  ftldrv.o [1]
  ATML_DEMO           ro code  0x0041fa70    0x228  qtouch.o [1]
  ATML_DEMO           ro code  0x0041fc98      0x4  sam_gui_freertos.o [1]
  ATML_DEMO           ro code  0x0041fc9c     0x10  wdt.o [1]
  ATML_DEMO           ro code  0x0041fcac    0x190  wgt_core.o [1]
  .text               ro code  0x0041fe3c     0x66  ABImemset.o [6]
  .text               ro code  0x0041fea4    0xec2  xprintflarge.o [3]
  ATML_DEMO           ro code  0x00420d68     0xe4  flashd.o [1]
  ATML_DEMO           ro code  0x00420e4c    0x1fc  pio.o [1]
  ATML_DEMO           ro code  0x00421048    0xd50  USBD_UDP.o [1]
  ATML_DEMO           ro code  0x00421d98    0x246  MSDLun.o [1]
  ATML_DEMO           ro code  0x00421fe0    0x17c  MSDDriver.o [1]
  ATML_DEMO           ro code  0x0042215c     0x38  board_memories_demo.o [1]
  ATML_DEMO           ro code  0x00422194    0x596  RawNandFlash.o [1]
  ATML_DEMO           ro code  0x0042272a    0x18c  NandFlashModel.o [1]
  ATML_DEMO           ro code  0x004228b6    0x3d0  TranslatedNandFlash.o [1]
  ATML_DEMO           ro code  0x00422c88    0x3d8  MEDNandFlash.o [1]
  .text               ro code  0x00423060    0x380  touch_rs_qt.o [4]
  .text               ro code  0x004233e0    0x1dc  touch_api.o [4]
  ATML_DEMO           ro code  0x004235bc     0x70  wgt_core_message.o [1]
  ATML_DEMO           ro code  0x0042362c     0xb0  wgt_core_behaviour_default.o [1]
  ATML_DEMO           ro code  0x004236dc     0x9c  wgt_core_frontend.o [1]
  .text               ro code  0x00423778     0x20  xmbtowc.o [3]
  .text               ro code  0x00423798     0x16  strchr.o [6]
  .text               ro code  0x004237b0     0x58  memchr.o [6]
  .text               ro code  0x00423808     0x36  strlen.o [6]
  .text               ro code  0x0042383e      0xa  xmbcurmax.o [3]
  .text               ro code  0x00423848   0x12ec  dlmalloc.o [3]
  .text               ro code  0x00424b34     0x1a  xwctomb.o [3]
  .text               ro code  0x00424b50    0x12e  I64DivMod.o [6]
  .text               ro code  0x00424c80     0x44  xdnorm.o [5]
  .text               ro code  0x00424cc4     0x2e  DblCmpLe.o [5]
  .text               ro code  0x00424cf4    0x1a2  DblMul.o [5]
  .text               ro code  0x00424e98    0x246  DblDiv.o [5]
  .text               ro code  0x004250e0     0x2a  DblToI32.o [5]
  .text               ro code  0x0042510c     0x1a  I32ToDbl.o [5]
  .text               ro code  0x00425128    0x17e  DblSub.o [5]
  .text               ro code  0x004252a8     0x6c  localeconv.o [3]
  .text               ro code  0x00425314      0xe  div.o [3]
  ATML_DEMO           ro code  0x00425324     0x88  efc.o [1]
  ATML_DEMO           ro code  0x004253ac     0x10  math.o [1]
  ATML_DEMO           ro code  0x004253bc     0xa4  pmc.o [1]
  ATML_DEMO           ro code  0x00425460     0x34  USBGenericRequest.o [1]
  ATML_DEMO           ro code  0x00425494     0x94  led.o [1]
  ATML_DEMO           ro code  0x00425528     0x12  USBDCallbacks_Suspended.o [1]
  ATML_DEMO           ro code  0x0042553a     0x1e  USBDCallbacks_Resumed.o [1]
  ATML_DEMO           ro code  0x00425558      0x2  USBDCallbacks_Reset.o [1]
  ATML_DEMO           ro code  0x0042555a     0x24  USBEndpointDescriptor.o [1]
  ATML_DEMO           ro code  0x00425580     0x1c  USBDCallbacks_Initialized.o [1]
  ATML_DEMO           ro code  0x0042559c    0x464  USBDDriver.o [1]
  ATML_DEMO           ro code  0x00425a00      0xa  USBFeatureRequest.o [1]
  ATML_DEMO           ro code  0x00425a0c    0x398  MSDDStateMachine.o [1]
  ATML_DEMO           ro code  0x00425da4    0x5d4  ManagedNandFlash.o [1]
  ATML_DEMO           ro code  0x00426378    0x43c  MappedNandFlash.o [1]
  .text               ro code  0x004267b4    0x448  touch_process.o [4]
  .text               ro code  0x00426bfc    0x1f0  touch_burst_qt.o [4]
  ATML_DEMO           ro code  0x00426dec    0x1f0  wgt_core_screen.o [1]
  .text               ro code  0x00426fdc     0x14  setlocale.o [3]
  .text               ro code  0x00426ff0     0x5c  xencoding_sb.o [3]
  .text               ro code  0x0042704c      0xa  abort.o [3]
  .text               ro code  0x00427058     0x28  xgetmemchunk.o [3]
  .text               ro code  0x00427080     0xb4  xsyslock.o [3]
  .text               ro code  0x00427134      0x2  I64DivZer.o [6]
  .text               ro code  0x00427138     0xe6  DblAdd.o [5]
  .text               ro code  0x0042721e      0x2  xtls.o [3]
  ATML_DEMO           ro code  0x00427220     0x8c  USBConfigurationDescriptor.o [1]
  ATML_DEMO           ro code  0x004272ac     0x14  USBGenericDescriptor.o [1]
  ATML_DEMO           ro code  0x004272c0      0x2  USBDDriverCb_IfSettingChanged.o [1]
  ATML_DEMO           ro code  0x004272c2     0x14  USBGetDescriptorRequest.o [1]
  ATML_DEMO           ro code  0x004272d6      0xc  USBSetAddressRequest.o [1]
  ATML_DEMO           ro code  0x004272e2      0xa  USBSetConfigurationRequest.o [1]
  ATML_DEMO           ro code  0x004272ec     0x14  USBInterfaceRequest.o [1]
  ATML_DEMO           ro code  0x00427300    0xb80  SBCMethods.o [1]
  ATML_DEMO           ro code  0x00427e80    0x220  NandSpareScheme.o [1]
  ATML_DEMO           ro code  0x004280a0    0x16a  EccNandFlash.o [1]
  ATML_DEMO           ro code  0x0042820c     0xf0  wgt_core_widget.o [1]
  .text               ro code  0x004282fc      0xc  XXexit.o [6]
  .text               ro code  0x00428308      0x4  xmtx2.o [3]
  .text               ro code  0x0042830c      0x8  xmtx.o [3]
  ATML_DEMO           ro code  0x00428314    0x246  hamming.o [1]
  ATML_DEMO           ro code  0x0042855c   0x1b38  btn_back.o [1]
  ATML_DEMO           ro code  0x0042a094    0xe14  backend_ILI9325.o [1]
  ATML_DEMO           ro code  0x0042aea8    0x780  sam_gui_font10x14.o [1]
  ATML_DEMO           ro code  0x0042b628    0x6a4  scr_main.o [1]
  .text               ro code  0x0042bccc     0x44  snprintf.o [3]
  ATML_DEMO           ro code  0x0042bd10    0x544  scr_qtouch.o [1]
  ATML_DEMO           ro code  0x0042c254    0x514  scr_settings_date.o [1]
  ATML_DEMO           ro code  0x0042c768    0x504  scr_settings_time.o [1]
  ATML_DEMO           ro code  0x0042cc6c    0x3f8  scr_TSDCalibration.o [1]
  .text               ro code  0x0042d064    0x3ec  touch_burst_qt_base.o [4]
  ATML_DEMO           ro code  0x0042d450    0x3c8  scr_disp_demo.o [1]
  ATML_DEMO           ro code  0x0042d818     0x24  rand.o [1]
  ATML_DEMO           ro code  0x0042d83c    0x394  scr_lp_modes_wait.o [1]
  ATML_DEMO           ro code  0x0042dbd0    0x2b8  NandFlashModelList.o [1]
  ATML_DEMO           ro code  0x0042de88    0x284  scr_lp_modes_sleep.o [1]
  ATML_DEMO           ro code  0x0042e10c    0x280  scr_lp_modes.o [1]
  ATML_DEMO           ro code  0x0042e38c    0x280  scr_settings.o [1]
  ATML_DEMO           ro code  0x0042e60c    0x230  frontend_ADS7843.o [1]
  ATML_DEMO           ro code  0x0042e83c    0x134  ads7843.o [1]
  ATML_DEMO           ro code  0x0042e970     0x28  spi.o [1]
  ATML_DEMO           ro code  0x0042e998    0x228  scr_settings_backlight.o [1]
  ATML_DEMO           ro code  0x0042ebc0    0x1e0  scr_lp_modes_backup.o [1]
  ATML_DEMO           ro code  0x0042eda0    0x18c  frontend_potentiometer.o [1]
  ATML_DEMO           ro code  0x0042ef2c     0x1c  tc.o [1]
  ATML_DEMO           ro code  0x0042ef48     0xc8  adc.o [1]
  ATML_DEMO           ro code  0x0042f010    0x168  scr_infos.o [1]
  ATML_DEMO           ro code  0x0042f178    0x134  scr_ppt.o [1]
  ATML_DEMO           ro code  0x0042f2ac    0x130  scr_audio.o [1]
  ATML_DEMO           ro code  0x0042f3dc     0xe8  scr_intro.o [1]
  ATML_DEMO           ro code  0x0042f4c4     0xe6  board_lowlevel_demo.o [1]
  ATML_DEMO           ro code  0x0042f5ac     0xc0  uart_console.o [1]
  ATML_DEMO           ro code  0x0042f66c     0xa8  MSDDriverDescriptors.o [1]
  .text               ro code  0x0042f714     0xa8  packbits_init3.o [6]
  ATML_DEMO           ro code  0x0042f7bc     0x78  board_dependencies.o [1]
  ATML_DEMO           ro code  0x0042f834     0x54  frontend_pushbuttons.o [1]
  ATML_DEMO           ro code  0x0042f888     0x44  exceptions.o [1]
  .text               ro code  0x0042f8cc     0x2c  data_init3.o [6]
  .iar.init_table     const    0x0042f8f8     0x2c  - Linker created -
  ATML_DEMO           ro code  0x0042f924     0x18  board_cstartup_iar.o [1]
  .text               ro code  0x0042f93c     0x16  cmain.o [6]
  .text               ro code  0x0042f952      0x8  exit.o [3]
  .text               ro code  0x0042f95c      0xe  cexit.o [6]
  .text               ro code  0x0042f96a     0x16  xprout.o [3]
  ATML_DEMO           ro code  0x0042f980     0x14  frontend_qtouch.o [1]
  ATML_DEMO           ro code  0x0042f994     0x10  sam_gui_font.o [1]
  .text               ro code  0x0042f9a4      0xc  cstartup_M.o [6]
  .text               ro code  0x0042f9b0      0x0  cstart_clearlocks.o [6]
  Initializer bytes   ro data  0x0042f9b0    0x1e6  <for P3 s0>
                             - 0x0042fb96  0x2fac6

"P3", part 1 of 3:                           0xad8
  P3 s0                        0x20000000    0xad8  <Init block>
    .data             inited   0x20000000    0x2e4  scr_settings_time.o [1]
    .data             inited   0x200002e4     0x6c  scr_TSDCalibration.o [1]
    .data             inited   0x20000350     0x64  scr_audio.o [1]
    .data             inited   0x200003b4     0x64  scr_disp_demo.o [1]
    .data             inited   0x20000418     0x64  scr_infos.o [1]
    .data             inited   0x2000047c     0x64  scr_intro.o [1]
    .data             inited   0x200004e0     0x64  scr_lp_modes.o [1]
    .data             inited   0x20000544     0x64  scr_lp_modes_backup.o [1]
    .data             inited   0x200005a8     0x64  scr_lp_modes_sleep.o [1]
    .data             inited   0x2000060c     0x64  scr_lp_modes_wait.o [1]
    .data             inited   0x20000670     0x64  scr_main.o [1]
    .data             inited   0x200006d4     0x64  scr_ppt.o [1]
    .data             inited   0x20000738     0x64  scr_qtouch.o [1]
    .data             inited   0x2000079c     0x64  scr_settings.o [1]
    .data             inited   0x20000800     0x64  scr_settings_backlight.o [1]
    .data             inited   0x20000864     0x64  scr_settings_date.o [1]
    .data             inited   0x200008c8     0x60  MSDLun.o [1]
    __DLIB_PERTHREAD  inited   0x20000928     0x50  localeconv.o [3]
    .data             inited   0x20000978     0x4c  tasks.o [1]
    .data             inited   0x200009c4     0x40  backend_ILI9325.o [1]
    .data             inited   0x20000a04     0x40  xfiles.o [3]
    .data             inited   0x20000a44     0x40  xfiles.o [3]
    .data             inited   0x20000a84     0x3c  demo_parameters.o [1]
    .data             inited   0x20000ac0     0x10  MSDDriverDescriptors.o [1]
    .data             inited   0x20000ad0      0x4  port.o [1]
    .data             inited   0x20000ad4      0x4  rand.o [1]
                             - 0x20000ad8    0xad8

"P3", part 2 of 3:                          0xa988
  .bss                zero     0x20000ad8   0x2c08  heap_1.o [1]
  .bss                zero     0x200036e0   0x2bac  ftldrv.o [1]
  .bss                zero     0x2000628c   0x2008  MEDNandFlash.o [1]
  .bss                zero     0x20008294   0x1860  usbmsd.o [1]
  .bss                zero     0x20009af4    0x800  backend_ILI9325.o [1]
  .bss                zero     0x2000a2f4    0x280  scr_settings_date.o [1]
  .bss                zero     0x2000a574    0x218  scr_main.o [1]
  .bss                zero     0x2000a78c    0x1d4  dlmalloc.o [3]
  .bss                zero     0x2000a960    0x140  scr_settings.o [1]
  .bss                zero     0x2000aaa0    0x100  flashd.o [1]
  .bss                zero     0x2000aba0    0x100  scr_lp_modes.o [1]
  .bss                zero     0x2000aca0    0x100  scr_settings_backlight.o [1]
  .bss                zero     0x2000ada0    0x100  touch_process.o [4]
  .bss                zero     0x2000aea0     0xe0  USBD_UDP.o [1]
  .bss                zero     0x2000af80     0xac  tasks.o [1]
  .bss                zero     0x2000b02c     0x8c  touch_api.o [4]
  .bss                zero     0x2000b0b8     0x80  scr_audio.o [1]
  __DLIB_PERTHREAD    zero     0x2000b138     0x74  setlocale.o [3]
  .bss                zero     0x2000b1ac     0x68  MSDDriver.o [1]
  .bss                zero     0x2000b214     0x50  xfiles.o [3]
  .bss                zero     0x2000b264     0x50  xfiles.o [3]
  .bss                zero     0x2000b2b4     0x4c  scr_TSDCalibration.o [1]
  .bss                zero     0x2000b300     0x38  xsyslock.o [3]
  .bss                zero     0x2000b338     0x20  frontend_ADS7843.o [1]
  .bss                zero     0x2000b358     0x20  wgt_core.o [1]
  .bss                zero     0x2000b378     0x20  touch_burst_qt.o [4]
  .bss                zero     0x2000b398     0x20  touch_process.o [4]
  .bss                zero     0x2000b3b8     0x18  dlmalloc.o [3]
  .bss                zero     0x2000b3d0     0x14  scr_infos.o [1]
  .bss                zero     0x2000b3e4     0x14  scr_lp_modes_wait.o [1]
  .bss                zero     0x2000b3f8     0x14  touch_api.o [4]
  .bss                zero     0x2000b40c     0x10  touch_rs_qt.o [4]
  .bss                zero     0x2000b41c      0xc  usbmsd.o [1]
  .bss                zero     0x2000b428      0x8  ff.o [1]
  .bss                zero     0x2000b430      0x8  qtouch.o [1]
  .bss                zero     0x2000b438      0x8  scr_lp_modes_sleep.o [1]
  .bss                zero     0x2000b440      0x4  efc.o [1]
  .bss                zero     0x2000b444      0x4  frontend_potentiometer.o [1]
  .bss                zero     0x2000b448      0x4  scr_intro.o [1]
  .bss                zero     0x2000b44c      0x4  tasks.o [1]
  .bss                zero     0x2000b450      0x4  xgetmemchunk.o [3]
  .bss                zero     0x2000b454      0x2  USBDDriver.o [1]
  .bss                zero     0x2000b456      0x2  USBDDriver.o [1]
  .bss                zero     0x2000b458      0x2  USBD_UDP.o [1]
  .bss                zero     0x2000b45a      0x2  touch_process.o [4]
  .bss                zero     0x2000b45c      0x1  uart_console.o [1]
  .bss                zero     0x2000b45d      0x1  touch_burst_qt_base.o [4]
                             - 0x2000b45e   0xa986

"P3", part 3 of 3:                           0x868
  CSTACK                       0x2000b460    0x600  <Block>
    CSTACK            uninit   0x2000b460    0x600  <Block tail>
  .noinit             uninit   0x2000ba60    0x188  scr_qtouch.o [1]
  .noinit             uninit   0x2000bbe8     0x8c  scr_ppt.o [1]
  .noinit             uninit   0x2000bc74     0x18  scr_settings_date.o [1]
  .noinit             uninit   0x2000bc8c     0x18  scr_settings_time.o [1]
  .noinit             uninit   0x2000bca4     0x10  wgt_core_frontend.o [1]
  .noinit             uninit   0x2000bcb4      0xc  scr_disp_demo.o [1]
  .noinit             uninit   0x2000bcc0      0x8  disp_backend.o [1]
  HEAP                         0x2000bcc8      0x0  <Block>
                             - 0x2000bcc8    0x868


*******************************************************************************
*** INIT TABLE
***

          Address     Size
          -------     ----
Zero (__iar_zero_init3)
    1 destination range, total size 0xa986:
          0x20000ad8  0xa986

Copy/packbits (__iar_packbits_init3)
    1 source range, total size 0x1e6 (17% of destination):
          0x0042f9b0   0x1e6
    1 destination range, total size 0xad8:
          0x20000000   0xad8


*******************************************************************************
*** MODULE SUMMARY
***

    Module                           ro code  ro data  rw data
    ------                           -------  -------  -------
D:\Firmware\ sam3s-demo-source --username kaiser.ren@gmail.com\demo\ewp\output\debug\obj: [1]
    EccNandFlash.o                       362
    MEDNandFlash.o                       984             8 200
    MSDDStateMachine.o                   920
    MSDDriver.o                          380               104
    MSDDriverDescriptors.o               168        3       16
    MSDLun.o                             582       17       96
    ManagedNandFlash.o                 1 492
    MappedNandFlash.o                  1 084
    NandFlashModel.o                     396
    NandFlashModelList.o                 696
    NandSpareScheme.o                    544
    RawNandFlash.o                     1 430
    SBCMethods.o                       2 944
    TranslatedNandFlash.o                976
    USBConfigurationDescriptor.o         140
    USBDCallbacks_Initialized.o           28
    USBDCallbacks_Reset.o                  2
    USBDCallbacks_Resumed.o               30
    USBDCallbacks_Suspended.o             18
    USBDDriver.o                       1 124                 4
    USBDDriverCb_IfSettingChanged.o        2
    USBD_UDP.o                         3 408               226
    USBEndpointDescriptor.o               36
    USBFeatureRequest.o                   10
    USBGenericDescriptor.o                20
    USBGenericRequest.o                   52
    USBGetDescriptorRequest.o             20
    USBInterfaceRequest.o                 20
    USBSetAddressRequest.o                12
    USBSetConfigurationRequest.o          10
    adc.o                                200
    ads7843.o                            308
    backend_ILI9325.o                  3 604       11    2 112
    bmp_logo_atmel.o                  10 616
    bmp_under_construction.o          17 864
    board_cstartup_iar.o                  24      208
    board_dependencies.o                 120
    board_lowlevel_demo.o                230
    board_memories_demo.o                 56
    btn_audio.o                       12 344
    btn_back.o                         6 968
    btn_infos.o                       11 712
    btn_low_power_modes.o              9 704
    btn_qtouch.o                      14 408
    btn_settings.o                    10 856
    btn_slideshow.o                   13 412
    btn_video.o                       12 344
    ccsbcs.o                           1 320
    demo_parameters.o                    536       10       60
    diskio.o                             284
    disp_backend.o                        72                 8
    efc.o                                136                 4
    exceptions.o                          68
    ff.o                               7 228                 8
    flashd.o                             228               256
    frontend_ADS7843.o                   560                32
    frontend_potentiometer.o             396                 4
    frontend_pushbuttons.o                84
    frontend_qtouch.o                     20
    ftldrv.o                           1 008            11 180
    hamming.o                            582
    heap_1.o                              64            11 272
    led.o                                148
    list.o                               148
    main.o                               844
    math.o                                16
    pio.o                                508
    pio_it.o                             896
    pmc.o                                164
    port.o                               160        1        4
    portasm.o                            136
    qtouch.o                             552                 8
    queue.o                            1 028
    rand.o                                36        1        4
    rtmedia.o                            210
    sam_gui_font.o                        16
    sam_gui_font10x14.o                1 920
    sam_gui_freertos.o                     4
    scr_TSDCalibration.o               1 028       19      184
    scr_audio.o                          304       17      228
    scr_disp_demo.o                      968       18      112
    scr_infos.o                          360       17      120
    scr_intro.o                          232       18      104
    scr_lp_modes.o                       640       17      356
    scr_lp_modes_backup.o                480       18      100
    scr_lp_modes_sleep.o                 644       18      108
    scr_lp_modes_wait.o                  916       17      120
    scr_main.o                         1 700       18      636
    scr_ppt.o                            308       17      240
    scr_qtouch.o                       1 348       18      492
    scr_settings.o                       640       17      420
    scr_settings_backlight.o             552       18      356
    scr_settings_date.o                1 300       17      764
    scr_settings_time.o                1 284      129      764
    spi.o                                 40
    tasks.o                            1 624       13      252
    tc.o                                  28
    uart_console.o                       192                 1
    usbmsd.o                             176             6 252
    wdt.o                                 16
    wgt_core.o                           400                32
    wgt_core_behaviour_default.o         176
    wgt_core_frontend.o                  156                16
    wgt_core_message.o                   112
    wgt_core_screen.o                    496
    wgt_core_widget.o                    260
    ----------------------------------------------------------
    Total:                           178 412      657   45 255

command line: [2]
    ----------------------------------------------------------
    Total:

dl7M_tlf.a: [3]
    abort.o                               10
    div.o                                 14
    dlmalloc.o                         4 844               492
    exit.o                                 8
    localeconv.o                         108       14       80
    printf.o                              36
    setlocale.o                           20               116
    snprintf.o                            68
    xencoding_sb.o                        92
    xfiles.o                                       23      288
    xgetmemchunk.o                        40                 4
    xmbcurmax.o                           10
    xmbtowc.o                             32
    xmtx.o                                 8
    xmtx2.o                                4
    xprintflarge.o                     3 778
    xprout.o                              22
    xsnprout.o                            26
    xsyslock.o                           180                56
    xtls.o                                 2
    xwctomb.o                             26
    ----------------------------------------------------------
    Total:                             9 328       37    1 036

libQTouchIarCfg3SRevB.a: [4]
    touch_api.o                          476               160
    touch_burst_qt.o                     496                32
    touch_burst_qt_base.o              1 004                 1
    touch_process.o                    1 096               290
    touch_rs_qt.o                        896                16
    ----------------------------------------------------------
    Total:                             3 968               499

m7M_tl.a: [5]
    DblAdd.o                             230
    DblCmpLe.o                            46
    DblDiv.o                             582
    DblMul.o                             418
    DblSub.o                             382
    DblToI32.o                            42
    I32ToDbl.o                            26
    xdnorm.o                              68
    ----------------------------------------------------------
    Total:                             1 794

rt7M_tl.a: [6]
    ABImemcpy.o                          112
    ABImemset.o                          102
    I64DivMod.o                          302
    I64DivZer.o                            2
    XXexit.o                              12
    cexit.o                               14
    cmain.o                               22
    cstart_clearlocks.o
    cstartup_M.o                          12
    data_init3.o                          44
    memchr.o                              88
    memcmp.o                              98
    packbits_init3.o                     168
    strchr.o                              22
    strlen.o                              54
    strncpy.o                            108
    zero_init3.o                          34
    ----------------------------------------------------------
    Total:                             1 194

    Gaps                                  44
    Linker created                                 44    1 536
--------------------------------------------------------------
    Grand Total:                     194 740      738   48 326


*******************************************************************************
*** ENTRY LIST
***

Entry                      Address    Size  Type      Object
-----                      -------    ----  ----      ------
.vectors$$Base          0x00400000           --   Gb  - Linker created -
.vectors$$Limit         0x004000d0           --   Gb  - Linker created -
?main                   0x0042f93d          Code  Gb  cmain.o [6]
ACC_IrqHandler          0x0042f8cb     0x2  Code  Wk  exceptions.o [1]
ADC_GetConvertedData    0x0042efbd    0x10  Code  Gb  adc.o [1]
ADC_Initialize          0x0042ef49    0x6e  Code  Gb  adc.o [1]
ADC_IrqHandler          0x0042edd7    0x58  Code  Gb  frontend_potentiometer.o [1]
ADC_SetCompareChannel   0x0042efcd    0x30  Code  Gb  adc.o [1]
ADC_SetCompareMode      0x0042effd    0x10  Code  Gb  adc.o [1]
ADC_SetComparisonWindow
                        0x0042f00d     0x4  Code  Gb  adc.o [1]
ADS7843_GetPosition     0x0042e8a3    0x1e  Code  Gb  ads7843.o [1]
ADS7843_Initialize      0x0042e8c1    0x58  Code  Gb  ads7843.o [1]
AllocateBlock           0x00422939    0xba  Code  Lc  TranslatedNandFlash.o [1]
BOARD_ConfigureNandFlash
                        0x0042215d    0x38  Code  Gb  board_memories_demo.o [1]
BOARD_ConfigurePmc      0x0042f4c5    0xc0  Code  Lc  board_lowlevel_demo.o [1]
BlockCanBeAllocated     0x004228b7    0x22  Code  Lc  TranslatedNandFlash.o [1]
BusFault_Handler        0x0042f891     0x2  Code  Wk  exceptions.o [1]
CRCCU_IrqHandler        0x0042f8c9     0x2  Code  Wk  exceptions.o [1]
CSTACK$$Base            0x2000b460           --   Gb  - Linker created -
CSTACK$$Limit           0x2000ba60           --   Gb  - Linker created -
CheckBlock              0x00425e0b    0x60  Code  Lc  ManagedNandFlash.o [1]
Compute256              0x0042834b    0xea  Code  Lc  hamming.o [1]
ConfigureTc0            0x0042edb5    0x22  Code  Lc  frontend_potentiometer.o [1]
CopyPage                0x004223cd    0xe6  Code  Lc  RawNandFlash.o [1]
CountBitsInByte         0x00428315    0x16  Code  Lc  hamming.o [1]
CountBitsInCode256      0x0042832b    0x20  Code  Lc  hamming.o [1]
DAC_IrqHandler          0x0042f8c5     0x2  Code  Wk  exceptions.o [1]
DISP_GetBackend         0x0041f221    0x28  Code  Gb  disp_backend.o [1]
DISP_Initialize         0x0041f209    0x18  Code  Gb  disp_backend.o [1]
DebugMon_Handler        0x0042f895     0x2  Code  Wk  exceptions.o [1]
Demo_Parameters_CommitChanges
                        0x0041f0a3    0x22  Code  Gb  demo_parameters.o [1]
Demo_Parameters_Initialize
                        0x0041eff1    0xb2  Code  Gb  demo_parameters.o [1]
EEFC_IrqHandler         0x0042f8a3     0x2  Code  Wk  exceptions.o [1]
EFC_ComputeAddress      0x00425355    0x2a  Code  Gb  efc.o [1]
EFC_PerformCommand      0x0042537f    0x20  Code  Gb  efc.o [1]
EFC_TranslateAddress    0x00425325    0x30  Code  Gb  efc.o [1]
EccNandFlash_Initialize
                        0x004280a1    0x38  Code  Gb  EccNandFlash.o [1]
EccNandFlash_ReadPage   0x004280d9    0x9e  Code  Gb  EccNandFlash.o [1]
EccNandFlash_WritePage  0x00428177    0x94  Code  Gb  EccNandFlash.o [1]
EraseBlock              0x004222b1    0x48  Code  Lc  RawNandFlash.o [1]
FLASHD_Write            0x00420d69    0xde  Code  Gb  flashd.o [1]
FatFs                   0x2000b42c     0x4  Data  Lc  ff.o [1]
FindLogicalMappingBlock
                        0x00426379    0xbe  Code  Lc  MappedNandFlash.o [1]
FlushCurrentPage        0x00422c89    0x3e  Code  Lc  MEDNandFlash.o [1]
Fsid                    0x2000b428     0x2  Data  Lc  ff.o [1]
GetConfiguration        0x0042560b    0x16  Code  Lc  USBDDriver.o [1]
GetDescriptor           0x004256a7   0x180  Code  Lc  USBDDriver.o [1]
GetDeviceStatus         0x00425621    0x50  Code  Lc  USBDDriver.o [1]
GetEndpointStatus       0x00425671    0x36  Code  Lc  USBDDriver.o [1]
GetInterface            0x00425863    0x26  Code  Lc  USBDDriver.o [1]
HEAP$$Base              0x2000bcc8           --   Gb  - Linker created -
HEAP$$Limit             0x2000bcc8           --   Gb  - Linker created -
Hamming_Compute256x     0x00428503    0x24  Code  Gb  hamming.o [1]
Hamming_Verify256x      0x00428527    0x34  Code  Gb  hamming.o [1]
HardFault_Handler       0x0042f88d     0x2  Code  Wk  exceptions.o [1]
IrqHandlerNotUsed       0x0042f889     0x2  Code  Gb  exceptions.o [1]
IsDeviceVirgin          0x00425da5    0x66  Code  Lc  ManagedNandFlash.o [1]
IsOperationComplete     0x0042222b    0x1a  Code  Lc  RawNandFlash.o [1]
LED_Clear               0x004254d9    0x2a  Code  Gb  led.o [1]
LED_Configure           0x00425495    0x1a  Code  Gb  led.o [1]
LED_Set                 0x004254af    0x2a  Code  Gb  led.o [1]
LUN_Read                0x00421f8f    0x50  Code  Gb  MSDLun.o [1]
LUN_Write               0x00421f35    0x5a  Code  Gb  MSDLun.o [1]
LfnOfs                  0x0041cda8    0x10  Data  Lc  ff.o [1]
LoadLogicalMapping      0x00426437   0x104  Code  Lc  MappedNandFlash.o [1]
LowLevelInit            0x0042f5a9     0x2  Code  Gb  board_lowlevel_demo.o [1]
MCI_IrqHandler          0x0042f8af     0x2  Code  Wk  exceptions.o [1]
MEDNandFlash_Flush      0x00422fb5    0x2e  Code  Lc  MEDNandFlash.o [1]
MEDNandFlash_Initialize
                        0x00422fe5    0x66  Code  Gb  MEDNandFlash.o [1]
MEDNandFlash_InterruptHandler
                        0x00422fe3     0x2  Code  Lc  MEDNandFlash.o [1]
MEDNandFlash_Read       0x00422ee9    0xcc  Code  Lc  MEDNandFlash.o [1]
MEDNandFlash_Write      0x00422d7b    0xcc  Code  Lc  MEDNandFlash.o [1]
MED_Flush               0x00427301     0xc  Code  Lc  SBCMethods.o [1]
MED_Flush               0x0041d779     0xc  Code  Lc  diskio.o [1]
MSDCallbacks_Data       0x0041f5ff    0x26  Code  Gb  usbmsd.o [1]
MSDD_GetCommandInformation
                        0x00425a1f    0x20  Code  Lc  MSDDStateMachine.o [1]
MSDD_Halt               0x0042202b    0x1a  Code  Gb  MSDDriver.o [1]
MSDD_IsHalted           0x00422045    0x22  Code  Gb  MSDDriver.o [1]
MSDD_PostProcessCommand
                        0x00425b57    0x38  Code  Lc  MSDDStateMachine.o [1]
MSDD_PreProcessCommand  0x00425a3f   0x118  Code  Lc  MSDDStateMachine.o [1]
MSDD_ProcessCommand     0x00425b8f    0xea  Code  Lc  MSDDStateMachine.o [1]
MSDD_Read               0x00422007    0x12  Code  Gb  MSDDriver.o [1]
MSDD_StateMachine       0x00425c79   0x120  Code  Gb  MSDDStateMachine.o [1]
MSDD_Write              0x00422019    0x12  Code  Gb  MSDDriver.o [1]
MSDDriver_Callback      0x00425a0d    0x12  Code  Lc  MSDDStateMachine.o [1]
MSDDriver_Callback      0x0042730d    0x12  Code  Lc  SBCMethods.o [1]
MSDDriver_Initialize    0x00422067    0x32  Code  Gb  MSDDriver.o [1]
MSDDriver_RequestHandler
                        0x00422099    0xa2  Code  Gb  MSDDriver.o [1]
MSDDriver_Reset         0x00421fe1    0x16  Code  Lc  MSDDriver.o [1]
MSDDriver_StateMachine  0x0042213b    0x12  Code  Gb  MSDDriver.o [1]
ManagedNandFlash_AllocateBlock
                        0x0042604d    0x3c  Code  Gb  ManagedNandFlash.o [1]
ManagedNandFlash_CopyBlock
                        0x00426263    0x46  Code  Gb  ManagedNandFlash.o [1]
ManagedNandFlash_CopyPage
                        0x0042617d    0xe6  Code  Gb  ManagedNandFlash.o [1]
ManagedNandFlash_CountBlocks
                        0x00426341    0x30  Code  Gb  ManagedNandFlash.o [1]
ManagedNandFlash_EraseBlock
                        0x004260c5    0x54  Code  Gb  ManagedNandFlash.o [1]
ManagedNandFlash_EraseDirtyBlocks
                        0x004262a9    0x3a  Code  Gb  ManagedNandFlash.o [1]
ManagedNandFlash_FindYoungestBlock
                        0x004262e3    0x5e  Code  Gb  ManagedNandFlash.o [1]
ManagedNandFlash_GetDeviceSizeInBlocks
                        0x00426371     0x8  Code  Gb  ManagedNandFlash.o [1]
ManagedNandFlash_Initialize
                        0x00425ea7   0x1a6  Code  Gb  ManagedNandFlash.o [1]
ManagedNandFlash_ReadPage
                        0x00426119    0x36  Code  Gb  ManagedNandFlash.o [1]
ManagedNandFlash_ReleaseBlock
                        0x00426089    0x3c  Code  Gb  ManagedNandFlash.o [1]
ManagedNandFlash_WritePage
                        0x0042614f    0x2e  Code  Gb  ManagedNandFlash.o [1]
MappedNandFlash_Initialize
                        0x0042653b    0xa4  Code  Gb  MappedNandFlash.o [1]
MappedNandFlash_LogicalToPhysical
                        0x00426677    0x1c  Code  Gb  MappedNandFlash.o [1]
MappedNandFlash_Map     0x00426623    0x54  Code  Gb  MappedNandFlash.o [1]
MappedNandFlash_PhysicalToLogical
                        0x00426693    0x3c  Code  Gb  MappedNandFlash.o [1]
MappedNandFlash_ReadPage
                        0x004265df    0x22  Code  Gb  MappedNandFlash.o [1]
MappedNandFlash_SaveLogicalMapping
                        0x004266cf    0xe6  Code  Gb  MappedNandFlash.o [1]
MappedNandFlash_WritePage
                        0x00426601    0x22  Code  Gb  MappedNandFlash.o [1]
MarkAllPagesClean       0x0042292b     0xe  Code  Lc  TranslatedNandFlash.o [1]
MarkPageDirty           0x00422903    0x28  Code  Lc  TranslatedNandFlash.o [1]
MemManage_Handler       0x0042f88f     0x2  Code  Wk  exceptions.o [1]
NMI_Handler             0x0042f88b     0x2  Code  Wk  exceptions.o [1]
NVIC_ClearPendingIRQ    0x0041f279    0x14  Code  Lc  pio_it.o [1]
NVIC_DisableIRQ         0x0041f265    0x14  Code  Lc  pio_it.o [1]
NVIC_EnableIRQ          0x00425581    0x14  Code  Lc  USBDCallbacks_Initialized.o [1]
NVIC_EnableIRQ          0x0042eda1    0x14  Code  Lc  frontend_potentiometer.o [1]
NVIC_EnableIRQ          0x0041f251    0x14  Code  Lc  pio_it.o [1]
NVIC_EnableIRQ          0x0042de8d    0x14  Code  Lc  scr_lp_modes_sleep.o [1]
NVIC_SetPriority        0x0041eb15    0x1a  Code  Lc  main.o [1]
NVIC_SetPriority        0x0041f28d    0x1a  Code  Lc  pio_it.o [1]
NVIC_SetPriority        0x0042dea1    0x1a  Code  Lc  scr_lp_modes_sleep.o [1]
NandFlashInitialize     0x0041f681   0x208  Code  Gb  ftldrv.o [1]
NandFlashModel_Find     0x0042272b    0xaa  Code  Gb  NandFlashModel.o [1]
NandFlashModel_GetBlockSizeInBytes
                        0x0042287f     0x6  Code  Gb  NandFlashModel.o [1]
NandFlashModel_GetBlockSizeInPages
                        0x00422871     0xe  Code  Gb  NandFlashModel.o [1]
NandFlashModel_GetDataBusWidth
                        0x00422891     0xe  Code  Gb  NandFlashModel.o [1]
NandFlashModel_GetDeviceSizeInBlocks
                        0x0042283f    0x12  Code  Gb  NandFlashModel.o [1]
NandFlashModel_GetDeviceSizeInBytes
                        0x00422865     0xc  Code  Gb  NandFlashModel.o [1]
NandFlashModel_GetDeviceSizeInPages
                        0x00422851    0x14  Code  Gb  NandFlashModel.o [1]
NandFlashModel_GetPageDataSize
                        0x00422885     0x4  Code  Gb  NandFlashModel.o [1]
NandFlashModel_GetPageSpareSize
                        0x00422889     0x8  Code  Gb  NandFlashModel.o [1]
NandFlashModel_GetScheme
                        0x0042283b     0x4  Code  Gb  NandFlashModel.o [1]
NandFlashModel_HasSmallBlocks
                        0x0042289f     0xe  Code  Gb  NandFlashModel.o [1]
NandFlashModel_SupportsCopyBack
                        0x004228ad     0xa  Code  Gb  NandFlashModel.o [1]
NandFlashModel_TranslateAccess
                        0x004227d5    0x66  Code  Gb  NandFlashModel.o [1]
NandSpareScheme_ReadBadBlockMarker
                        0x00427e81     0x8  Code  Gb  NandSpareScheme.o [1]
NandSpareScheme_ReadEcc
                        0x00427e89    0x1a  Code  Gb  NandSpareScheme.o [1]
NandSpareScheme_ReadExtra
                        0x00427ebd    0x2a  Code  Gb  NandSpareScheme.o [1]
NandSpareScheme_WriteEcc
                        0x00427ea3    0x1a  Code  Gb  NandSpareScheme.o [1]
NandSpareScheme_WriteExtra
                        0x00427ee7    0x2a  Code  Gb  NandSpareScheme.o [1]
PIOA_Irq0Handler        0x0041f2a7     0x2  Code  Wk  pio_it.o [1]
PIOA_Irq10Handler       0x0041f2bb     0x2  Code  Wk  pio_it.o [1]
PIOA_Irq11Handler       0x0041f2bd     0x2  Code  Wk  pio_it.o [1]
PIOA_Irq12Handler       0x0041f2bf     0x2  Code  Wk  pio_it.o [1]
PIOA_Irq13Handler       0x0041f2c1     0x2  Code  Wk  pio_it.o [1]
PIOA_Irq14Handler       0x0041f2c3     0x2  Code  Wk  pio_it.o [1]
PIOA_Irq15Handler       0x0041f2c5     0x2  Code  Wk  pio_it.o [1]
PIOA_Irq16Handler       0x0042e725    0x1a  Code  Gb  frontend_ADS7843.o [1]
PIOA_Irq17Handler       0x0041f2c7     0x2  Code  Wk  pio_it.o [1]
PIOA_Irq18Handler       0x0041f2c9     0x2  Code  Wk  pio_it.o [1]
PIOA_Irq19Handler       0x0041f2cb     0x2  Code  Wk  pio_it.o [1]
PIOA_Irq1Handler        0x0041f2a9     0x2  Code  Wk  pio_it.o [1]
PIOA_Irq20Handler       0x0041f2cd     0x2  Code  Wk  pio_it.o [1]
PIOA_Irq21Handler       0x0041f2cf     0x2  Code  Wk  pio_it.o [1]
PIOA_Irq22Handler       0x0041f2d1     0x2  Code  Wk  pio_it.o [1]
PIOA_Irq23Handler       0x0041f2d3     0x2  Code  Wk  pio_it.o [1]
PIOA_Irq24Handler       0x0041f2d5     0x2  Code  Wk  pio_it.o [1]
PIOA_Irq25Handler       0x0041f2d7     0x2  Code  Wk  pio_it.o [1]
PIOA_Irq26Handler       0x0041f2d9     0x2  Code  Wk  pio_it.o [1]
PIOA_Irq27Handler       0x0041f2db     0x2  Code  Wk  pio_it.o [1]
PIOA_Irq28Handler       0x0041f2dd     0x2  Code  Wk  pio_it.o [1]
PIOA_Irq29Handler       0x0041f2df     0x2  Code  Wk  pio_it.o [1]
PIOA_Irq2Handler        0x0041f2ab     0x2  Code  Wk  pio_it.o [1]
PIOA_Irq30Handler       0x0041f2e1     0x2  Code  Wk  pio_it.o [1]
PIOA_Irq31Handler       0x0041f2e3     0x2  Code  Wk  pio_it.o [1]
PIOA_Irq3Handler        0x0041f2ad     0x2  Code  Wk  pio_it.o [1]
PIOA_Irq4Handler        0x0041f2af     0x2  Code  Wk  pio_it.o [1]
PIOA_Irq5Handler        0x0041f2b1     0x2  Code  Wk  pio_it.o [1]
PIOA_Irq6Handler        0x0041f2b3     0x2  Code  Wk  pio_it.o [1]
PIOA_Irq7Handler        0x0041f2b5     0x2  Code  Wk  pio_it.o [1]
PIOA_Irq8Handler        0x0041f2b7     0x2  Code  Wk  pio_it.o [1]
PIOA_Irq9Handler        0x0041f2b9     0x2  Code  Wk  pio_it.o [1]
PIOA_IrqHandler         0x0041f389     0x8  Code  Gb  pio_it.o [1]
PIOB_Irq0Handler        0x0041f2e5     0x2  Code  Wk  pio_it.o [1]
PIOB_Irq10Handler       0x0041f2f7     0x2  Code  Wk  pio_it.o [1]
PIOB_Irq11Handler       0x0041f2f9     0x2  Code  Wk  pio_it.o [1]
PIOB_Irq12Handler       0x0041f2fb     0x2  Code  Wk  pio_it.o [1]
PIOB_Irq13Handler       0x0041f2fd     0x2  Code  Wk  pio_it.o [1]
PIOB_Irq14Handler       0x0041f2ff     0x2  Code  Wk  pio_it.o [1]
PIOB_Irq15Handler       0x0041f301     0x2  Code  Wk  pio_it.o [1]
PIOB_Irq16Handler       0x0041f303     0x2  Code  Wk  pio_it.o [1]
PIOB_Irq17Handler       0x0041f305     0x2  Code  Wk  pio_it.o [1]
PIOB_Irq18Handler       0x0041f307     0x2  Code  Wk  pio_it.o [1]
PIOB_Irq19Handler       0x0041f309     0x2  Code  Wk  pio_it.o [1]
PIOB_Irq1Handler        0x0041f2e7     0x2  Code  Wk  pio_it.o [1]
PIOB_Irq20Handler       0x0041f30b     0x2  Code  Wk  pio_it.o [1]
PIOB_Irq21Handler       0x0041f30d     0x2  Code  Wk  pio_it.o [1]
PIOB_Irq22Handler       0x0041f30f     0x2  Code  Wk  pio_it.o [1]
PIOB_Irq23Handler       0x0041f311     0x2  Code  Wk  pio_it.o [1]
PIOB_Irq24Handler       0x0041f313     0x2  Code  Wk  pio_it.o [1]
PIOB_Irq25Handler       0x0041f315     0x2  Code  Wk  pio_it.o [1]
PIOB_Irq26Handler       0x0041f317     0x2  Code  Wk  pio_it.o [1]
PIOB_Irq27Handler       0x0041f319     0x2  Code  Wk  pio_it.o [1]
PIOB_Irq28Handler       0x0041f31b     0x2  Code  Wk  pio_it.o [1]
PIOB_Irq29Handler       0x0041f31d     0x2  Code  Wk  pio_it.o [1]
PIOB_Irq2Handler        0x0041f2e9     0x2  Code  Wk  pio_it.o [1]
PIOB_Irq30Handler       0x0041f31f     0x2  Code  Wk  pio_it.o [1]
PIOB_Irq31Handler       0x0041f321     0x2  Code  Wk  pio_it.o [1]
PIOB_Irq3Handler        0x0042f7d9    0x28  Code  Gb  board_dependencies.o [1]
PIOB_Irq4Handler        0x0041f2eb     0x2  Code  Wk  pio_it.o [1]
PIOB_Irq5Handler        0x0041f2ed     0x2  Code  Wk  pio_it.o [1]
PIOB_Irq6Handler        0x0041f2ef     0x2  Code  Wk  pio_it.o [1]
PIOB_Irq7Handler        0x0041f2f1     0x2  Code  Wk  pio_it.o [1]
PIOB_Irq8Handler        0x0041f2f3     0x2  Code  Wk  pio_it.o [1]
PIOB_Irq9Handler        0x0041f2f5     0x2  Code  Wk  pio_it.o [1]
PIOB_IrqHandler         0x0041f391     0x8  Code  Gb  pio_it.o [1]
PIOC_Irq0Handler        0x0041f323     0x2  Code  Wk  pio_it.o [1]
PIOC_Irq10Handler       0x0041f337     0x2  Code  Wk  pio_it.o [1]
PIOC_Irq11Handler       0x0041f339     0x2  Code  Wk  pio_it.o [1]
PIOC_Irq12Handler       0x0042f801    0x28  Code  Gb  board_dependencies.o [1]
PIOC_Irq13Handler       0x0041f33b     0x2  Code  Wk  pio_it.o [1]
PIOC_Irq14Handler       0x0041f33d     0x2  Code  Wk  pio_it.o [1]
PIOC_Irq15Handler       0x0041f33f     0x2  Code  Wk  pio_it.o [1]
PIOC_Irq16Handler       0x0041f341     0x2  Code  Wk  pio_it.o [1]
PIOC_Irq17Handler       0x0041f343     0x2  Code  Wk  pio_it.o [1]
PIOC_Irq18Handler       0x0041f345     0x2  Code  Wk  pio_it.o [1]
PIOC_Irq19Handler       0x0041f347     0x2  Code  Wk  pio_it.o [1]
PIOC_Irq1Handler        0x0041f325     0x2  Code  Wk  pio_it.o [1]
PIOC_Irq20Handler       0x0041f349     0x2  Code  Wk  pio_it.o [1]
PIOC_Irq21Handler       0x0042f7bd    0x1c  Code  Gb  board_dependencies.o [1]
PIOC_Irq22Handler       0x0041f34b     0x2  Code  Wk  pio_it.o [1]
PIOC_Irq23Handler       0x0041f34d     0x2  Code  Wk  pio_it.o [1]
PIOC_Irq24Handler       0x0041f34f     0x2  Code  Wk  pio_it.o [1]
PIOC_Irq25Handler       0x0041f351     0x2  Code  Wk  pio_it.o [1]
PIOC_Irq26Handler       0x0041f353     0x2  Code  Wk  pio_it.o [1]
PIOC_Irq27Handler       0x0041f355     0x2  Code  Wk  pio_it.o [1]
PIOC_Irq28Handler       0x0041f357     0x2  Code  Wk  pio_it.o [1]
PIOC_Irq29Handler       0x0041f359     0x2  Code  Wk  pio_it.o [1]
PIOC_Irq2Handler        0x0041f327     0x2  Code  Wk  pio_it.o [1]
PIOC_Irq30Handler       0x0041f35b     0x2  Code  Wk  pio_it.o [1]
PIOC_Irq31Handler       0x0041f35d     0x2  Code  Wk  pio_it.o [1]
PIOC_Irq3Handler        0x0041f329     0x2  Code  Wk  pio_it.o [1]
PIOC_Irq4Handler        0x0041f32b     0x2  Code  Wk  pio_it.o [1]
PIOC_Irq5Handler        0x0041f32d     0x2  Code  Wk  pio_it.o [1]
PIOC_Irq6Handler        0x0041f32f     0x2  Code  Wk  pio_it.o [1]
PIOC_Irq7Handler        0x0041f331     0x2  Code  Wk  pio_it.o [1]
PIOC_Irq8Handler        0x0041f333     0x2  Code  Wk  pio_it.o [1]
PIOC_Irq9Handler        0x0041f335     0x2  Code  Wk  pio_it.o [1]
PIOC_IrqHandler         0x0041f399     0x8  Code  Gb  pio_it.o [1]
PIO_Clear               0x0042101f     0x8  Code  Gb  pio.o [1]
PIO_Configure           0x00420f51    0xc6  Code  Gb  pio.o [1]
PIO_DisableIt           0x0041f3ab     0xe  Code  Gb  pio_it.o [1]
PIO_EnableIt            0x0041f3a1     0xa  Code  Gb  pio_it.o [1]
PIO_Get                 0x00421027    0x22  Code  Gb  pio.o [1]
PIO_InitializeInterrupts
                        0x0041f3b9    0x6a  Code  Gb  pio_it.o [1]
PIO_IrqHandler          0x0041f35f    0x2a  Code  Lc  pio_it.o [1]
PIO_Set                 0x00421017     0x8  Code  Gb  pio.o [1]
PIO_SetInput            0x00420ed3    0x24  Code  Lc  pio.o [1]
PIO_SetInterrupt        0x00420f23    0x2c  Code  Lc  pio.o [1]
PIO_SetOutput           0x00420ef7    0x2c  Code  Lc  pio.o [1]
PIO_SetPeripheralA      0x00420e4d    0x2a  Code  Lc  pio.o [1]
PIO_SetPeripheralB      0x00420e77    0x20  Code  Lc  pio.o [1]
PIO_SetPeripheralC      0x00420e97    0x20  Code  Lc  pio.o [1]
PIO_SetPeripheralD      0x00420eb7    0x1c  Code  Lc  pio.o [1]
PMC_DisablePeripheral   0x004253ef    0x32  Code  Gb  pmc.o [1]
PMC_EnablePeripheral    0x004253bd    0x32  Code  Gb  pmc.o [1]
PMC_IrqHandler          0x0042f8a1     0x2  Code  Wk  exceptions.o [1]
PMC_IsPeriphEnabled     0x00425421    0x26  Code  Gb  pmc.o [1]
PWM_IrqHandler          0x0042f8c7     0x2  Code  Wk  exceptions.o [1]
PageIsClean             0x004228d9    0x2a  Code  Lc  TranslatedNandFlash.o [1]
PendSV_Handler          0x0041ea87          Code  Gb  portasm.o [1]
PreProcessMessage_Default
                        0x0042362d    0xb0  Code  Gb  wgt_core_behaviour_default.o [1]
QTouchInitialize        0x0041faf3    0x1e  Code  Gb  qtouch.o [1]
RSTC_IrqHandler         0x0042f899     0x2  Code  Wk  exceptions.o [1]
RTC_IrqHandler          0x0042f89b     0x2  Code  Wk  exceptions.o [1]
RTLUN_Init              0x00421d99   0x198  Code  Gb  MSDLun.o [1]
RTMEDIA_Flush           0x0041de67    0x28  Code  Gb  rtmedia.o [1]
RTMEDIA_Init            0x0041ddbd    0x16  Code  Gb  rtmedia.o [1]
RTMEDIA_Read            0x0041de1d    0x4a  Code  Gb  rtmedia.o [1]
RTMEDIA_Write           0x0041ddd3    0x4a  Code  Gb  rtmedia.o [1]
RTT_IrqHandler          0x0042f89d     0x2  Code  Wk  exceptions.o [1]
RawNandFlash_CopyPage   0x0042269b    0x40  Code  Gb  RawNandFlash.o [1]
RawNandFlash_EraseBlock
                        0x00422571    0x26  Code  Gb  RawNandFlash.o [1]
RawNandFlash_GetDataBuffer
                        0x004226db    0x14  Code  Gb  RawNandFlash.o [1]
RawNandFlash_GetSpareBuffer
                        0x00422701    0x18  Code  Gb  RawNandFlash.o [1]
RawNandFlash_Initialize
                        0x004224b3    0x56  Code  Gb  RawNandFlash.o [1]
RawNandFlash_ReadId     0x00422531    0x40  Code  Gb  RawNandFlash.o [1]
RawNandFlash_ReadPage   0x00422597    0xc2  Code  Gb  RawNandFlash.o [1]
RawNandFlash_ReleaseDataBuffer
                        0x004226ef    0x12  Code  Gb  RawNandFlash.o [1]
RawNandFlash_ReleaseSpareBuffer
                        0x00422719    0x12  Code  Gb  RawNandFlash.o [1]
RawNandFlash_Reset      0x0042250d    0x24  Code  Gb  RawNandFlash.o [1]
RawNandFlash_WritePage  0x00422659    0x42  Code  Gb  RawNandFlash.o [1]
ReadData                0x0042227b    0x36  Code  Lc  RawNandFlash.o [1]
Region$$Table$$Base     0x0042f8f8           --   Gb  - Linker created -
Region$$Table$$Limit    0x0042f924           --   Gb  - Linker created -
SAMGUI_TaskDelay        0x0041fc99     0x4  Code  Gb  sam_gui_freertos.o [1]
SBCLunCanBeWritten      0x0042735d    0x2c  Code  Lc  SBCMethods.o [1]
SBCLunIsReady           0x0042731f    0x3e  Code  Lc  SBCMethods.o [1]
SBC_GetCommandInformation
                        0x00427d4d    0xb6  Code  Gb  SBCMethods.o [1]
SBC_Inquiry             0x00427b95    0x72  Code  Lc  SBCMethods.o [1]
SBC_ModeSense6          0x00427c71    0x7e  Code  Lc  SBCMethods.o [1]
SBC_ProcessCommand      0x00427e03    0x78  Code  Gb  SBCMethods.o [1]
SBC_Read10              0x004277a1   0x384  Code  Lc  SBCMethods.o [1]
SBC_ReadCapacity10      0x00427b25    0x70  Code  Lc  SBCMethods.o [1]
SBC_RequestSense        0x00427c07    0x6a  Code  Lc  SBCMethods.o [1]
SBC_TestUnitReady       0x00427cf5    0x46  Code  Lc  SBCMethods.o [1]
SBC_UpdateSenseData     0x00427d3b    0x12  Code  Gb  SBCMethods.o [1]
SBC_Write10             0x00427389   0x418  Code  Lc  SBCMethods.o [1]
SMC_IrqHandler          0x0042f8a9     0x2  Code  Wk  exceptions.o [1]
SPI_Configure           0x0042e977    0x1a  Code  Gb  spi.o [1]
SPI_ConfigureNPCS       0x0042e991     0x8  Code  Gb  spi.o [1]
SPI_Enable              0x0042e971     0x6  Code  Gb  spi.o [1]
SPI_IrqHandler          0x0042f8b5     0x2  Code  Wk  exceptions.o [1]
SSC_IrqHandler          0x0042f8b7     0x2  Code  Wk  exceptions.o [1]
SUPC_IrqHandler         0x0042f897     0x2  Code  Wk  exceptions.o [1]
SVC_Handler             0x0041ead9          Code  Gb  portasm.o [1]
ScrAudio                0x20000350    0x64  Data  Gb  scr_audio.o [1]
ScrAudio_OnDrawBackground
                        0x0042f30f    0x52  Code  Lc  scr_audio.o [1]
ScrAudio_OnInitialize   0x0042f2ad    0x62  Code  Lc  scr_audio.o [1]
ScrAudio_ProcessMessage
                        0x0042f361    0x16  Code  Lc  scr_audio.o [1]
ScrDISPDemo             0x200003b4    0x64  Data  Gb  scr_disp_demo.o [1]
ScrInfos                0x20000418    0x64  Data  Gb  scr_infos.o [1]
ScrInfos_OnDrawBackground
                        0x0042f041    0x88  Code  Lc  scr_infos.o [1]
ScrInfos_OnInitialize   0x0042f011    0x30  Code  Lc  scr_infos.o [1]
ScrInfos_ProcessMessage
                        0x0042f0c9    0x16  Code  Lc  scr_infos.o [1]
ScrIntro                0x2000047c    0x64  Data  Gb  scr_intro.o [1]
ScrIntro_OnDrawBackground
                        0x0042f40d    0x38  Code  Lc  scr_intro.o [1]
ScrIntro_OnInitialize   0x0042f3dd    0x30  Code  Lc  scr_intro.o [1]
ScrIntro_ProcessMessage
                        0x0042f445    0x44  Code  Lc  scr_intro.o [1]
ScrLPModes              0x200004e0    0x64  Data  Gb  scr_lp_modes.o [1]
ScrLPModes_Backup       0x20000544    0x64  Data  Gb  scr_lp_modes_backup.o [1]
ScrLPModes_Backup_OnDrawBackground
                        0x0042ebd5    0x92  Code  Lc  scr_lp_modes_backup.o [1]
ScrLPModes_Backup_OnInitialize
                        0x0042ebc5    0x10  Code  Lc  scr_lp_modes_backup.o [1]
ScrLPModes_Backup_ProcessMessage
                        0x0042ec67    0x60  Code  Lc  scr_lp_modes_backup.o [1]
ScrLPModes_OnDrawBackground
                        0x0042e1c5    0x80  Code  Lc  scr_lp_modes.o [1]
ScrLPModes_OnInitialize
                        0x0042e10d    0xb8  Code  Lc  scr_lp_modes.o [1]
ScrLPModes_ProcessMessage
                        0x0042e245    0x4c  Code  Lc  scr_lp_modes.o [1]
ScrLPModes_Sleep        0x200005a8    0x64  Data  Gb  scr_lp_modes_sleep.o [1]
ScrLPModes_Sleep_OnDrawBackground
                        0x0042decb    0x92  Code  Lc  scr_lp_modes_sleep.o [1]
ScrLPModes_Sleep_OnInitialize
                        0x0042debb    0x10  Code  Lc  scr_lp_modes_sleep.o [1]
ScrLPModes_Sleep_ProcessMessage
                        0x0042df5d    0xac  Code  Lc  scr_lp_modes_sleep.o [1]
ScrLPModes_Wait         0x2000060c    0x64  Data  Gb  scr_lp_modes_wait.o [1]
ScrLPModes_Wait_OnDrawBackground
                        0x0042d927    0x92  Code  Lc  scr_lp_modes_wait.o [1]
ScrLPModes_Wait_OnInitialize
                        0x0042d917    0x10  Code  Lc  scr_lp_modes_wait.o [1]
ScrLPModes_Wait_ProcessMessage
                        0x0042d9b9   0x106  Code  Lc  scr_lp_modes_wait.o [1]
ScrMain                 0x20000670    0x64  Data  Gb  scr_main.o [1]
ScrMain_DrawStatus      0x0042b629    0x54  Code  Lc  scr_main.o [1]
ScrMain_OnEraseBackground
                        0x0042b813    0x3e  Code  Lc  scr_main.o [1]
ScrMain_OnInitialize    0x0042b67d   0x196  Code  Lc  scr_main.o [1]
ScrMain_ProcessMessage  0x0042b851   0x3dc  Code  Lc  scr_main.o [1]
ScrPPT                  0x200006d4    0x64  Data  Gb  scr_ppt.o [1]
ScrPPT_OnDrawBackground
                        0x0042f1b7    0x20  Code  Lc  scr_ppt.o [1]
ScrPPT_OnInitialize     0x0042f179    0x3e  Code  Lc  scr_ppt.o [1]
ScrPPT_ProcessMessage   0x0042f1d7    0x8e  Code  Lc  scr_ppt.o [1]
ScrQTouch               0x20000738    0x64  Data  Gb  scr_qtouch.o [1]
ScrSettings             0x2000079c    0x64  Data  Gb  scr_settings.o [1]
ScrSettings_Backlight   0x20000800    0x64  Data  Gb  scr_settings_backlight.o [1]
ScrSettings_Backlight_OnDrawBackground
[...]
gPinVbus                0x0041f674     0xc  Data  Gb  usbmsd.o [1]
gRtNandMedias           0x200036e0    0x48  Data  Gb  ftldrv.o [1]
gTsCalibrated           0x2000b338     0x1  Data  Gb  frontend_ADS7843.o [1]
gTsSemaphore            0x2000b354     0x4  Data  Lc  frontend_ADS7843.o [1]
g_Font10x14             0x0042f994    0x10  Data  Gb  sam_gui_font.o [1]
g_MckrValBackup         0x2000b3f4     0x4  Data  Lc  scr_lp_modes_wait.o [1]
g_PllarValBackup        0x2000b3ec     0x4  Data  Lc  scr_lp_modes_wait.o [1]
g_PllbrValBackup        0x2000b3f0     0x4  Data  Lc  scr_lp_modes_wait.o [1]
g_WGT_CoreData          0x2000b358    0x20  Data  Gb  wgt_core.o [1]
g_bmpUnderConstruction  0x2000b0b8    0x40  Data  Lc  scr_audio.o [1]
g_btnAudio              0x2000a578    0x40  Data  Lc  scr_main.o [1]
g_btnBack               0x2000b0f8    0x40  Data  Lc  scr_audio.o [1]
g_btnBack               0x2000ac60    0x40  Data  Lc  scr_lp_modes.o [1]
g_btnBack               0x2000bba8    0x40  Data  Lc  scr_qtouch.o [1]
g_btnBack               0x2000a960    0x40  Data  Lc  scr_settings.o [1]
g_btnBack               0x2000aca0    0x40  Data  Lc  scr_settings_backlight.o [1]
g_btnBack               0x2000a534    0x40  Data  Lc  scr_settings_date.o [1]
g_btnBack               0x20000240    0x40  Data  Lc  scr_settings_time.o [1]
g_btnBacklight          0x2000aa20    0x40  Data  Lc  scr_settings.o [1]
g_btnBacklight          0x2000ad60    0x40  Data  Lc  scr_settings_backlight.o [1]
g_btnBackup             0x2000aba0    0x40  Data  Lc  scr_lp_modes.o [1]
g_btnDate               0x2000a9a0    0x40  Data  Lc  scr_settings.o [1]
g_btnDown               0x2000ad20    0x40  Data  Lc  scr_settings_backlight.o [1]
g_btnDownDay            0x2000a334    0x40  Data  Lc  scr_settings_date.o [1]
g_btnDownHour           0x20000040    0x40  Data  Lc  scr_settings_time.o [1]
g_btnDownMin            0x20000100    0x40  Data  Lc  scr_settings_time.o [1]
g_btnDownMonth          0x2000a3f4    0x40  Data  Lc  scr_settings_date.o [1]
g_btnDownSec            0x200001c0    0x40  Data  Lc  scr_settings_time.o [1]
g_btnDownYear           0x2000a4b4    0x40  Data  Lc  scr_settings_date.o [1]
g_btnInfos              0x2000a6f8    0x40  Data  Lc  scr_main.o [1]
g_btnK1                 0x2000ba68    0x40  Data  Lc  scr_qtouch.o [1]
g_btnK2                 0x2000baa8    0x40  Data  Lc  scr_qtouch.o [1]
g_btnK3                 0x2000bae8    0x40  Data  Lc  scr_qtouch.o [1]
g_btnK4                 0x2000bb28    0x40  Data  Lc  scr_qtouch.o [1]
g_btnK5                 0x2000bb68    0x40  Data  Lc  scr_qtouch.o [1]
g_btnLPModes            0x2000a678    0x40  Data  Lc  scr_main.o [1]
g_btnQTouch             0x2000a638    0x40  Data  Lc  scr_main.o [1]
g_btnSettings           0x2000a6b8    0x40  Data  Lc  scr_main.o [1]
g_btnSleep              0x2000ac20    0x40  Data  Lc  scr_lp_modes.o [1]
g_btnSlideShow          0x2000a5f8    0x40  Data  Lc  scr_main.o [1]
g_btnTSD                0x2000aa60    0x40  Data  Lc  scr_settings.o [1]
g_btnTime               0x2000a9e0    0x40  Data  Lc  scr_settings.o [1]
g_btnUp                 0x2000ace0    0x40  Data  Lc  scr_settings_backlight.o [1]
g_btnUpDay              0x2000a2f4    0x40  Data  Lc  scr_settings_date.o [1]
g_btnUpHour             0x20000000    0x40  Data  Lc  scr_settings_time.o [1]
g_btnUpMin              0x200000c0    0x40  Data  Lc  scr_settings_time.o [1]
g_btnUpMonth            0x2000a3b4    0x40  Data  Lc  scr_settings_date.o [1]
g_btnUpSec              0x20000180    0x40  Data  Lc  scr_settings_time.o [1]
g_btnUpYear             0x2000a474    0x40  Data  Lc  scr_settings_date.o [1]
g_btnVideo              0x2000a5b8    0x40  Data  Lc  scr_main.o [1]
g_btnWait               0x2000abe0    0x40  Data  Lc  scr_lp_modes.o [1]
g_demo_parameters       0x20000a84    0x3c  Data  Gb  demo_parameters.o [1]
g_dwScrTSDCalibration_state
                        0x2000b2fc     0x4  Data  Lc  scr_TSDCalibration.o [1]
g_irq                   0x2000b438     0x8  Data  Lc  scr_lp_modes_sleep.o [1]
g_irq                   0x2000b3e4     0x8  Data  Lc  scr_lp_modes_wait.o [1]
g_wgt_Day               0x2000a374    0x40  Data  Lc  scr_settings_date.o [1]
g_wgt_Hour              0x20000080    0x40  Data  Lc  scr_settings_time.o [1]
g_wgt_Min               0x20000140    0x40  Data  Lc  scr_settings_time.o [1]
g_wgt_Month             0x2000a434    0x40  Data  Lc  scr_settings_date.o [1]
g_wgt_Sec               0x20000200    0x40  Data  Lc  scr_settings_time.o [1]
g_wgt_Status            0x2000a738    0x40  Data  Lc  scr_main.o [1]
g_wgt_Year              0x2000a4f4    0x40  Data  Lc  scr_settings_date.o [1]
gdwPotentiometerValue   0x2000b444     0x4  Data  Lc  frontend_potentiometer.o [1]
gen_numname             0x0041c203    0x70  Code  Gb  ff.o [1]
get_channel_delta       0x00426be3    0x14  Code  Gb  touch_process.o [4]
get_fat                 0x0041bccb    0xdc  Code  Lc  ff.o [1]
get_fattime             0x0041d889     0x4  Code  Gb  diskio.o [1]
goto_detect             0x0042688f    0x2a  Code  Lc  touch_process.o [4]
goto_no_detect          0x004267d1    0x38  Code  Lc  touch_process.o [4]
gs_ADS7843CalibParameters
                        0x2000b33c    0x18  Data  Lc  frontend_ADS7843.o [1]
gs_ProgressBorder       0x2000ba64     0x4  Data  Lc  scr_qtouch.o [1]
gs_ProgressInside       0x2000ba60     0x4  Data  Lc  scr_qtouch.o [1]
gs_TsdCalibParameters   0x2000b2e4    0x18  Data  Lc  scr_TSDCalibration.o [1]
gs_dwDay                0x2000bc74     0x4  Data  Lc  scr_settings_date.o [1]
gs_dwHour               0x2000bc8c     0x4  Data  Lc  scr_settings_time.o [1]
gs_dwLastSwitchTime     0x2000bbe8     0x4  Data  Lc  scr_ppt.o [1]
gs_dwMin                0x2000bc90     0x4  Data  Lc  scr_settings_time.o [1]
gs_dwMonth              0x2000bc78     0x4  Data  Lc  scr_settings_date.o [1]
gs_dwSec                0x2000bc94     0x4  Data  Lc  scr_settings_time.o [1]
gs_dwSlideIndex         0x2000bbf0     0x4  Data  Lc  scr_ppt.o [1]
gs_dwSwitchDelay        0x2000bbec     0x4  Data  Lc  scr_ppt.o [1]
gs_dwYear               0x2000bc7c     0x4  Data  Lc  scr_settings_date.o [1]
gs_szDay                0x2000bc80     0x4  Data  Lc  scr_settings_date.o [1]
gs_szHour               0x2000bc98     0x4  Data  Lc  scr_settings_time.o [1]
gs_szMin                0x2000bc9c     0x4  Data  Lc  scr_settings_time.o [1]
gs_szMonth              0x2000bc84     0x4  Data  Lc  scr_settings_date.o [1]
gs_szSec                0x2000bca0     0x4  Data  Lc  scr_settings_time.o [1]
gs_szSlidePath          0x2000bbf4    0x80  Data  Lc  scr_ppt.o [1]
gs_szYear               0x2000bc88     0x4  Data  Lc  scr_settings_date.o [1]
init_mparams            0x00423849    0x34  Code  Lc  dlmalloc.o [3]
init_rotor_slider       0x0042308f    0x50  Code  Lc  touch_rs_qt.o [4]
init_top                0x0042387d    0x3c  Code  Lc  dlmalloc.o [3]
inquiryData             0x200008c8    0x60  Data  Lc  MSDLun.o [1]
isConsolInitialized     0x2000b45c     0x1  Data  Lc  uart_console.o [1]
languageIdDescriptor    0x0042f6a0     0x4  Data  Lc  MSDDriverDescriptors.o [1]
lib_status_flags        0x2000b0b4     0x1  Data  Gb  touch_api.o [4]
localeconv              0x004252e3    0x16  Code  Gb  localeconv.o [3]
main                    0x0041ec01    0xf6  Code  Gb  main.o [1]
manufacturerDescriptor  0x0042f6a4     0xc  Data  Lc  MSDDriverDescriptors.o [1]
mem_cmp                 0x0041bb61    0x1e  Code  Lc  ff.o [1]
mem_cpy                 0x0041bb3d    0x14  Code  Lc  ff.o [1]
mem_set                 0x0041bb51    0x10  Code  Lc  ff.o [1]
memchr                  0x004237b1          Code  Gb  memchr.o [6]
memcmp                  0x0041ee61          Code  Gb  memcmp.o [6]
memcpy                  0x0041eb09     0xc  Code  Gb  scr_TSDCalibration.o [1]
memset                  0x0041ef49    0x14  Code  Gb  wgt_core_widget.o [1]
min                     0x004253ad     0x8  Code  Gb  math.o [1]
modeParameterHeader6    0x00427e7c     0x4  Data  Lc  SBCMethods.o [1]
move_window             0x0041bb91    0x70  Code  Lc  ff.o [1]
mparams                 0x2000b3b8    0x18  Data  Lc  dlmalloc.o [3]
msdBuffer               0x200082f4  0x1800  Data  Gb  usbmsd.o [1]
msdDriver               0x2000b1ac    0x5c  Data  Lc  MSDDriver.o [1]
msdDriverDescriptors    0x0042f6ec    0x28  Data  Gb  MSDDriverDescriptors.o [1]
msdFullCnt              0x2000b41c     0x2  Data  Gb  usbmsd.o [1]
msdNullCnt              0x2000b41e     0x2  Data  Gb  usbmsd.o [1]
msdReadTotal            0x2000b420     0x4  Data  Gb  usbmsd.o [1]
msdWriteTotal           0x2000b424     0x4  Data  Gb  usbmsd.o [1]
mtx                     0x2000b324    0x14  Data  Lc  xsyslock.o [3]
nandFlashModelList      0x0042dbd0   0x2b8  Data  Gb  NandFlashModelList.o [1]
nandSpareScheme2048     0x0042801c    0x84  Data  Gb  NandSpareScheme.o [1]
nandSpareScheme256      0x00427f14    0x84  Data  Gb  NandSpareScheme.o [1]
nandSpareScheme512      0x00427f98    0x84  Data  Gb  NandSpareScheme.o [1]
next                    0x20000ad4     0x4  Data  Lc  rand.o [1]
nfCePin                 0x0041fa58     0xc  Data  Lc  ftldrv.o [1]
nfRbPin                 0x0041fa64     0xc  Data  Lc  ftldrv.o [1]
num_rotors_sliders      0x2000b40c     0x1  Data  Gb  touch_rs_qt.o [4]
num_sensors             0x2000b45a     0x1  Data  Gb  touch_process.o [4]
obuf                    0x2000b264    0x50  Data  Lc  xfiles.o [3]
pPageBuffer             0x2000aaa0   0x100  Data  Lc  flashd.o [1]
pPinsNf                 0x0041fa04    0x54  Data  Lc  ftldrv.o [1]
pageReadBuffer          0x20007294  0x1000  Data  Lc  MEDNandFlash.o [1]
pageWriteBuffer         0x20006294  0x1000  Data  Lc  MEDNandFlash.o [1]
pcTraceBuffer           0x200009b0     0x4  Data  Lc  tasks.o [1]
pcTraceBufferEnd        0x200009b8     0x4  Data  Lc  tasks.o [1]
pcTraceBufferStart      0x200009b4     0x4  Data  Lc  tasks.o [1]
pinBusy                 0x0042e964     0xc  Data  Lc  ads7843.o [1]
pinsLeds                0x00425504    0x24  Data  Lc  led.o [1]
pinsSPI                 0x0042e934    0x30  Data  Lc  ads7843.o [1]
pioAHandlers            0x0041f450    0x80  Data  Lc  pio_it.o [1]
pioBHandlers            0x0041f4d0    0x80  Data  Lc  pio_it.o [1]
pioCHandlers            0x0041f550    0x80  Data  Lc  pio_it.o [1]
pos_delta               0x00426bd9     0xa  Code  Lc  touch_process.o [4]
prepend_alloc           0x004238b9   0x306  Code  Lc  dlmalloc.o [3]
previousDeviceState     0x2000b459     0x1  Data  Lc  USBD_UDP.o [1]
printf                  0x0041efcd    0x24  Code  Gb  printf.o [3]
process_sensor          0x00426969   0x264  Code  Gb  touch_process.o [4]
productDescriptor       0x0042f6b0    0x20  Data  Lc  MSDDriverDescriptors.o [1]
prvAllocateTCBAndStack  0x0041e8df    0x32  Code  Lc  tasks.o [1]
prvCheckTasksWaitingTermination
                        0x0041e8dd     0x2  Code  Lc  tasks.o [1]
prvCopyDataFromQueue    0x0041e1ed    0x2a  Code  Lc  queue.o [1]
prvCopyDataToQueue      0x0041e189    0x64  Code  Lc  queue.o [1]
prvIdleTask             0x0041e84d    0x10  Code  Lc  tasks.o [1]
prvInitialiseTCBVariables
                        0x0041e85d    0x3a  Code  Lc  tasks.o [1]
prvInitialiseTaskLists  0x0041e897    0x46  Code  Lc  tasks.o [1]
prvIsQueueEmpty         0x0041e27f    0x18  Code  Lc  queue.o [1]
prvIsQueueFull          0x0041e297    0x1e  Code  Lc  queue.o [1]
prvSetupTimerInterrupt  0x0041ea5f     0xe  Code  Lc  port.o [1]
prvUnlockQueue          0x0041e217    0x68  Code  Lc  queue.o [1]
put_fat                 0x0041bda7    0xfc  Code  Lc  ff.o [1]
putchar                 0x0042f63b     0x4  Code  Gb  uart_console.o [1]
pvPortMalloc            0x0041e2b5    0x3a  Code  Gb  heap_1.o [1]
pxCurrentTCB            0x2000af80     0x4  Data  Gb  tasks.o [1]
pxDelayedTaskList       0x2000afe8     0x4  Data  Lc  tasks.o [1]
pxOverflowDelayedTaskList
                        0x2000afec     0x4  Data  Lc  tasks.o [1]
pxPortInitialiseStack   0x0041e9e1    0x18  Code  Gb  port.o [1]
pxReadyTasksLists       0x2000af84    0x64  Data  Lc  tasks.o [1]
qt_config_data          0x2000b3f8     0x8  Data  Gb  touch_api.o [4]
qt_enable_key           0x00423525    0x30  Code  Gb  touch_api.o [4]
qt_enable_slider        0x00423061    0x2e  Code  Gb  touch_rs_qt.o [4]
qt_filter_callback      0x2000b404     0x4  Data  Gb  touch_api.o [4]
qt_get_sensor_delta     0x00423555    0x5a  Code  Gb  touch_api.o [4]
qt_init_sensing_with_burst
                        0x004233e1    0x2a  Code  Gb  touch_api.o [4]
qt_measure_data         0x2000b02c    0x88  Data  Gb  touch_api.o [4]
qt_measure_sensors      0x00423441    0xe4  Code  Gb  touch_api.o [4]
qt_reset_sensing        0x0042340d    0x34  Code  Gb  touch_api.o [4]
qt_set_parameters       0x0041fa71    0x1c  Code  Lc  qtouch.o [1]
rand                    0x0042d81f    0x14  Code  Gb  rand.o [1]
remove_chain            0x0041bea3    0x5c  Code  Lc  ff.o [1]
restoreClock            0x0042d893    0x84  Code  Lc  scr_lp_modes_wait.o [1]
rotor_slider_deltas     0x2000b414     0x8  Data  Lc  touch_rs_qt.o [4]
rotor_slider_enter_detect
                        0x00423359    0x18  Code  Gb  touch_rs_qt.o [4]
rotors_sliders          0x2000b410     0x4  Data  Lc  touch_rs_qt.o [4]
sDISP_Backend_ILI9325   0x200009c4    0x40  Data  Gb  backend_ILI9325.o [1]
sWGT_Frontend_ADS7843   0x0042e830     0xc  Data  Gb  frontend_ADS7843.o [1]
sWGT_Frontend_Potentiometer
                        0x0042ef20     0xc  Data  Gb  frontend_potentiometer.o [1]
sWGT_Frontend_PushButtons
                        0x0042f87c     0xc  Data  Gb  frontend_pushbuttons.o [1]
sWGT_Frontend_QTouch    0x0042f988     0xc  Data  Gb  frontend_qtouch.o [1]
sensors                 0x2000ada0   0x100  Data  Gb  touch_process.o [4]
serialNumberDescriptor  0x0042f6d0    0x1c  Data  Lc  MSDDriverDescriptors.o [1]
snprintf                0x0042bccd    0x44  Code  Gb  snprintf.o [3]
srand                   0x0042d819     0x6  Code  Gb  rand.o [1]
start_cal_sensor        0x004267b5    0x1c  Code  Gb  touch_process.o [4]
strchr                  0x00423799          Code  Gb  strchr.o [6]
stringDescriptors       0x20000ac0    0x10  Data  Lc  MSDDriverDescriptors.o [1]
strlen                  0x00423809          Code  Gb  strlen.o [6]
strncpy                 0x0041eedd          Code  Gb  strncpy.o [6]
sum_sfn                 0x0041c273    0x1c  Code  Lc  ff.o [1]
switchMckFastRC         0x0042d841    0x52  Code  Lc  scr_lp_modes_wait.o [1]
sync                    0x0041bc01    0xca  Code  Lc  ff.o [1]
sys_alloc               0x00423db1   0x140  Code  Lc  dlmalloc.o [3]
syslock_o               0x2000b300     0x4  Data  Lc  xsyslock.o [3]
szStatusText            0x2000a778    0x14  Data  Lc  scr_main.o [1]
szVersionText           0x2000b3d0    0x14  Data  Lc  scr_infos.o [1]
time_of_last_call_ms    0x2000b400     0x2  Data  Lc  touch_api.o [4]
time_to_measure_touch   0x2000b430     0x1  Data  Lc  qtouch.o [1]
timer_prescale          0x2000b0b6     0x2  Data  Lc  touch_api.o [4]
tmalloc_large           0x00423f01   0x374  Code  Lc  dlmalloc.o [3]
tmalloc_small           0x00424275   0x1e4  Code  Lc  dlmalloc.o [3]
translatedNf            0x2000397c  0x2910  Data  Lc  ftldrv.o [1]
usbdDriver              0x2000b208     0xc  Data  Lc  MSDDriver.o [1]
uxCriticalNesting       0x20000ad0     0x4  Data  Lc  port.o [1]
uxCurrentNumberOfTasks  0x200009a0     0x4  Data  Lc  tasks.o [1]
uxMissedTicks           0x2000affc     0x4  Data  Lc  tasks.o [1]
uxPreviousTask          0x200009c0     0x4  Data  Lc  tasks.o [1]
uxSchedulerSuspended    0x2000aff8     0x4  Data  Lc  tasks.o [1]
uxTaskNumber            0x2000b000     0x4  Data  Lc  tasks.o [1]
uxTopReadyPriority      0x2000aff4     0x4  Data  Lc  tasks.o [1]
uxTopUsedPriority       0x200009a4     0x4  Data  Lc  tasks.o [1]
vApplicationIdleHook    0x0041eb7f     0x2  Code  Gb  main.o [1]
vApplicationStackOverflowHook
                        0x0041eb2f    0x10  Code  Gb  main.o [1]
vApplicationTickHook    0x0041ebd9    0x1c  Code  Gb  main.o [1]
vListInitialise         0x0041e2f5    0x1a  Code  Gb  list.o [1]
vListInitialiseItem     0x0041e30f     0x6  Code  Gb  list.o [1]
vListInsert             0x0041e331    0x34  Code  Gb  list.o [1]
vListInsertEnd          0x0041e315    0x1c  Code  Gb  list.o [1]
vListRemove             0x0041e365    0x24  Code  Gb  list.o [1]
vPortClearInterruptMask
                        0x0041eacb          Code  Gb  portasm.o [1]
vPortEnterCritical      0x0041ea29    0x10  Code  Gb  port.o [1]
vPortExitCritical       0x0041ea39    0x14  Code  Gb  port.o [1]
vPortFree               0x0041e2ef     0x2  Code  Gb  heap_1.o [1]
vPortSetInterruptMask   0x0041eabd          Code  Gb  portasm.o [1]
vPortStartFirstTask     0x0041eaf5          Code  Gb  portasm.o [1]
vPortYieldFromISR       0x0041ea1f     0xa  Code  Gb  port.o [1]
vSetMSP                 0x0041ea81          Code  Gb  portasm.o [1]
vTaskDelay              0x0041e477    0x4a  Code  Gb  tasks.o [1]
vTaskIncrementTick      0x0041e5d5    0x92  Code  Gb  tasks.o [1]
vTaskMissedYield        0x0041e845     0x8  Code  Gb  tasks.o [1]
vTaskPlaceOnEventList   0x0041e729    0x52  Code  Gb  tasks.o [1]
vTaskPriorityDisinherit
                        0x0041e973    0x3e  Code  Gb  tasks.o [1]
vTaskPriorityInherit    0x0041e917    0x5c  Code  Gb  tasks.o [1]
vTaskSetTimeOutState    0x0041e7db     0xe  Code  Gb  tasks.o [1]
vTaskStartScheduler     0x0041e4c1    0x3e  Code  Gb  tasks.o [1]
vTaskSuspendAll         0x0041e4ff     0xc  Code  Gb  tasks.o [1]
vTaskSwitchContext      0x0041e667    0xc2  Code  Gb  tasks.o [1]
validate                0x0041ca4f    0x28  Code  Lc  ff.o [1]
xDelayedTaskList1       0x2000b004    0x14  Data  Lc  tasks.o [1]
xDelayedTaskList2       0x2000b018    0x14  Data  Lc  tasks.o [1]
xHeap                   0x20000ae0  0x2c00  Data  Lc  heap_1.o [1]
xMissedYield            0x200009ac     0x4  Data  Lc  tasks.o [1]
xNextFreeByte           0x20000ad8     0x4  Data  Lc  heap_1.o [1]
xNumOfOverflows         0x2000b44c     0x4  Data  Lc  tasks.o [1]
xPendingReadyList       0x20000978    0x14  Data  Lc  tasks.o [1]
xPortStartScheduler     0x0041e9f9    0x26  Code  Gb  port.o [1]
xQueueCreate            0x0041deb1    0x64  Code  Gb  queue.o [1]
xQueueCreateMutex       0x0041df15    0x48  Code  Gb  queue.o [1]
xQueueGenericReceive    0x0041e07b   0x10e  Code  Gb  queue.o [1]
xQueueGenericSend       0x0041df5d    0xcc  Code  Gb  queue.o [1]
xQueueGenericSendFromISR
                        0x0041e029    0x52  Code  Gb  queue.o [1]
xSchedulerRunning       0x200009a8     0x4  Data  Lc  tasks.o [1]
xSuspendedTaskList      0x2000098c    0x14  Data  Lc  tasks.o [1]
xTaskCheckForTimeOut    0x0041e7eb    0x5a  Code  Gb  tasks.o [1]
xTaskGenericCreate      0x0041e389    0xee  Code  Gb  tasks.o [1]
xTaskGetCurrentTaskHandle
                        0x0041e911     0x6  Code  Gb  tasks.o [1]
xTaskGetTickCount       0x0041e5c1    0x14  Code  Gb  tasks.o [1]
xTaskRemoveFromEventList
                        0x0041e77b    0x60  Code  Gb  tasks.o [1]
xTaskResumeAll          0x0041e50b    0xb6  Code  Gb  tasks.o [1]
xTickCount              0x2000aff0     0x4  Data  Lc  tasks.o [1]
xTracing                0x200009bc     0x4  Data  Lc  tasks.o [1]


[1] = D:\Firmware\ sam3s-demo-source --username kaiser.ren@gmail.com\demo\ewp\output\debug\obj
[2] = command line
[3] = dl7M_tlf.a
[4] = libQTouchIarCfg3SRevB.a
[5] = m7M_tl.a
[6] = rt7M_tl.a

  194 740 bytes of readonly  code memory
      738 bytes of readonly  data memory
   48 326 bytes of readwrite data memory

Errors: none
Warnings: none
