******************************************************************************
             TMS320C2000 Linker PC v6.1.0                      
******************************************************************************
>> Linked Wed Mar 27 12:53:16 2013

OUTPUT FILE NAME:   <D:/Firmware/sam3s-demo-source/trunk/ sam3s-demo-source --username kaiser.ren@gmail.com/DSP2802x/v126/DSP2802x_examples/i2c_eeprom/Example_2802xI2C_eeprom/../../../DSP2802x_examples/i2c_eeprom/Debug/Example_2802xI2C_eeprom.out>
ENTRY POINT SYMBOL: "code_start"  address: 00000000


MEMORY CONFIGURATION

         name            origin    length      used     unused   attr    fill
----------------------  --------  ---------  --------  --------  ----  --------
PAGE 0:
  BEGIN                 00000000   00000002  00000002  00000000  RWIX
  RAMM0                 00000050   000003b0  000000b7  000002f9  RWIX
  PRAML0                00008000   00000fff  00000e27  000001d8  RWIX
  IQTABLES              003fe000   00000b50  00000b50  00000000  RWIX
  IQTABLES2             003feb50   0000008c  00000000  0000008c  RWIX
  IQTABLES3             003febdc   000000aa  00000000  000000aa  RWIX
  BOOTROM               003ff27c   00000d44  00000000  00000d44  RWIX
  RESET                 003fffc0   00000002  00000000  00000002  RWIX

PAGE 1:
  BOOT_RSVD             00000002   0000004e  00000000  0000004e  RWIX
  RAMM1                 00000400   00000400  00000300  00000100  RWIX
  DEV_EMU               00000880   00000105  00000004  00000101  RWIX
  SYS_PWR_CTL           00000985   00000003  00000003  00000000  RWIX
  FLASH_REGS            00000a80   00000060  00000008  00000058  RWIX
  CSM                   00000ae0   00000010  00000010  00000000  RWIX
  ADC_RESULT            00000b00   00000020  00000020  00000000  RWIX
  CPU_TIMER0            00000c00   00000008  00000008  00000000  RWIX
  CPU_TIMER1            00000c08   00000008  00000008  00000000  RWIX
  CPU_TIMER2            00000c10   00000008  00000008  00000000  RWIX
  PIE_CTRL              00000ce0   00000020  0000001a  00000006  RWIX
  PIE_VECT              00000d00   00000100  00000100  00000000  RWIX
  COMP1                 00006400   00000020  00000011  0000000f  RWIX
  COMP2                 00006420   00000020  00000011  0000000f  RWIX
  EPWM1                 00006800   00000040  0000003a  00000006  RWIX
  EPWM2                 00006840   00000040  0000003a  00000006  RWIX
  EPWM3                 00006880   00000040  0000003a  00000006  RWIX
  EPWM4                 000068c0   00000040  0000003a  00000006  RWIX
  ECAP1                 00006a00   00000020  00000020  00000000  RWIX
  GPIOCTRL              00006f80   00000040  00000040  00000000  RWIX
  GPIODAT               00006fc0   00000020  00000020  00000000  RWIX
  GPIOINT               00006fe0   00000020  0000000a  00000016  RWIX
  SYSTEM                00007010   00000020  0000001f  00000001  RWIX
  SPIA                  00007040   00000010  00000010  00000000  RWIX
  SCIA                  00007050   00000010  00000010  00000000  RWIX
  NMIINTRUPT            00007060   00000010  00000010  00000000  RWIX
  XINTRUPT              00007070   00000010  00000010  00000000  RWIX
  ADC                   00007100   00000080  00000050  00000030  RWIX
  I2CA                  00007900   00000040  00000022  0000001e  RWIX
  DRAML0                00008900   00000700  0000065a  000000a6  RWIX
  PARTID                003d7fff   00000001  00000001  00000000  RWIX
  CSM_PWL               003f7ff8   00000008  00000008  00000000  RWIX


SECTION ALLOCATION MAP

 output                                  attributes/
section   page    origin      length       input sections
--------  ----  ----------  ----------   ----------------
codestart 
*          0    00000000    00000002     
                  00000000    00000002     DSP2802x_CodeStartBranch.obj (codestart)

.pinit     0    00000050    00000000     UNINITIALIZED

.ebss      1    00000000    00000460     FAILED TO ALLOCATE
ramfuncs   0    00000050    0000001f     
                  00000050    0000001b     DSP2802x_SysCtrl.obj (ramfuncs)
                  0000006b    00000004     DSP2802x_usDelay.obj (ramfuncs)

.cinit     0    0000006f    0000001a     
                  0000006f    0000000a     rts2800_ml.lib : _lock.obj (.cinit)
                  00000079    0000000a                    : exit.obj (.cinit)
                  00000083    00000004     ad5933.obj (.cinit)
                  00000087    00000002     --HOLE-- [fill = 0]

csm_rsvd   0    00000089    00000076     
                  00000089    00000076     DSP2802x_CSMPasswords.obj (csm_rsvd)

csmpasswds 
*          0    000000ff    00000008     
                  000000ff    00000008     DSP2802x_CSMPasswords.obj (csmpasswds)

.text      0    00008000    00000d17     
                  00008000    0000020e     ad5933.obj (.text)
                  0000820e    00000170     rts2800_ml.lib : _printfi_min.obj (.text)
                  0000837e    0000012b     DSP2802x_SysCtrl.obj (.text)
                  000084a9    00000112     main.obj (.text)
                  000085bb    00000106     com.obj (.text)
                  000086c1    000000ff     DSP2802x_DefaultIsr.obj (.text:retain)
                  000087c0    00000083     rts2800_ml.lib : fd_mpy.obj (.text)
                  00008843    00000083                    : fs_div.obj (.text)
                  000088c6    00000078                    : fs_add.obj (.text)
                  0000893e    00000075     DSP2802x_CpuTimers.obj (.text)
                  000089b3    00000071     Communication.obj (.text)
                  00008a24    0000005a     rts2800_ml.lib : fs_mpy.obj (.text)
                  00008a7e    00000044                    : boot.obj (.text)
                  00008ac2    0000002f                    : sprintf.obj (.text)
                  00008af1    0000002a                    : l_div.obj (.text)
                  00008b1b    00000029                    : fs_tol.obj (.text)
                  00008b44    00000028     DSP2802x_PieCtrl.obj (.text)
                  00008b6c    00000025     DSP2802x_PieVect.obj (.text)
                  00008b91    00000025     rts2800_ml.lib : fs_toi.obj (.text)
                  00008bb6    00000022                    : i_div.obj (.text)
                  00008bd8    00000021                    : memcpy_ff.obj (.text)
                  00008bf9    0000001f                    : fd_tol.obj (.text)
                  00008c18    0000001c                    : fs_tofd.obj (.text)
                  00008c34    0000001a     DSP2802x_Sci.obj (.text)
                  00008c4e    0000001a     rts2800_ml.lib : l_tofs.obj (.text)
                  00008c68    00000019                    : args_main.obj (.text)
                  00008c81    00000019                    : exit.obj (.text)
                  00008c9a    00000017     DSP2802x_I2C.obj (.text)
                  00008cb1    00000015     DSP2802x_MemCopy.obj (.text)
                  00008cc6    00000013     DSP2802x_Gpio.obj (.text)
                  00008cd9    00000012     rts2800_ml.lib : memccpy.obj (.text)
                  00008ceb    0000000a                    : strlen.obj (.text)
                  00008cf5    00000009                    : _lock.obj (.text)
                  00008cfe    00000009                    : strcpy.obj (.text)
                  00008d07    00000008     DSP2802x_CodeStartBranch.obj (.text)
                  00008d0f    00000007     rts2800_ml.lib : memset.obj (.text)
                  00008d16    00000001     calc.obj (.text)

IQmath     0    00008d17    00000110     
                  00008d17    0000009c     IQmathLog.lib : IQ15log.obj (IQmath)
                  00008db3    00000060     IQmath.lib : IQ15mag.obj (IQmath)
                  00008e13    00000014                : IQ15toF.obj (IQmath)

IQmathTables 
*          0    003fe000    00000b50     NOLOAD SECTION
                  003fe000    00000b50     IQmath.lib : IQmathTables.obj (IQmathTables)

.reset     0    003fffc0    00000002     DSECT
                  003fffc0    00000002     rts2800_ml.lib : boot.obj (.reset)

.stack     1    00000400    00000300     UNINITIALIZED
                  00000400    00000300     --HOLE--

DevEmuRegsFile 
*          1    00000880    00000004     UNINITIALIZED
                  00000880    00000004     DSP2802x_GlobalVariableDefs.obj (DevEmuRegsFile)

SysPwrCtrlRegsFile 
*          1    00000985    00000003     UNINITIALIZED
                  00000985    00000003     DSP2802x_GlobalVariableDefs.obj (SysPwrCtrlRegsFile)

FlashRegsFile 
*          1    00000a80    00000008     UNINITIALIZED
                  00000a80    00000008     DSP2802x_GlobalVariableDefs.obj (FlashRegsFile)

CsmRegsFile 
*          1    00000ae0    00000010     UNINITIALIZED
                  00000ae0    00000010     DSP2802x_GlobalVariableDefs.obj (CsmRegsFile)

AdcResultFile 
*          1    00000b00    00000020     UNINITIALIZED
                  00000b00    00000020     DSP2802x_GlobalVariableDefs.obj (AdcResultFile)

CpuTimer0RegsFile 
*          1    00000c00    00000008     UNINITIALIZED
                  00000c00    00000008     DSP2802x_GlobalVariableDefs.obj (CpuTimer0RegsFile)

CpuTimer1RegsFile 
*          1    00000c08    00000008     UNINITIALIZED
                  00000c08    00000008     DSP2802x_GlobalVariableDefs.obj (CpuTimer1RegsFile)

CpuTimer2RegsFile 
*          1    00000c10    00000008     UNINITIALIZED
                  00000c10    00000008     DSP2802x_GlobalVariableDefs.obj (CpuTimer2RegsFile)

PieCtrlRegsFile 
*          1    00000ce0    0000001a     UNINITIALIZED
                  00000ce0    0000001a     DSP2802x_GlobalVariableDefs.obj (PieCtrlRegsFile)

PieVectTableFile 
*          1    00000d00    00000100     UNINITIALIZED
                  00000d00    00000100     DSP2802x_GlobalVariableDefs.obj (PieVectTableFile)

EmuKeyVar 
*          1    00000d00    00000001     UNINITIALIZED
                  00000d00    00000001     DSP2802x_GlobalVariableDefs.obj (EmuKeyVar)

EmuBModeVar 
*          1    00000d01    00000001     UNINITIALIZED
                  00000d01    00000001     DSP2802x_GlobalVariableDefs.obj (EmuBModeVar)

FlashCallbackVar 
*          1    00000d02    00000002     UNINITIALIZED
                  00000d02    00000002     DSP2802x_GlobalVariableDefs.obj (FlashCallbackVar)

FlashScalingVar 
*          1    00000d04    00000002     UNINITIALIZED
                  00000d04    00000002     DSP2802x_GlobalVariableDefs.obj (FlashScalingVar)

Comp1RegsFile 
*          1    00006400    00000011     UNINITIALIZED
                  00006400    00000011     DSP2802x_GlobalVariableDefs.obj (Comp1RegsFile)

Comp2RegsFile 
*          1    00006420    00000011     UNINITIALIZED
                  00006420    00000011     DSP2802x_GlobalVariableDefs.obj (Comp2RegsFile)

EPwm1RegsFile 
*          1    00006800    0000003a     UNINITIALIZED
                  00006800    0000003a     DSP2802x_GlobalVariableDefs.obj (EPwm1RegsFile)

EPwm2RegsFile 
*          1    00006840    0000003a     UNINITIALIZED
                  00006840    0000003a     DSP2802x_GlobalVariableDefs.obj (EPwm2RegsFile)

EPwm3RegsFile 
*          1    00006880    0000003a     UNINITIALIZED
                  00006880    0000003a     DSP2802x_GlobalVariableDefs.obj (EPwm3RegsFile)

EPwm4RegsFile 
*          1    000068c0    0000003a     UNINITIALIZED
                  000068c0    0000003a     DSP2802x_GlobalVariableDefs.obj (EPwm4RegsFile)

ECap1RegsFile 
*          1    00006a00    00000020     UNINITIALIZED
                  00006a00    00000020     DSP2802x_GlobalVariableDefs.obj (ECap1RegsFile)

GpioCtrlRegsFile 
*          1    00006f80    00000040     UNINITIALIZED
                  00006f80    00000040     DSP2802x_GlobalVariableDefs.obj (GpioCtrlRegsFile)

GpioDataRegsFile 
*          1    00006fc0    00000020     UNINITIALIZED
                  00006fc0    00000020     DSP2802x_GlobalVariableDefs.obj (GpioDataRegsFile)

GpioIntRegsFile 
*          1    00006fe0    0000000a     UNINITIALIZED
                  00006fe0    0000000a     DSP2802x_GlobalVariableDefs.obj (GpioIntRegsFile)

SysCtrlRegsFile 
*          1    00007010    0000001f     UNINITIALIZED
                  00007010    0000001f     DSP2802x_GlobalVariableDefs.obj (SysCtrlRegsFile)

SpiaRegsFile 
*          1    00007040    00000010     UNINITIALIZED
                  00007040    00000010     DSP2802x_GlobalVariableDefs.obj (SpiaRegsFile)

SciaRegsFile 
*          1    00007050    00000010     UNINITIALIZED
                  00007050    00000010     DSP2802x_GlobalVariableDefs.obj (SciaRegsFile)

NmiIntruptRegsFile 
*          1    00007060    00000010     UNINITIALIZED
                  00007060    00000010     DSP2802x_GlobalVariableDefs.obj (NmiIntruptRegsFile)

XIntruptRegsFile 
*          1    00007070    00000010     UNINITIALIZED
                  00007070    00000010     DSP2802x_GlobalVariableDefs.obj (XIntruptRegsFile)

AdcRegsFile 
*          1    00007100    00000050     UNINITIALIZED
                  00007100    00000050     DSP2802x_GlobalVariableDefs.obj (AdcRegsFile)

I2caRegsFile 
*          1    00007900    00000022     UNINITIALIZED
                  00007900    00000022     DSP2802x_GlobalVariableDefs.obj (I2caRegsFile)

.econst    1    00008900    0000065a     
                  00008900    000003fe     calc.obj (.econst:_mag_ref)
                  00008cfe    00000100     DSP2802x_PieVect.obj (.econst)
                  00008dfe    000000a4     main.obj (.econst:.string)
                  00008ea2    0000008d     ad5933.obj (.econst:.string)
                  00008f2f    00000001     --HOLE-- [fill = 0]
                  00008f30    00000014     rts2800_ml.lib : _printfi_min.obj (.econst:.string)
                  00008f44    00000007     main.obj (.econst:_ledArray)
                  00008f4b    00000001     --HOLE-- [fill = 0]
                  00008f4c    00000005     com.obj (.econst:.string)
                  00008f51    00000004     main.obj (.econst:_encoderArray)
                  00008f55    00000001     --HOLE-- [fill = 0]
                  00008f56    00000004     ad5933.obj (.econst)

PartIdRegsFile 
*          1    003d7fff    00000001     UNINITIALIZED
                  003d7fff    00000001     DSP2802x_GlobalVariableDefs.obj (PartIdRegsFile)

CsmPwlFile 
*          1    003f7ff8    00000008     UNINITIALIZED
                  003f7ff8    00000008     DSP2802x_GlobalVariableDefs.obj (CsmPwlFile)


GLOBAL SYMBOLS: SORTED ALPHABETICALLY BY Name 

address    name
--------   ----
00008000   .text
00008c81   C$$EXIT
000087c0   FD$$MPY
00008bf9   FD$$TOL
000088cb   FS$$ADD
00008843   FS$$DIV
00008a24   FS$$MPY
000088c6   FS$$SUB
00008c18   FS$$TOFD
00008b91   FS$$TOI
00008b1b   FS$$TOL
00008bb6   I$$DIV
00008bc7   I$$MOD
00008af1   L$$DIV
00008b00   L$$MOD
00008c4e   L$$TOFS
00008b0e   UL$$DIV
00008b15   UL$$MOD
00008720   _ADCINT1_ISR
00008725   _ADCINT2_ISR
0000878e   _ADCINT3_ISR
00008793   _ADCINT4_ISR
00008798   _ADCINT5_ISR
0000879d   _ADCINT6_ISR
000087a2   _ADCINT7_ISR
000087a7   _ADCINT8_ISR
00008734   _ADCINT9_ISR
00007100   _AdcRegs
00000b00   _AdcResult
00006400   _Comp1Regs
00006420   _Comp2Regs
0000897f   _ConfigCpuTimer
00000450   _CpuTimer0
00000c00   _CpuTimer0Regs
00000440   _CpuTimer1
00000c08   _CpuTimer1Regs
00000448   _CpuTimer2
00000c10   _CpuTimer2Regs
003f7ff8   _CsmPwl
00000ae0   _CsmRegs
0000842c   _CsmUnlock
000086cb   _DATALOG_ISR
0000006b   _DSP28x_usDelay
00000880   _DevEmuRegs
000083a2   _DisableDog
0000876b   _ECAP1_INT_ISR
00006a00   _ECap1Regs
000087b1   _EMPTY_ISR
000086d5   _EMUINT_ISR
00008757   _EPWM1_INT_ISR
00008743   _EPWM1_TZINT_ISR
0000875c   _EPWM2_INT_ISR
00008748   _EPWM2_TZINT_ISR
00008761   _EPWM3_INT_ISR
0000874d   _EPWM3_TZINT_ISR
00008766   _EPWM4_INT_ISR
00008752   _EPWM4_TZINT_ISR
00006800   _EPwm1Regs
00006840   _EPwm2Regs
00006880   _EPwm3Regs
000068c0   _EPwm4Regs
00000d01   _EmuBMode
00000d00   _EmuKey
00008b63   _EnableInterrupts
00008493   _ExtOscSel
00000a80   _FlashRegs
00000d04   _Flash_CPUScaleFactor
00000d02   _Flash_CallbackPtr
00008633   _FloatToString
0000858d   _GPIOx_Clear
00008557   _GPIOx_Init
00008571   _GPIOx_Set
00006f80   _GpioCtrlRegs
00006fc0   _GpioDataRegs
00006fe0   _GpioIntRegs
0000877a   _I2CINT1A_ISR
0000877f   _I2CINT2A_ISR
000089b3   _I2C_Init
000089ff   _I2C_Read
000089c4   _I2C_Write
00007900   _I2caRegs
000086df   _ILLEGAL_ISR
000086c1   _INT13_ISR
000086c6   _INT14_ISR
003fead8   _IQ10mpyRndSatTable
003feacc   _IQ11mpyRndSatTable
003feac0   _IQ12mpyRndSatTable
003feab4   _IQ13mpyRndSatTable
003feaa8   _IQ14mpyRndSatTable
003fea9c   _IQ15mpyRndSatTable
003fea90   _IQ16mpyRndSatTable
003fea84   _IQ17mpyRndSatTable
003fea78   _IQ18mpyRndSatTable
003fea6c   _IQ19mpyRndSatTable
003feb44   _IQ1mpyRndSatTable
003fea60   _IQ20mpyRndSatTable
003fea54   _IQ21mpyRndSatTable
003fea48   _IQ22mpyRndSatTable
003fea3c   _IQ23mpyRndSatTable
003fea30   _IQ24mpyRndSatTable
003fea24   _IQ25mpyRndSatTable
003fea18   _IQ26mpyRndSatTable
003fea0c   _IQ27mpyRndSatTable
003fea00   _IQ28mpyRndSatTable
003fe9f4   _IQ29mpyRndSatTable
003feb38   _IQ2mpyRndSatTable
003fe9e8   _IQ30mpyRndSatTable
003feb2c   _IQ3mpyRndSatTable
003feb20   _IQ4mpyRndSatTable
003feb14   _IQ5mpyRndSatTable
003feb08   _IQ6mpyRndSatTable
003feafc   _IQ7mpyRndSatTable
003feaf0   _IQ8mpyRndSatTable
003feae4   _IQ9mpyRndSatTable
003fe824   _IQatan2HalfPITable
003fe862   _IQatan2Table
003fe9e8   _IQatan2TableEnd
003fe100   _IQcosTable
003fe502   _IQcosTableEnd
003fe502   _IQdivRoundSatTable
003fe510   _IQdivTable
003fe712   _IQdivTableEnd
003fe712   _IQisqrtRoundSatTable
003fe722   _IQisqrtTable
003fe824   _IQisqrtTableEnd
003fe9e8   _IQmpyRndSatTable
003feb50   _IQmpyRndSatTableEnd
003fe000   _IQsinTable
003fe400   _IQsinTableEnd
003fe712   _IQsqrtRoundSatTable
003fe722   _IQsqrtTable
003fe824   _IQsqrtTableEnd
0000893e   _InitCpuTimers
00000050   _InitFlash
00008cc6   _InitGpio
00008c9a   _InitI2C
00008c9b   _InitI2CGpio
000083fa   _InitPeripheralClocks
00008b44   _InitPieCtrl
00008b6c   _InitPieVectTable
000083aa   _InitPll
00008c34   _InitSci
00008c35   _InitSciGpio
00008c38   _InitSciaGpio
0000837e   _InitSysCtrl
0000845d   _IntOsc1Sel
0000846d   _IntOsc2Sel
00008cb1   _MemCopy
000086da   _NMI_ISR
00007060   _NmiIntruptRegs
000087b6   _PIE_RESERVED
003d7fff   _PartIdRegs
00000ce0   _PieCtrlRegs
00000d00   _PieVectTable
00008cfe   _PieVectTableInit
000086d0   _RTOSINT_ISR
00008784   _SCIRXINTA_ISR
00008789   _SCITXINTA_ISR
00008770   _SPIRXINTA_ISR
00008775   _SPITXINTA_ISR
00007050   _SciaRegs
00008398   _ServiceDog
00007040   _SpiaRegs
00007010   _SysCtrlRegs
00000985   _SysPwrCtrlRegs
00008739   _TINT0_ISR
00008711   _USER10_ISR
00008716   _USER11_ISR
0000871b   _USER12_ISR
000086e4   _USER1_ISR
000086e9   _USER2_ISR
000086ee   _USER3_ISR
000086f3   _USER4_ISR
000086f8   _USER5_ISR
000086fd   _USER6_ISR
00008702   _USER7_ISR
00008707   _USER8_ISR
0000870c   _USER9_ISR
0000873e   _WAKEINT_ISR
0000872a   _XINT1_ISR
0000872f   _XINT2_ISR
000087ac   _XINT3_ISR
00007070   _XIntruptRegs
0000847f   _XtalOscSel
00008d17   __IQ15log
00008db3   __IQ15mag
00008e13   __IQ15toF
00000700   __STACK_END
00000300   __STACK_SIZE
00000001   __TI_args_main
ffffffff   ___binit__
ffffffff   ___c_args__
0000006f   ___cinit__
00008d17   ___etext__
00008bd8   ___memcpy_ff
ffffffff   ___pinit__
00008000   ___text__
00008c68   __args_main
0000045c   __cleanup_ptr
0000045e   __dtors_ptr
0000045a   __lock
00008cfd   __nop
00008324   __printfi_minimal
00008cf9   __register_lock
00008cf5   __register_unlock
00000400   __stack
00000458   __unlock
00008c81   _abort
00008000   _ad5933_init
00008057   _ad5933_mode
00008066   _ad5933_sweep
00000000   _ad5933_temp
000081e5   _ad5993_GetTemperature
0000805f   _ad5993_status
000085a9   _button_init
00008a7e   _c_int00
00000040   _diff_array
00000004   _diff_average
00000002   _diff_variance
00008f51   _encoderArray
00008c83   _exit
00008f44   _ledArray
000084ed   _led_init
0000853b   _led_off
0000851f   _led_on
00008900   _mag_ref
00000006   _magnitude
000084a9   _main
00008cd9   _memccpy
00008d0f   _memset
00008d16   _modular_operate
000087bb   _rsvd_ISR
0000860d   _scia_Byte2Hex
0000862e   _scia_PrintLF
000085c3   _scia_echoback_init
000085bb   _scia_fifo_init
000085e3   _scia_msg
000085f8   _scia_read
000085d7   _scia_xmit
00008ac2   _sprintf
00008cfe   _strcpy
00008ceb   _strlen
ffffffff   binit
0000006f   cinit
00000000   code_start
00008d17   etext
ffffffff   pinit


GLOBAL SYMBOLS: SORTED BY Symbol Address 

address    name
--------   ----
00000000   _ad5933_temp
00000000   code_start
00000001   __TI_args_main
00000002   _diff_variance
00000004   _diff_average
00000006   _magnitude
00000040   _diff_array
00000050   _InitFlash
0000006b   _DSP28x_usDelay
0000006f   ___cinit__
0000006f   cinit
00000300   __STACK_SIZE
00000400   __stack
00000440   _CpuTimer1
00000448   _CpuTimer2
00000450   _CpuTimer0
00000458   __unlock
0000045a   __lock
0000045c   __cleanup_ptr
0000045e   __dtors_ptr
00000700   __STACK_END
00000880   _DevEmuRegs
00000985   _SysPwrCtrlRegs
00000a80   _FlashRegs
00000ae0   _CsmRegs
00000b00   _AdcResult
00000c00   _CpuTimer0Regs
00000c08   _CpuTimer1Regs
00000c10   _CpuTimer2Regs
00000ce0   _PieCtrlRegs
00000d00   _EmuKey
00000d00   _PieVectTable
00000d01   _EmuBMode
00000d02   _Flash_CallbackPtr
00000d04   _Flash_CPUScaleFactor
00006400   _Comp1Regs
00006420   _Comp2Regs
00006800   _EPwm1Regs
00006840   _EPwm2Regs
00006880   _EPwm3Regs
000068c0   _EPwm4Regs
00006a00   _ECap1Regs
00006f80   _GpioCtrlRegs
00006fc0   _GpioDataRegs
00006fe0   _GpioIntRegs
00007010   _SysCtrlRegs
00007040   _SpiaRegs
00007050   _SciaRegs
00007060   _NmiIntruptRegs
00007070   _XIntruptRegs
00007100   _AdcRegs
00007900   _I2caRegs
00008000   .text
00008000   ___text__
00008000   _ad5933_init
00008057   _ad5933_mode
0000805f   _ad5993_status
00008066   _ad5933_sweep
000081e5   _ad5993_GetTemperature
00008324   __printfi_minimal
0000837e   _InitSysCtrl
00008398   _ServiceDog
000083a2   _DisableDog
000083aa   _InitPll
000083fa   _InitPeripheralClocks
0000842c   _CsmUnlock
0000845d   _IntOsc1Sel
0000846d   _IntOsc2Sel
0000847f   _XtalOscSel
00008493   _ExtOscSel
000084a9   _main
000084ed   _led_init
0000851f   _led_on
0000853b   _led_off
00008557   _GPIOx_Init
00008571   _GPIOx_Set
0000858d   _GPIOx_Clear
000085a9   _button_init
000085bb   _scia_fifo_init
000085c3   _scia_echoback_init
000085d7   _scia_xmit
000085e3   _scia_msg
000085f8   _scia_read
0000860d   _scia_Byte2Hex
0000862e   _scia_PrintLF
00008633   _FloatToString
000086c1   _INT13_ISR
000086c6   _INT14_ISR
000086cb   _DATALOG_ISR
000086d0   _RTOSINT_ISR
000086d5   _EMUINT_ISR
000086da   _NMI_ISR
000086df   _ILLEGAL_ISR
000086e4   _USER1_ISR
000086e9   _USER2_ISR
000086ee   _USER3_ISR
000086f3   _USER4_ISR
000086f8   _USER5_ISR
000086fd   _USER6_ISR
00008702   _USER7_ISR
00008707   _USER8_ISR
0000870c   _USER9_ISR
00008711   _USER10_ISR
00008716   _USER11_ISR
0000871b   _USER12_ISR
00008720   _ADCINT1_ISR
00008725   _ADCINT2_ISR
0000872a   _XINT1_ISR
0000872f   _XINT2_ISR
00008734   _ADCINT9_ISR
00008739   _TINT0_ISR
0000873e   _WAKEINT_ISR
00008743   _EPWM1_TZINT_ISR
00008748   _EPWM2_TZINT_ISR
0000874d   _EPWM3_TZINT_ISR
00008752   _EPWM4_TZINT_ISR
00008757   _EPWM1_INT_ISR
0000875c   _EPWM2_INT_ISR
00008761   _EPWM3_INT_ISR
00008766   _EPWM4_INT_ISR
0000876b   _ECAP1_INT_ISR
00008770   _SPIRXINTA_ISR
00008775   _SPITXINTA_ISR
0000877a   _I2CINT1A_ISR
0000877f   _I2CINT2A_ISR
00008784   _SCIRXINTA_ISR
00008789   _SCITXINTA_ISR
0000878e   _ADCINT3_ISR
00008793   _ADCINT4_ISR
00008798   _ADCINT5_ISR
0000879d   _ADCINT6_ISR
000087a2   _ADCINT7_ISR
000087a7   _ADCINT8_ISR
000087ac   _XINT3_ISR
000087b1   _EMPTY_ISR
000087b6   _PIE_RESERVED
000087bb   _rsvd_ISR
000087c0   FD$$MPY
00008843   FS$$DIV
000088c6   FS$$SUB
000088cb   FS$$ADD
00008900   _mag_ref
0000893e   _InitCpuTimers
0000897f   _ConfigCpuTimer
000089b3   _I2C_Init
000089c4   _I2C_Write
000089ff   _I2C_Read
00008a24   FS$$MPY
00008a7e   _c_int00
00008ac2   _sprintf
00008af1   L$$DIV
00008b00   L$$MOD
00008b0e   UL$$DIV
00008b15   UL$$MOD
00008b1b   FS$$TOL
00008b44   _InitPieCtrl
00008b63   _EnableInterrupts
00008b6c   _InitPieVectTable
00008b91   FS$$TOI
00008bb6   I$$DIV
00008bc7   I$$MOD
00008bd8   ___memcpy_ff
00008bf9   FD$$TOL
00008c18   FS$$TOFD
00008c34   _InitSci
00008c35   _InitSciGpio
00008c38   _InitSciaGpio
00008c4e   L$$TOFS
00008c68   __args_main
00008c81   C$$EXIT
00008c81   _abort
00008c83   _exit
00008c9a   _InitI2C
00008c9b   _InitI2CGpio
00008cb1   _MemCopy
00008cc6   _InitGpio
00008cd9   _memccpy
00008ceb   _strlen
00008cf5   __register_unlock
00008cf9   __register_lock
00008cfd   __nop
00008cfe   _PieVectTableInit
00008cfe   _strcpy
00008d0f   _memset
00008d16   _modular_operate
00008d17   __IQ15log
00008d17   ___etext__
00008d17   etext
00008db3   __IQ15mag
00008e13   __IQ15toF
00008f44   _ledArray
00008f51   _encoderArray
003d7fff   _PartIdRegs
003f7ff8   _CsmPwl
003fe000   _IQsinTable
003fe100   _IQcosTable
003fe400   _IQsinTableEnd
003fe502   _IQcosTableEnd
003fe502   _IQdivRoundSatTable
003fe510   _IQdivTable
003fe712   _IQdivTableEnd
003fe712   _IQisqrtRoundSatTable
003fe712   _IQsqrtRoundSatTable
003fe722   _IQisqrtTable
003fe722   _IQsqrtTable
003fe824   _IQatan2HalfPITable
003fe824   _IQisqrtTableEnd
003fe824   _IQsqrtTableEnd
003fe862   _IQatan2Table
003fe9e8   _IQ30mpyRndSatTable
003fe9e8   _IQatan2TableEnd
003fe9e8   _IQmpyRndSatTable
003fe9f4   _IQ29mpyRndSatTable
003fea00   _IQ28mpyRndSatTable
003fea0c   _IQ27mpyRndSatTable
003fea18   _IQ26mpyRndSatTable
003fea24   _IQ25mpyRndSatTable
003fea30   _IQ24mpyRndSatTable
003fea3c   _IQ23mpyRndSatTable
003fea48   _IQ22mpyRndSatTable
003fea54   _IQ21mpyRndSatTable
003fea60   _IQ20mpyRndSatTable
003fea6c   _IQ19mpyRndSatTable
003fea78   _IQ18mpyRndSatTable
003fea84   _IQ17mpyRndSatTable
003fea90   _IQ16mpyRndSatTable
003fea9c   _IQ15mpyRndSatTable
003feaa8   _IQ14mpyRndSatTable
003feab4   _IQ13mpyRndSatTable
003feac0   _IQ12mpyRndSatTable
003feacc   _IQ11mpyRndSatTable
003fead8   _IQ10mpyRndSatTable
003feae4   _IQ9mpyRndSatTable
003feaf0   _IQ8mpyRndSatTable
003feafc   _IQ7mpyRndSatTable
003feb08   _IQ6mpyRndSatTable
003feb14   _IQ5mpyRndSatTable
003feb20   _IQ4mpyRndSatTable
003feb2c   _IQ3mpyRndSatTable
003feb38   _IQ2mpyRndSatTable
003feb44   _IQ1mpyRndSatTable
003feb50   _IQmpyRndSatTableEnd
ffffffff   ___binit__
ffffffff   ___c_args__
ffffffff   ___pinit__
ffffffff   binit
ffffffff   pinit

[247 symbols]
