******************************************************************************
             TMS320C2000 Linker PC v6.1.0                      
******************************************************************************
>> Linked Sat Feb 23 14:18:35 2013

OUTPUT FILE NAME:   <Example_F2802xLaunchPad_demo.out>
ENTRY POINT SYMBOL: "code_start"  address: 003f7ff6


MEMORY CONFIGURATION

         name            origin    length      used     unused   attr    fill
----------------------  --------  ---------  --------  --------  ----  --------
PAGE 0:
  PRAML0                00008000   00000800  00000004  000007fc  RWIX
  OTP                   003d7800   00000400  00000000  00000400  RWIX
  FLASHD                003f0000   00002000  00000000  00002000  RWIX
  FLASHC                003f2000   00002000  00000000  00002000  RWIX
  FLASHA                003f6000   00001f80  0000083d  00001743  RWIX
  CSM_RSVD              003f7f80   00000076  00000000  00000076  RWIX
  BEGIN                 003f7ff6   00000002  00000002  00000000  RWIX
  CSM_PWL_P0            003f7ff8   00000008  00000000  00000008  RWIX
  IQTABLES              003fe000   00000b50  00000000  00000b50  RWIX
  IQTABLES2             003feb50   0000008c  00000000  0000008c  RWIX
  IQTABLES3             003febdc   000000aa  00000000  000000aa  RWIX
  ROM                   003ff27c   00000d44  00000000  00000d44  RWIX
  RESET                 003fffc0   00000002  00000000  00000002  RWIX
  VECTORS               003fffc2   0000003e  00000000  0000003e  RWIX

PAGE 1:
  BOOT_RSVD             00000000   00000050  00000000  00000050  RWIX
  RAMM0                 00000050   000003b0  00000300  000000b0  RWIX
  RAMM1                 00000400   00000400  00000000  00000400  RWIX
  DEV_EMU               00000880   00000105  00000004  00000101  RWIX
  SYS_PWR_CTL           00000985   00000003  00000003  00000000  RWIX
  FLASH_REGS            00000a80   00000060  00000008  00000058  RWIX
  CSM                   00000ae0   00000010  00000010  00000000  RWIX
  ADC_RESULT            00000b00   00000020  00000020  00000000  RWIX
  CPU_TIMER0            00000c00   00000008  00000008  00000000  RWIX
  CPU_TIMER1            00000c08   00000008  00000008  00000000  RWIX
  CPU_TIMER2            00000c10   00000008  00000008  00000000  RWIX
  PIE_CTRL              00000ce0   00000020  0000001a  00000006  RWIX
  PIE_VECT              00000d00   00000100  00000100  00000000  RWIX
  COMP1                 00006400   00000020  00000011  0000000f  RWIX
  COMP2                 00006420   00000020  00000011  0000000f  RWIX
  EPWM1                 00006800   00000040  00000040  00000000  RWIX
  EPWM2                 00006840   00000040  00000040  00000000  RWIX
  EPWM3                 00006880   00000040  00000040  00000000  RWIX
  EPWM4                 000068c0   00000040  00000040  00000000  RWIX
  ECAP1                 00006a00   00000020  00000020  00000000  RWIX
  GPIOCTRL              00006f80   00000040  00000040  00000000  RWIX
  GPIODAT               00006fc0   00000020  00000020  00000000  RWIX
  GPIOINT               00006fe0   00000020  0000000a  00000016  RWIX
  SYSTEM                00007010   00000020  0000001f  00000001  RWIX
  SPIA                  00007040   00000010  00000010  00000000  RWIX
  SCIA                  00007050   00000010  00000010  00000000  RWIX
  NMIINTRUPT            00007060   00000010  00000010  00000000  RWIX
  XINTRUPT              00007070   00000010  00000010  00000000  RWIX
  ADC                   00007100   00000080  00000051  0000002f  RWIX
  I2CA                  00007900   00000040  00000022  0000001e  RWIX
  DRAML0                00008800   00000800  00000460  000003a0  RWIX
  PARTID                003d7fff   00000001  00000001  00000000  RWIX
  FLASHB                003f4000   00002000  00000000  00002000  RWIX
  CSM_PWL               003f7ff8   00000008  00000008  00000000  RWIX


SECTION ALLOCATION MAP

 output                                  attributes/
section   page    origin      length       input sections
--------  ----  ----------  ----------   ----------------
.pinit     0    003f6000    00000000     UNINITIALIZED

.econst    0    003f6000    000001bf     
                  003f6000    00000100     F2802x_PieVect.obj (.econst)
                  003f6100    000000b4     main.obj (.econst:.string)
                  003f61b4    00000007     ad5933.obj (.econst:.string)
                  003f61bb    00000001     --HOLE-- [fill = 0]
                  003f61bc    00000003     com.obj (.econst:.string)

ramfuncs   0    003f61bf    00000004     RUN ADDR = 00008000
                  003f61bf    00000004     F2802x_usDelay.obj (ramfuncs)

.text      0    003f61c3    00000660     
                  003f61c3    00000078     rts2800_ml.lib : fs_add.obj (.text)
                  003f623b    0000006d     ad5933.obj (.text:_ad5933_sweep)
                  003f62a8    0000005a     rts2800_ml.lib : fs_mpy.obj (.text)
                  003f6302    00000056     main.obj (.text:_main)
                  003f6358    0000004b     F2802x_SysCtrl.obj (.text:_InitPll)
                  003f63a3    00000044     rts2800_ml.lib : boot.obj (.text)
                  003f63e7    0000003d     ad5933.obj (.text:_ad5933_init)
                  003f6424    00000034     Communication.obj (.text:_I2C_Write)
                  003f6458    00000032     F2802x_SysCtrl.obj (.text:_InitPeripheralClocks)
                  003f648a    0000002a     rts2800_ml.lib : l_div.obj (.text)
                  003f64b4    00000029                    : fs_tol.obj (.text)
                  003f64dd    00000027     ad5933.obj (.text:_ad5993_GetTemperature)
                  003f6504    00000025     rts2800_ml.lib : fs_toi.obj (.text)
                  003f6529    00000022                    : i_div.obj (.text)
                  003f654b    0000001f     Communication.obj (.text:_I2C_Read)
                  003f656a    0000001f     F2802x_PieCtrl.obj (.text:_InitPieCtrl)
                  003f6589    0000001c     com.obj (.text:_scia_Byte2Hex)
                  003f65a5    0000001a     F2802x_SysCtrl.obj (.text:_InitSysCtrl)
                  003f65bf    0000001a     rts2800_ml.lib : l_tofs.obj (.text)
                  003f65d9    00000019     main.obj (.text:_led_off)
                  003f65f2    00000019     main.obj (.text:_led_on)
                  003f660b    00000019     rts2800_ml.lib : args_main.obj (.text)
                  003f6624    00000019                    : exit.obj (.text)
                  003f663d    00000018     F2802x_I2C.obj (.text:_InitI2CGpio)
                  003f6655    00000016     F2802x_Sci.obj (.text:_InitSciaGpio)
                  003f666b    00000016     main.obj (.text:_led_init)
                  003f6681    00000016     com.obj (.text:_scia_msg)
                  003f6697    00000014     F2802x_PieVect.obj (.text:_InitPieVectTable)
                  003f66ab    00000014     com.obj (.text:_scia_echoback_init)
                  003f66bf    00000011     Communication.obj (.text:_I2C_Init)
                  003f66d0    00000010     F2802x_SysCtrl.obj (.text:_IntOsc1Sel)
                  003f66e0    0000000c     main.obj (.text:_button_init)
                  003f66ec    00000009     rts2800_ml.lib : _lock.obj (.text)
                  003f66f5    00000008     F2802x_CodeStartBranch.obj (.text)
                  003f66fd    00000008     F2802x_SysCtrl.obj (.text:_DisableDog)
                  003f6705    00000008     com.obj (.text:_scia_fifo_init)
                  003f670d    00000007     com.obj (.text:_btoh)
                  003f6714    00000007     com.obj (.text:_scia_xmit)
                  003f671b    00000005     F2802x_DefaultIsr.obj (.text:_ADCINT1_ISR)
                  003f6720    00000005     F2802x_DefaultIsr.obj (.text:_ADCINT2_ISR)
                  003f6725    00000005     F2802x_DefaultIsr.obj (.text:_ADCINT3_ISR)
                  003f672a    00000005     F2802x_DefaultIsr.obj (.text:_ADCINT4_ISR)
                  003f672f    00000005     F2802x_DefaultIsr.obj (.text:_ADCINT5_ISR)
                  003f6734    00000005     F2802x_DefaultIsr.obj (.text:_ADCINT6_ISR)
                  003f6739    00000005     F2802x_DefaultIsr.obj (.text:_ADCINT7_ISR)
                  003f673e    00000005     F2802x_DefaultIsr.obj (.text:_ADCINT8_ISR)
                  003f6743    00000005     F2802x_DefaultIsr.obj (.text:_ADCINT9_ISR)
                  003f6748    00000005     F2802x_DefaultIsr.obj (.text:_DATALOG_ISR)
                  003f674d    00000005     F2802x_DefaultIsr.obj (.text:_ECAP1_INT_ISR)
                  003f6752    00000005     F2802x_DefaultIsr.obj (.text:_EMUINT_ISR)
                  003f6757    00000005     F2802x_DefaultIsr.obj (.text:_EPWM1_INT_ISR)
                  003f675c    00000005     F2802x_DefaultIsr.obj (.text:_EPWM1_TZINT_ISR)
                  003f6761    00000005     F2802x_DefaultIsr.obj (.text:_EPWM2_INT_ISR)
                  003f6766    00000005     F2802x_DefaultIsr.obj (.text:_EPWM2_TZINT_ISR)
                  003f676b    00000005     F2802x_DefaultIsr.obj (.text:_EPWM3_INT_ISR)
                  003f6770    00000005     F2802x_DefaultIsr.obj (.text:_EPWM3_TZINT_ISR)
                  003f6775    00000005     F2802x_DefaultIsr.obj (.text:_EPWM4_INT_ISR)
                  003f677a    00000005     F2802x_DefaultIsr.obj (.text:_EPWM4_TZINT_ISR)
                  003f677f    00000005     F2802x_DefaultIsr.obj (.text:_I2CINT1A_ISR)
                  003f6784    00000005     F2802x_DefaultIsr.obj (.text:_I2CINT2A_ISR)
                  003f6789    00000005     F2802x_DefaultIsr.obj (.text:_ILLEGAL_ISR)
                  003f678e    00000005     F2802x_DefaultIsr.obj (.text:_INT13_ISR)
                  003f6793    00000005     F2802x_DefaultIsr.obj (.text:_INT14_ISR)
                  003f6798    00000005     F2802x_DefaultIsr.obj (.text:_NMI_ISR)
                  003f679d    00000005     F2802x_DefaultIsr.obj (.text:_PIE_RESERVED)
                  003f67a2    00000005     F2802x_DefaultIsr.obj (.text:_RTOSINT_ISR)
                  003f67a7    00000005     F2802x_DefaultIsr.obj (.text:_SCIRXINTA_ISR)
                  003f67ac    00000005     F2802x_DefaultIsr.obj (.text:_SCITXINTA_ISR)
                  003f67b1    00000005     F2802x_DefaultIsr.obj (.text:_SPIRXINTA_ISR)
                  003f67b6    00000005     F2802x_DefaultIsr.obj (.text:_SPITXINTA_ISR)
                  003f67bb    00000005     F2802x_DefaultIsr.obj (.text:_TINT0_ISR)
                  003f67c0    00000005     F2802x_DefaultIsr.obj (.text:_USER10_ISR)
                  003f67c5    00000005     F2802x_DefaultIsr.obj (.text:_USER11_ISR)
                  003f67ca    00000005     F2802x_DefaultIsr.obj (.text:_USER12_ISR)
                  003f67cf    00000005     F2802x_DefaultIsr.obj (.text:_USER1_ISR)
                  003f67d4    00000005     F2802x_DefaultIsr.obj (.text:_USER2_ISR)
                  003f67d9    00000005     F2802x_DefaultIsr.obj (.text:_USER3_ISR)
                  003f67de    00000005     F2802x_DefaultIsr.obj (.text:_USER4_ISR)
                  003f67e3    00000005     F2802x_DefaultIsr.obj (.text:_USER5_ISR)
                  003f67e8    00000005     F2802x_DefaultIsr.obj (.text:_USER6_ISR)
                  003f67ed    00000005     F2802x_DefaultIsr.obj (.text:_USER7_ISR)
                  003f67f2    00000005     F2802x_DefaultIsr.obj (.text:_USER8_ISR)
                  003f67f7    00000005     F2802x_DefaultIsr.obj (.text:_USER9_ISR)
                  003f67fc    00000005     F2802x_DefaultIsr.obj (.text:_WAKEINT_ISR)
                  003f6801    00000005     F2802x_DefaultIsr.obj (.text:_XINT1_ISR)
                  003f6806    00000005     F2802x_DefaultIsr.obj (.text:_XINT2_ISR)
                  003f680b    00000005     F2802x_DefaultIsr.obj (.text:_XINT3_ISR)
                  003f6810    00000005     ad5933.obj (.text:_ad5933_mode)
                  003f6815    00000005     F2802x_DefaultIsr.obj (.text:_rsvd_ISR)
                  003f681a    00000005     com.obj (.text:_scia_PrintLF)
                  003f681f    00000004     ad5933.obj (.text:_ad5993_status)

.cinit     0    003f6823    0000001a     
                  003f6823    0000000a     rts2800_ml.lib : _lock.obj (.cinit)
                  003f682d    0000000a                    : exit.obj (.cinit)
                  003f6837    00000004     ad5933.obj (.cinit)
                  003f683b    00000002     --HOLE-- [fill = 0]

codestart 
*          0    003f7ff6    00000002     
                  003f7ff6    00000002     F2802x_CodeStartBranch.obj (codestart)

.reset     0    003fffc0    00000002     DSECT
                  003fffc0    00000002     rts2800_ml.lib : boot.obj (.reset)

vectors    0    003fffc2    00000000     DSECT

.stack     1    00000050    00000300     UNINITIALIZED
                  00000050    00000300     --HOLE--

DevEmuRegsFile 
*          1    00000880    00000004     UNINITIALIZED
                  00000880    00000004     F2802x_GlobalVariableDefs.obj (DevEmuRegsFile)

SysPwrCtrlRegsFile 
*          1    00000985    00000003     UNINITIALIZED
                  00000985    00000003     F2802x_GlobalVariableDefs.obj (SysPwrCtrlRegsFile)

FlashRegsFile 
*          1    00000a80    00000008     UNINITIALIZED
                  00000a80    00000008     F2802x_GlobalVariableDefs.obj (FlashRegsFile)

CsmRegsFile 
*          1    00000ae0    00000010     UNINITIALIZED
                  00000ae0    00000010     F2802x_GlobalVariableDefs.obj (CsmRegsFile)

AdcResultFile 
*          1    00000b00    00000020     UNINITIALIZED
                  00000b00    00000020     F2802x_GlobalVariableDefs.obj (AdcResultFile)

CpuTimer0RegsFile 
*          1    00000c00    00000008     UNINITIALIZED
                  00000c00    00000008     F2802x_GlobalVariableDefs.obj (CpuTimer0RegsFile)

CpuTimer1RegsFile 
*          1    00000c08    00000008     UNINITIALIZED
                  00000c08    00000008     F2802x_GlobalVariableDefs.obj (CpuTimer1RegsFile)

CpuTimer2RegsFile 
*          1    00000c10    00000008     UNINITIALIZED
                  00000c10    00000008     F2802x_GlobalVariableDefs.obj (CpuTimer2RegsFile)

PieCtrlRegsFile 
*          1    00000ce0    0000001a     UNINITIALIZED
                  00000ce0    0000001a     F2802x_GlobalVariableDefs.obj (PieCtrlRegsFile)

PieVectTableFile 
*          1    00000d00    00000100     UNINITIALIZED
                  00000d00    00000100     F2802x_GlobalVariableDefs.obj (PieVectTableFile)

EmuKeyVar 
*          1    00000d00    00000001     UNINITIALIZED
                  00000d00    00000001     F2802x_GlobalVariableDefs.obj (EmuKeyVar)

EmuBModeVar 
*          1    00000d01    00000001     UNINITIALIZED
                  00000d01    00000001     F2802x_GlobalVariableDefs.obj (EmuBModeVar)

FlashCallbackVar 
*          1    00000d02    00000002     UNINITIALIZED
                  00000d02    00000002     F2802x_GlobalVariableDefs.obj (FlashCallbackVar)

FlashScalingVar 
*          1    00000d04    00000002     UNINITIALIZED
                  00000d04    00000002     F2802x_GlobalVariableDefs.obj (FlashScalingVar)

Comp1RegsFile 
*          1    00006400    00000011     UNINITIALIZED
                  00006400    00000011     F2802x_GlobalVariableDefs.obj (Comp1RegsFile)

Comp2RegsFile 
*          1    00006420    00000011     UNINITIALIZED
                  00006420    00000011     F2802x_GlobalVariableDefs.obj (Comp2RegsFile)

EPwm1RegsFile 
*          1    00006800    00000040     UNINITIALIZED
                  00006800    00000040     F2802x_GlobalVariableDefs.obj (EPwm1RegsFile)

EPwm2RegsFile 
*          1    00006840    00000040     UNINITIALIZED
                  00006840    00000040     F2802x_GlobalVariableDefs.obj (EPwm2RegsFile)

EPwm3RegsFile 
*          1    00006880    00000040     UNINITIALIZED
                  00006880    00000040     F2802x_GlobalVariableDefs.obj (EPwm3RegsFile)

EPwm4RegsFile 
*          1    000068c0    00000040     UNINITIALIZED
                  000068c0    00000040     F2802x_GlobalVariableDefs.obj (EPwm4RegsFile)

ECap1RegsFile 
*          1    00006a00    00000020     UNINITIALIZED
                  00006a00    00000020     F2802x_GlobalVariableDefs.obj (ECap1RegsFile)

GpioCtrlRegsFile 
*          1    00006f80    00000040     UNINITIALIZED
                  00006f80    00000040     F2802x_GlobalVariableDefs.obj (GpioCtrlRegsFile)

GpioDataRegsFile 
*          1    00006fc0    00000020     UNINITIALIZED
                  00006fc0    00000020     F2802x_GlobalVariableDefs.obj (GpioDataRegsFile)

GpioIntRegsFile 
*          1    00006fe0    0000000a     UNINITIALIZED
                  00006fe0    0000000a     F2802x_GlobalVariableDefs.obj (GpioIntRegsFile)

SysCtrlRegsFile 
*          1    00007010    0000001f     UNINITIALIZED
                  00007010    0000001f     F2802x_GlobalVariableDefs.obj (SysCtrlRegsFile)

SpiaRegsFile 
*          1    00007040    00000010     UNINITIALIZED
                  00007040    00000010     F2802x_GlobalVariableDefs.obj (SpiaRegsFile)

SciaRegsFile 
*          1    00007050    00000010     UNINITIALIZED
                  00007050    00000010     F2802x_GlobalVariableDefs.obj (SciaRegsFile)

NmiIntruptRegsFile 
*          1    00007060    00000010     UNINITIALIZED
                  00007060    00000010     F2802x_GlobalVariableDefs.obj (NmiIntruptRegsFile)

XIntruptRegsFile 
*          1    00007070    00000010     UNINITIALIZED
                  00007070    00000010     F2802x_GlobalVariableDefs.obj (XIntruptRegsFile)

AdcRegsFile 
*          1    00007100    00000051     UNINITIALIZED
                  00007100    00000051     F2802x_GlobalVariableDefs.obj (AdcRegsFile)

I2caRegsFile 
*          1    00007900    00000022     UNINITIALIZED
                  00007900    00000022     F2802x_GlobalVariableDefs.obj (I2caRegsFile)

.ebss      1    00008800    00000460     UNINITIALIZED
                  00008800    0000043e     ad5933.obj (.ebss)
                  00008c3e    00000002     --HOLE--
                  00008c40    00000018     F2802x_CpuTimers.obj (.ebss)
                  00008c58    00000004     rts2800_ml.lib : _lock.obj (.ebss)
                  00008c5c    00000004                    : exit.obj (.ebss)

PartIdRegsFile 
*          1    003d7fff    00000001     UNINITIALIZED
                  003d7fff    00000001     F2802x_GlobalVariableDefs.obj (PartIdRegsFile)

CsmPwlFile 
*          1    003f7ff8    00000008     UNINITIALIZED
                  003f7ff8    00000008     F2802x_GlobalVariableDefs.obj (CsmPwlFile)


GLOBAL SYMBOLS: SORTED ALPHABETICALLY BY Name 

address    name
--------   ----
ffffffff   .text
003f6624   C$$EXIT
003f61c8   FS$$ADD
003f62a8   FS$$MPY
003f61c3   FS$$SUB
003f6504   FS$$TOI
003f64b4   FS$$TOL
003f6529   I$$DIV
003f653a   I$$MOD
003f648a   L$$DIV
003f6499   L$$MOD
003f65bf   L$$TOFS
003f64a7   UL$$DIV
003f64ae   UL$$MOD
003f671b   _ADCINT1_ISR
003f6720   _ADCINT2_ISR
003f6725   _ADCINT3_ISR
003f672a   _ADCINT4_ISR
003f672f   _ADCINT5_ISR
003f6734   _ADCINT6_ISR
003f6739   _ADCINT7_ISR
003f673e   _ADCINT8_ISR
003f6743   _ADCINT9_ISR
00007100   _AdcRegs
00000b00   _AdcResult
00006400   _Comp1Regs
00006420   _Comp2Regs
00008c50   _CpuTimer0
00000c00   _CpuTimer0Regs
00008c40   _CpuTimer1
00000c08   _CpuTimer1Regs
00008c48   _CpuTimer2
00000c10   _CpuTimer2Regs
003f7ff8   _CsmPwl
00000ae0   _CsmRegs
003f6748   _DATALOG_ISR
00008000   _DSP28x_usDelay
00000880   _DevEmuRegs
003f66fd   _DisableDog
003f674d   _ECAP1_INT_ISR
00006a00   _ECap1Regs
003f6752   _EMUINT_ISR
003f6757   _EPWM1_INT_ISR
003f675c   _EPWM1_TZINT_ISR
003f6761   _EPWM2_INT_ISR
003f6766   _EPWM2_TZINT_ISR
003f676b   _EPWM3_INT_ISR
003f6770   _EPWM3_TZINT_ISR
003f6775   _EPWM4_INT_ISR
003f677a   _EPWM4_TZINT_ISR
00006800   _EPwm1Regs
00006840   _EPwm2Regs
00006880   _EPwm3Regs
000068c0   _EPwm4Regs
00000d01   _EmuBMode
00000d00   _EmuKey
00000a80   _FlashRegs
00000d04   _Flash_CPUScaleFactor
00000d02   _Flash_CallbackPtr
00006f80   _GpioCtrlRegs
00006fc0   _GpioDataRegs
00006fe0   _GpioIntRegs
003f677f   _I2CINT1A_ISR
003f6784   _I2CINT2A_ISR
003f66bf   _I2C_Init
003f654b   _I2C_Read
003f6424   _I2C_Write
00007900   _I2caRegs
003f6789   _ILLEGAL_ISR
003f678e   _INT13_ISR
003f6793   _INT14_ISR
003f663d   _InitI2CGpio
003f6458   _InitPeripheralClocks
003f656a   _InitPieCtrl
003f6697   _InitPieVectTable
003f6358   _InitPll
003f6655   _InitSciGpio
003f6655   _InitSciaGpio
003f65a5   _InitSysCtrl
003f66d0   _IntOsc1Sel
003f6798   _NMI_ISR
00007060   _NmiIntruptRegs
003f679d   _PIE_RESERVED
003d7fff   _PartIdRegs
00000ce0   _PieCtrlRegs
00000d00   _PieVectTable
003f6000   _PieVectTableInit
003f67a2   _RTOSINT_ISR
00000004   _RamfuncsLoadSize
003f61bf   _RamfuncsLoadStart
00008000   _RamfuncsRunStart
003f67a7   _SCIRXINTA_ISR
003f67ac   _SCITXINTA_ISR
003f67b1   _SPIRXINTA_ISR
003f67b6   _SPITXINTA_ISR
00007050   _SciaRegs
00007040   _SpiaRegs
00007010   _SysCtrlRegs
00000985   _SysPwrCtrlRegs
003f67bb   _TINT0_ISR
003f67c0   _USER10_ISR
003f67c5   _USER11_ISR
003f67ca   _USER12_ISR
003f67cf   _USER1_ISR
003f67d4   _USER2_ISR
003f67d9   _USER3_ISR
003f67de   _USER4_ISR
003f67e3   _USER5_ISR
003f67e8   _USER6_ISR
003f67ed   _USER7_ISR
003f67f2   _USER8_ISR
003f67f7   _USER9_ISR
003f67fc   _WAKEINT_ISR
003f6801   _XINT1_ISR
003f6806   _XINT2_ISR
003f680b   _XINT3_ISR
00007070   _XIntruptRegs
00000350   __STACK_END
00000300   __STACK_SIZE
00000001   __TI_args_main
ffffffff   ___binit__
ffffffff   ___c_args__
003f6823   ___cinit__
ffffffff   ___etext__
ffffffff   ___pinit__
ffffffff   ___text__
003f660b   __args_main
00008c5c   __cleanup_ptr
00008c5e   __dtors_ptr
00008c5a   __lock
003f66f4   __nop
003f66f0   __register_lock
003f66ec   __register_unlock
00000050   __stack
00008c58   __unlock
003f6624   _abort
003f63e7   _ad5933_init
003f6810   _ad5933_mode
003f623b   _ad5933_sweep
00008800   _ad5933_temp
003f64dd   _ad5993_GetTemperature
003f681f   _ad5993_status
003f66e0   _button_init
003f63a3   _c_int00
00008840   _data_part
003f6626   _exit
003f666b   _led_init
003f65d9   _led_off
003f65f2   _led_on
003f6302   _main
003f6815   _rsvd_ISR
003f6589   _scia_Byte2Hex
003f681a   _scia_PrintLF
003f66ab   _scia_echoback_init
003f6705   _scia_fifo_init
003f6681   _scia_msg
003f6714   _scia_xmit
ffffffff   binit
003f6823   cinit
003f7ff6   code_start
ffffffff   etext
ffffffff   pinit


GLOBAL SYMBOLS: SORTED BY Symbol Address 

address    name
--------   ----
00000001   __TI_args_main
00000004   _RamfuncsLoadSize
00000050   __stack
00000300   __STACK_SIZE
00000350   __STACK_END
00000880   _DevEmuRegs
00000985   _SysPwrCtrlRegs
00000a80   _FlashRegs
00000ae0   _CsmRegs
00000b00   _AdcResult
00000c00   _CpuTimer0Regs
00000c08   _CpuTimer1Regs
00000c10   _CpuTimer2Regs
00000ce0   _PieCtrlRegs
00000d00   _EmuKey
00000d00   _PieVectTable
00000d01   _EmuBMode
00000d02   _Flash_CallbackPtr
00000d04   _Flash_CPUScaleFactor
00006400   _Comp1Regs
00006420   _Comp2Regs
00006800   _EPwm1Regs
00006840   _EPwm2Regs
00006880   _EPwm3Regs
000068c0   _EPwm4Regs
00006a00   _ECap1Regs
00006f80   _GpioCtrlRegs
00006fc0   _GpioDataRegs
00006fe0   _GpioIntRegs
00007010   _SysCtrlRegs
00007040   _SpiaRegs
00007050   _SciaRegs
00007060   _NmiIntruptRegs
00007070   _XIntruptRegs
00007100   _AdcRegs
00007900   _I2caRegs
00008000   _DSP28x_usDelay
00008000   _RamfuncsRunStart
00008800   _ad5933_temp
00008840   _data_part
00008c40   _CpuTimer1
00008c48   _CpuTimer2
00008c50   _CpuTimer0
00008c58   __unlock
00008c5a   __lock
00008c5c   __cleanup_ptr
00008c5e   __dtors_ptr
003d7fff   _PartIdRegs
003f6000   _PieVectTableInit
003f61bf   _RamfuncsLoadStart
003f61c3   FS$$SUB
003f61c8   FS$$ADD
003f623b   _ad5933_sweep
003f62a8   FS$$MPY
003f6302   _main
003f6358   _InitPll
003f63a3   _c_int00
003f63e7   _ad5933_init
003f6424   _I2C_Write
003f6458   _InitPeripheralClocks
003f648a   L$$DIV
003f6499   L$$MOD
003f64a7   UL$$DIV
003f64ae   UL$$MOD
003f64b4   FS$$TOL
003f64dd   _ad5993_GetTemperature
003f6504   FS$$TOI
003f6529   I$$DIV
003f653a   I$$MOD
003f654b   _I2C_Read
003f656a   _InitPieCtrl
003f6589   _scia_Byte2Hex
003f65a5   _InitSysCtrl
003f65bf   L$$TOFS
003f65d9   _led_off
003f65f2   _led_on
003f660b   __args_main
003f6624   C$$EXIT
003f6624   _abort
003f6626   _exit
003f663d   _InitI2CGpio
003f6655   _InitSciGpio
003f6655   _InitSciaGpio
003f666b   _led_init
003f6681   _scia_msg
003f6697   _InitPieVectTable
003f66ab   _scia_echoback_init
003f66bf   _I2C_Init
003f66d0   _IntOsc1Sel
003f66e0   _button_init
003f66ec   __register_unlock
003f66f0   __register_lock
003f66f4   __nop
003f66fd   _DisableDog
003f6705   _scia_fifo_init
003f6714   _scia_xmit
003f671b   _ADCINT1_ISR
003f6720   _ADCINT2_ISR
003f6725   _ADCINT3_ISR
003f672a   _ADCINT4_ISR
003f672f   _ADCINT5_ISR
003f6734   _ADCINT6_ISR
003f6739   _ADCINT7_ISR
003f673e   _ADCINT8_ISR
003f6743   _ADCINT9_ISR
003f6748   _DATALOG_ISR
003f674d   _ECAP1_INT_ISR
003f6752   _EMUINT_ISR
003f6757   _EPWM1_INT_ISR
003f675c   _EPWM1_TZINT_ISR
003f6761   _EPWM2_INT_ISR
003f6766   _EPWM2_TZINT_ISR
003f676b   _EPWM3_INT_ISR
003f6770   _EPWM3_TZINT_ISR
003f6775   _EPWM4_INT_ISR
003f677a   _EPWM4_TZINT_ISR
003f677f   _I2CINT1A_ISR
003f6784   _I2CINT2A_ISR
003f6789   _ILLEGAL_ISR
003f678e   _INT13_ISR
003f6793   _INT14_ISR
003f6798   _NMI_ISR
003f679d   _PIE_RESERVED
003f67a2   _RTOSINT_ISR
003f67a7   _SCIRXINTA_ISR
003f67ac   _SCITXINTA_ISR
003f67b1   _SPIRXINTA_ISR
003f67b6   _SPITXINTA_ISR
003f67bb   _TINT0_ISR
003f67c0   _USER10_ISR
003f67c5   _USER11_ISR
003f67ca   _USER12_ISR
003f67cf   _USER1_ISR
003f67d4   _USER2_ISR
003f67d9   _USER3_ISR
003f67de   _USER4_ISR
003f67e3   _USER5_ISR
003f67e8   _USER6_ISR
003f67ed   _USER7_ISR
003f67f2   _USER8_ISR
003f67f7   _USER9_ISR
003f67fc   _WAKEINT_ISR
003f6801   _XINT1_ISR
003f6806   _XINT2_ISR
003f680b   _XINT3_ISR
003f6810   _ad5933_mode
003f6815   _rsvd_ISR
003f681a   _scia_PrintLF
003f681f   _ad5993_status
003f6823   ___cinit__
003f6823   cinit
003f7ff6   code_start
003f7ff8   _CsmPwl
ffffffff   .text
ffffffff   ___binit__
ffffffff   ___c_args__
ffffffff   ___etext__
ffffffff   ___pinit__
ffffffff   ___text__
ffffffff   binit
ffffffff   etext
ffffffff   pinit

[162 symbols]
